border_size=1
usage=map

Gs, Gs^Fdw, Hh, Hh, Hhd, Hhd, Hhd, Hhd, Hhd, Hhd, Hhd, Hhd, Hhd, Hhd, Hhd, Hhd, Md, Md, Md, Md, Md, Md, Md, Md, Md, Md, Md^Xm, Mm, Mm, Mm, Md^Xm, Mm, Qlf, Md, Md, Uh, Uh, Qlf, Qlf, Qlf, Qlf, Qlf, Qlf, Qlf, Qlf, Qlf, Qlf, Qlf, Qlf, Qlf, Qlf, Qlf, Xu, Xu, Xu, Xu, Xu, Xu, Xu, Xu, Xu
Gs, Gs, Re, Re^Fdw, Re, Hhd^Fdw, Hhd, Re, Uh, Re, Hhd, Hhd, Re, Hhd, Hhd, Hhd, Mm^Xm, Md, Qlf, Qlf, Qlf, Md, Md, Md, Md^Xm, Md^Xm, Md^Xm, Md^Xm, Md^Xm, Md^Xm, Qlf, Md^Xm, Md, Qlf, Qlf, Qlf, Qlf, Qlf, Qlf, Qlf, Qlf, Cud, Cud, Qlf, Qlf, Qlf, Qlf, Qlf, Qlf, Qlf, Qlf, Qlf, Xu, Xu, Xu, Xu, Xu, Xu, Xu, Xu, Xu
Hhd, Hh^Fdw, Hhd, Hh, Hhd, Hhd, Re, Hhd, Re, Hhd, Hhd, Hhd, Hhd, Hhd, Hhd, Md, Md, Md, Qlf, Qlf, Mm, Mv, Md^Xm, Md^Xm, Md^Xm, Md, Md, Md, Xu, Qlf, Qlf, Xu, Qlf, Qlf, Qlf, Qlf, Xu, Qlf, Qlf, Qlf, Qlf, Cud, 4 Kud, Cud, Cud, Qlf, Qlf, Qlf, Qlf, Qlf, Xu, Xu, Xu, Xu, Xu, Xu, Xu, Xu, Xu, Xu, Xu
Hhd, Uh, Uh, Re, Re^Fdw, Hhd, Uh, Hhd, Re, Re, Md, Hhd, Hhd, Hhd, Qlf, Qlf, Qlf, Qlf, Mm, Qlf, Md^Xm, Mm, Md^Xm, Md, Md, Md, Md, Xu, Md, Md, Qlf, Qlf, Qlf, Qlf, Qlf, Qlf, Qlf, Qlf, Qlf, Qlf, Qlf, Cud, Cud, Cud, Qlf, Qlf, Qlf, Qlf, Qlf, Qlf, Qlf, Uh, Xu, Xu, Xu, Xu, Xu, Xu, Xu, Xu, Xu
Hhd, Hhd^Fdw, Uh, Re, Re, Hhd, Hhd, Md, Md, Re, Hhd, Re, Re, Hhd, Hhd, Qlf, Md, Md^Xm, Md^Xm, Md^Xm, Md^Xm, Md^Xm, Md^Xm, Md^Xm, Md, Md, Qlf, Md, Uh, Md, Qlf, Qlf, Qlf, Qlf, Qlf, Qlf, Qlf, Qlf, Qlf, Qlf, Urb, Urb, Qlf, Qlf, Qlf, Xu, Qlf, Qlf, Qlf, Xu, Qlf, Uh, Xu, Xu, Xu, Xu, Xu, Xu, Xu, Xu, Xu
Hhd, Hhd, Re, Hhd, Wo, Re, Md, Md, Md, Md, Re, Md, Re, Hhd, Hhd, Qlf, Md, Md, Md, Md^Xm, Md^Xm, Md, Md, Md, Md, Md, Uh, Hhd, Hhd, Md, Qlf, Qlf, Qlf, Qlf, Qlf, Qlf, Qlf, Qlf, Urb, Ur, Urb, Urb, Qlf, Qlf, Qlf, Qlf, Qlf, Qlf, Qlf, Qlf, Uh, Md^Xm, Xu, Xu, Xu, Xu, Xu, Xu, Xu, Xu, Xu
Hhd, Hhd, Hhd, Hhd, Hhd, Wo, Hhd, Md, Hhd, Hhd, Re, Re, Hhd, Hhd, Hhd, Hhd, Md, Md^Xm, Md^Xm, Md^Xm, Md^Xm, Md, Md, Md, Md, Hhd, Qlf, Uh, Qlf, Uh, Qlf, Qlf, Qlf, Qlf, Qlf, Qlf, Qlf, Ur, Urb, Urb, Ur, Qlf, Qlf, Qlf, Qlf, Qlf, Qlf, Qlf, Qlf, Mm^Xm, Xu, Xu, Xu, Xu, Xu, Xu, Xu, Xu, Xu, Xu, Xu
Hhd, Hhd, Hhd, Re, Re, Wo, Wo, Hhd, Re, Hhd, Re, Hhd, Re, Re, Hhd, Hhd, Md, Md, Md^Xm, Md^Xm, Md^Xm, Hhd, Md, Md, Hhd, Uh, Re, Qlf, Qlf, Qlf, Uh, Qlf, Qlf, Qlf, Qlf, Qlf, Ur, Urb, Urb, Urb, Qlf, Qlf, Qlf, Qlf, Qlf, Qlf, Qlf, Qlf, Uh, Uh, Xu, Xu, Xu, Xu, Xu, Xu, Xu, Xu, Xu, Xu, Xu
Hhd, Uh, Uh, Hhd, Hhd, Wo, Ai, Wo, Hhd, Re, Hhd, Re, Uh, Mm, Dd, Hhd, Md, Md^Xm, Md, Md, Md, Md, Hhd, Md, Hhd, Md, Uh, Qlf, Qlf, Hhd, Uh, Hhd, Uh, Qlf, Qlf, Ur, Urb, Urb, Ur, Ur, Qlf, Qlf, Qlf, Qlf, Qlf, Qlf, Qlf, Xu, Md, Xu, Xu, Xu, Xu, Xu, Xu, Xu, Qxu, Xu, Xu, Xu, Xu
Hhd, Hhd, Re, Hhd, Aa, Ms, Ha, Re, Hhd, Re, Hhd, Hd, Dd, Re^Vct, Re, Re, Md, Md, Md, Hhd, Md, Hhd, Md, Md, Md, Md, Hhd, Uh, Qlf, Uh, Uh, Uh, Hhd, Uh, Uh, Ur, Urb, Urb, Md, Qlf, Qlf, Qlf, Qlf, Qlf, Qlf, Qlf, Qlf, Md, Md, Md^Xm, Xu, Xu, Xu, Xu, Qxu, Qxu, Qxu, Qxu, Qxu, Qxu, Xu
Hhd, Hhd, Hhd, Aa, Ha, Ha, Aa, Aa, Hhd, Re, Hhd, Hd, Re, Hd, Md, Hhd, Md, Hhd, Hhd, Md, Md, Md, Hhd, Md, Qlf, Re, Qlf, Re, Uh, Qlf, Re, Qlf, Uh, Ur, Qlf, Ur, Urb, Ur, Uh, Qlf, Qlf, Qlf, Qlf, Qlf, Qlf, Qlf, Qlf, Md, Xu, Xu, Xu, Xu, Xu, Xu, Qxu, Qxu, Cud, Qxu, Cud, Qxu, Qxu
Hhd, Hhd, Ha, Ha, Ha, Ha, Ha, Aa, Ms, Hhd, Hhd, Hhd, Re, Hhd, Hhd, Re, Re, Hhd, Hhd, Hhd, Hhd, Hhd, Re, Hhd, Uh, Uh, Re, Qlf, Qlf, Hhd, Qlf, Qlf, Hhd, Qlf, Urb, Urb, Re, Uh, Qlf, Qlf, Md, Md, Qlf, Qlf, Qlf, Qlf, Qlf, Md, Xu, Xu, Xu, Xu, Xu, Qxu, Qxu, Qxu, Qxu, Cud, Cud, Cud, Cud
Hhd, Hhd, Ms, Ms, Ms, Hhd, Ms, Hhd, Hhd, Re, Hhd, Hhd, Hd, Hhd, Hhd, Hhd, Hhd, Hhd, Re, Hhd, Hhd, Re, Re, Hhd, Hhd, Qlf, Uh, Qlf, Hhd, Qlf, Hhd, Uh, Ur, Ur, Ur, Uh, Uh, Re, Uh, Hhd, Uh, Md, Qlf, Qlf, Md, Md, Md, Xu, Xu, Xu, Xu, Xu, Qxu, Qxu, Cud, Qxu, Cud, Cud, Cud, 5 Kud, Cud
Md, Ms, Ms, Md, Md, Ms, Md, Ms, Md, Md, Md, Uh, Dd, Dd, Hhd, Re, Re, Hhd, Hhd, Re, Md, Hhd, Hhd, Hhd, Ur, Re, Qlf, Re, Hhd, Re, Uh, Uh, Re, Uh, Re, Re, Hhd, Hhd, Hhd, Hhd, Ur, Hhd, Md, Md, Uh, Md, Md, Xu, Xu, Xu, Qxu, Qxu, Cud, Cud, Cud, Cud, Cud, Cud, Cud, Cud, Cud
Md, Md, Md, Md^Xm, Md, Md, Md^Xm, Md^Xm, Md^Xm, Md, Md, Uh, Hhd, Uh, Hhd, Hhd, Md, Md, Md, Md, Hhd, Re, Hhd, Qlf, Qlf, Qlf, Qlf, Re, Re, Hhd, Hhd, Re, Uh, Uh, Qlf, Re, Ur, Qlf, Uh, Uh, Uh, Ur, Md, Md, Md, Md, Uh, Md, Uh, Xu, Ur, Ur, Cud, Cud, Qxu, Cud, Ur, Cud, Qxu, Cud, Qxu
Md, Md, Md, Md, Md, Md, Md, Md^Xm, Md^Xm, Md, Md, Hhd, Re, Hhd, Hhd, Hhd, Md, Md^Xm, Md, Md, Md, Re, Hd, Qlf, Hhd, Re, Uh, Uh, Re, Re, Re, Hhd, Hhd, Qlf, Qlf, Qlf, Uh, Uh, Uh, Qlf, Hhd, Hhd, Md, Uh, Uh, Md, Uh, Md, Md, Ur, Ur, Ur, Ur, Qxu, Qxu, Qxu, Qxu, Qxu, Xu, Qxu, Xu
Md^Xm, Md, Md^Xm, Md^Xm, Md^Xm, Md, Md, Md^Xm, Md^Xm, Md, Md, Hhd, Uh, Re, Re, Hhd, Hhd, Md, Md, Hhd, Hhd, Hhd, Re, Hd, Hhd, Hhd, Hhd, Uh, Uh, Uh, Re, Re, Hhd, Hhd, Uh, Hhd, Uh, Hhd, Uh, Uh, Hhd, Ur, Md, Uh, Ur, Ur, Ur, Ur, Ur, Ur, Ur, Ur, Xu, Uh, Xu, Xu, Xu, Xu, Xu, Qxu, Xu
Md^Xm, Md^Xm, Md^Xm, Md^Xm, Md^Xm, Md^Xm, Md^Xm, Md^Xm, Md, Md, Hhd, Hhd, Hhd, Hhd, Uh, Hhd, Uh, Re, Hhd, Hhd, Re, Hhd, Hhd, Re, Hhd, Re, Re, Uh, Re, Hhd, Re, Hhd, Re, Uh, Uh, Hhd, Hhd, Uh, Uh, Hhd, Ur, Hhd, Ur, Ur, Ur, Ur, Ur, Uh, Ur, Ur, Md, Ur, Md, Xu, Md, Md, Xu, Xu, Xu, Xu, Xu
Md^Xm, Md^Xm, Md^Xm, Md^Xm, Md^Xm, Md^Xm, Md^Xm, Md^Xm, Md, Md, Hhd, Hhd, Uh, Uh, Uh, Hhd, Hhd, Hhd, Uh, Re, Hhd, Re, Uh, Re, Re, Uh, Ur, Ur, Re, Re, Hhd, Re^Vct, Hhd, Re, Md, Uh, Ur, Ur, Ur, Ur, Ur, Ur, Uh, Ur, Uh, Ur, Md, Ur, Ur, Md, Uh, Md, Md, Md, Ms, Md, Ms^Xm, Xu, Ms^Xm, Xu, Xu
Md^Xm, Md^Xm, Md^Xm, Md^Xm, Md^Xm, Uh, Uh, Md, Mm^Xm, Md, Hhd, Hhd, Uh, Uh, Wog, Hhd, Hhd, Hhd, Hhd, Uh, Wog, Uh, Wog, Re, Hhd, Re, Re, Hhd, Hhd, Re, Hhd, Re, Hhd, Uh, Hhd, Ur, Ur, Ur, Ur, Ur, Uh, Ur, Hhd, Uh, Md, Uh, Md, Md, Uh, Md, Md, Md, Ms, Ms^Xm, Ms, Ms, Ms, Ms^Xm, Ms^Xm, Ms^Xm, Ms^Xm
Md^Xm, Md^Xm, Md, Md^Xm, Uh, Md, Uh, Md, Md, Md, Hhd, Uh, Hhd, Wog, Wog, Wog, Wog, Re, Hhd, Wog, Wog, Wog, Wog, Re, Hhd, Re, Hhd, Hhd, Re^Vct, Re, Ce, Hhd, Ce, Re, Re, Re^Vct, Hhd, Ur, Re, Hd, Uh, Uh, Uh, Ur, Md, Md, Uh, Uh, Md, Ms, Ha, Md, Ms, Ms, Md, Md, Ms, Ms^Xm, Ms^Xm, Ms^Xm, Ms^Xm
Md, Md, Uh, Uh, Uh, Uh, Md, Uh, Md, Hhd, Hhd, Hhd, Hhd, Wog, Hhd, Hhd, Hhd, Hhd, Hhd, Wog, Wog, Wog, Wog, Hhd, Wog, Re^Vct, Hhd, Re, Hhd, Re, Ce, 1 Ke, Ce, Hhd, Re, Hhd, Re, Hhd, Ur, Hd, Ha, Hhd, Uh, Aa, Md, Ms, Md, Md, Ms, Uh, Ms, Ms, Md, Ha, Ha, Ms, Ms, Ms, Ms^Xm, Ms^Xm, Ms^Xm
Wog, Uh, Uh, Uh, Wog, Uh, Uh, Uh, Uh, Md, Md, Hhd, Hhd, Hhd, Hhd, Hhd, Hhd, Hhd, Hhd, Wog, Wog, Wog, Wog, Wog, Re, Hhd, Re, Ce, Ce, Hhd, Hhd, Re, Hhd, Hhd, Re^Vct, Re, Re, Ha, Hhd, Ha, Ur, Ha, Hhd, Hhd, Md, Ms, Ms, Hhd, Md, Ha, Ha, Md, Ms, Ha, Ms, Ms, Ms, Ms, Ms, Ms^Xm, Ms
Wog, Wog, Wog, Wog, Wog, Wog, Wog, Wog, Uh, Uh, Md, Md, Md, Hhd, Ur, Ur, Wog, Hhd, Uh, Uh, Wog, Wog, Wog, Wog, Wog, Uh, Hhd, Ce, Ce, 2 Ke, Ce, Hhd, Re, Re, Re, Hhd, Hhd, Hhd, Ur, Ur, Ha, Ha, Ha, Ha, Hhd, Md, Ms, Ms, Ms, Ms, Ms, Md, Md, Md, Ms, Ms^Xm, Ms, Ms, Ms, Ms, Ms
Wog, Wog, Wog, Wog, Uh, Wog, Wog, Uh, Md, Uh, Md, Md, Ur, Ur, Hhd, Ur, Ur, Re, Uh, Wog, Wog, Wog, Uh, Wog, Uh, Hhd, Hhd, Ce, Re^Vct, Ce, Ur, Hhd, Hhd, Hhd, Rb, Re, Hhd, Hhd, Hhd, Ur, Ha, Hhd, Re, Hhd, Ha, Hhd, Md, Md, Ms, Ms, Ms, Ms, Ms, Md, Ms, Ms, Ai, Ms, Ha, Aa, Ms
Wog, Wog, Wog, Wog, Wog, Wog, Wog, Uh, Ur, Ur, Ur, Ur, Md, Md, Hhd, Ur, Hhd, Re, Ur, Ur, Re, Wog, Ur, Ur, Ur, Hhd, Hhd, Re, Hhd, Hhd, Hhd, Re^Vct, Hhd, Hd, Hhd, Re, Hhd, Aa, Re, Ha, Rb, Re, Ha, Ha, Hhd, Hhd, Md, Md, Re, Aa, Aa, Ms, Cha, Ms, Ai, Ai, Ai, Ha, Aa, Ha, Ms
Wog, Wog, Chw, Wog, Chw, Wog, Ur, Ur, Ur, Uh, Uh, Uh, Uh, Md, Md, Md, Md, Hhd, Hhd, Ur, Re, Re, Re, Ur, Hhd, Re, Hhd, Hd, Hhd, Re, Hhd, Hhd, Re, Re, Re, Hhd, Uh, Hhd, Aa, Rb, Hhd, Hhd, Re, Ha, Ha, Hhd, Aa, Aa, Aa, Aa, Ms, Aa, Aa, Ms, Aa, Ha, Cha, Aa, Cha, Ms, Ha
Wog, Wog, Wog, Chw, 9 Kh, Chw, Chw, Ur, Wog, Uh, Md, Uh, Uh, Md, Uh, Md, Uh, Md, Md, Hhd, Re, Hhd, Re, Re, Re, Re, Hhd, Hd, Hd, Re, Re, Re, Ur, Ur, Ur, Uh, Hhd, Aa, Ha, Ha, Re, Aa, Re, Hhd, Re, Re, Ha, Md, Ms, Ms, Ms, Aa, Ms, Aa, Ha, Aa, Cha, Cha, 6 Kha, Ms, Ha
Wog, Wog, Wog, Chw, Chw, Chw, Wog, Wog, Wog, Wog, Uh, Uh, Uh, Uh, Uh, Md, Md, Mm^Xm, Md, Hd, Hhd, Hd, Hd, Hd, Re, Hhd, Hd, Hd, Uh, Uh, Re, Rb, Hhd, Ur, Re, Hhd, Hhd, Uh, Hhd, Ha, Hhd, Re, Hhd, Aa, Aa, Ha, Hhd, Md, Ms, Md, Ms, Aa, Ms, Ai, Ha, Ms, Cha, Aa, Cha, Ms, Ms
Wog, Wog, Wog, Wog, Wog, Chw, Wog, Wog, Wog, Wog, Wog, Md, Uh, Md, Md, Uh, Md, Md, Md, Hd, Hd, Hhd, Hd, Hhd, Re, Re, Re, Hd, Re, Hhd, Hd, Hd, Hhd, Re, Uh, Hhd, Md, Hhd, Ur, Hhd, Hhd, Aa, Aa, Hhd, Ha, Ha, Md, Md, Ms, Ms, Md, Md, Ms, Ai, Ai, Ha, Ha, Ms, Cha, Ha, Ha
Wog, Wog, Wog, Wog, Wog, Wog, Wog, Wog, Wog, Wog, Wog, Uh, Uh, Md, Uh, Uh, Md, Md, Re, Re, Re, Mm, Hhd, Hd, Hhd, Re, Hd, Hhd, Re, Hhd, Re, Hhd, Hd, Hd, Re, Hhd, Hhd, Hhd, Hhd, Ur, Rb, Hhd, Hhd, Hhd, Hhd, Ha, Md, Md, Ms, Ms, Md, Md, Md, Ms, Ms^Xm, Aa, Ha, Ms, Ai, Aa, Ms
Wog, Wog, Wog, Wog, Wog, Wog, Wog, Wog, Wog, Wog, Wog, Uh, Uh, Uh, Md, Md, Uh, Md, Md, Md, Md, Hd, Mm, Rb, Rb, Hd, Rd, Rb, Hhd, Re, Re, Re, Hd, Hhd, Re, Hhd, Uh, Hhd, Rb, Hhd, Ur, Ur, Uh, Uh, Uh, Md, Md^Xm, Md, Md, Ms, Md, Md, Md, Mm^Xm, Mm^Xm, Ms^Xm, Mm^Xm, Ms, Md, Ai, Wog
Wog, Wog, Wog, Wog, Wog, Wog, Wog, Wog, Wog, Wog, Uh, Wog, Uh, Uh, Md, Md, Md, Md, Md, Md, Md, Hd, Hd, Hd, Rd, Hhd, Hhd, Hd, Hd, Hd, Hhd, Hd, Hhd, Ur, Hhd, Hhd, Uh, Uh, Hhd, Uh, Uh, Ur, Rb, Rb, Mm, Md^Xm, Wog, Md, Wog, Wog, Wog, Uh, Md, Md, Mm^Xm, Mm^Xm, Ms, Ms^Xm, Ms, Ai, Ai
Wog, Wog, Wog, Uh, Wog, Wog, Wog, Wog, Wog, Uh, Uh, Md, Uh, Md, Uh, Md, Md, Md, Md, Md, Md, Hd, Rd, Re, Md, Re, Md, Hd, Md, Hhd, Hd, Hd, Hhd, Hhd, Hhd, Hhd, Md, Hhd, Md, Uh, Md, Uh, Md, Rb, Rb, Md^Xm, Md^Xm, Wog, Mm^Xm, Uh, Mm^Xm, Wog, Wog, Md, Md, Mm^Xm, Ms, Ms, Ms, Wog, Wog
Wog, Wog, Wog, Wog, Wog, Wog, Wog, Wog, Uh, Md, Uh, Md, Md, Md, Md, Md, Md, Md, Md, Rd, Re, Re, Rd, Md, Md, Md, Hd, Md, Md, Md, Md, Md, Md, Ur, Md, Md, Md, Md, Md, Md, Uh, Md, Uh, Uh, Rb, Md^Xm, Rb, Urb, Urb, Mm^Xm, Mm^Xm, Uh, Wog, Md, Ms, Md, Ms, Ms, Ms, Wog, Wog
Wog, Wog, Wog, Wog, Wog, Wog, Md, Uh, Md, Md, Md, Md, Md, Md, Md, Md, Md, Md, Md, Md, Dd, Md, Rd, Md, Md, Md, Md, Md, Md, Md, Md^Xm, Md, Md, Ur, Ur, Md, Md, Md, Md, Uh, Md, Wog, Uh, Md^Xm, Md^Xm, Urb, Md^Xm, Uh, Uh, Urb, Uh, Uh, Ms^Xm, Uh, Uh, Hhd, Ms, Ms, Uh, Md, Md
Wog, Wog, Wog, Wog, Wog, Wog, Uh, Uh, Md, Uh, Md, Md, Hd, Md, Dd, Md, Rd, Rd, Dd, Dd, Dd, Re, Dd, Rd, Md, Md, Md, Md, Md, Md^Xm, Md^Xm, Md, Md^Xm, Ur, Ur, Md, Md, Md, Md, Uh, Uh, Wog, Wog, Md^Xm, Wog, Md^Xm, Md^Xm, Uh, Uh, Urb, Urb, Md^Xm, Md^Xm, Md^Xm, Uu, Uu, Uu, Uu, Aa, Aa, Uu
Wog, Wog, Uh, Wog, Md, Md, Uh, Md, Md^Xm, Md, Md, Hd, Re, Dd, Re, Dd, Re, Dd, Re, Re, Rd, Re, Re, Md, Md, Md, Md, Md^Xm, Md^Xm, Md^Xm, Md^Xm, Hhd, Md^Xm, Md^Xm, Ur, Md^Xm, Md^Xm, Md, Md^Xm, Md^Xm, Md^Xm, Md, Md, Wog, Uh, Uh, Wog, Uh, Ms^Xm, Uh, Md^Xm, Urb, Urb, Uu, Ql, Ql, Ql, Ql, Qxu, Ql, Qxu
Mm^Xm, Uh, Uh, Uh, Md, Md, Md^Xm, Md^Xm, Mm, Md, Cdr, Rb, Hd, Dd, Re, Dd, Re, Re, Re, Rd, Dd, Re, Md, Md, Md, Md, Md, Md^Xm, Md^Xm, Md^Xm, Hhd, Md^Xm, Hhd, Ur, Ur, Md^Xm, Hhd, Md^Xm, Md^Xm, Md^Xm, Md^Xm, Md^Xm, Md, Wog, Wog, Md^Xm, Wog, Wog, Ai, Wog, Ms, Uu, Ql, Urb, Urb, Ql, Qxu, Qxu, Urb, Qxu, Uu
Mm^Xm, Uh, Mm^Xm, Md, Md, Md, Md^Xm, Mm, Md, Dd, Cdr, Cdr, Hd, Rb, Dd, Rb, Dd, Dd, Dd, Re, Re, Hd, Md, Md, Md, Md, Md^Xm, Md^Xm, Md^Xm, Hhd, Mm^Xm, Hhd, Hhd, Ur, Ur, Ur, Hhd, Hhd, Hhd, Md^Xm, Md^Xm, Md^Xm, Md, Wog, Md^Xm, Wog, Md^Xm, Uh, Md, Ms, Uu, Uu, Ql, Ql, Ql, Urb, Urb, Urb, Cud, Cud, Uh
Md, Md, Md, Uh, Md, Md^Xm, Md, Md, Md, Cdr, Re, 8 Kdr, Rb, Rb, Re, Re, Dd, Re, Dd, Re, Hd, Hd, Md, Md, Md, Md, Md^Xm, Md^Xm, Md^Xm, Hhd, Hhd, Mm^Xm, Hhd, Ch, Ch, Ch, Hhd, Hhd, Md^Xm, Md^Xm, Md^Xm, Md, Md^Xm, Md, Md, Uh, Md^Xm, Uh, Uh, Md, Wog, Ql, Ql, Ql, Qxu, Qxu, Urb, Urb, Cud, Cud, Cud
Mm^Xm, Md, Md, Md, Md, Md^Xm, Md, Hd, Hd, Rd, Hd, Cdr, Re, Rd, Re, Rb, Dd, Md, Dd, Dd, Md, Hd, Md, Md, Md, Md^Xm, Md, Md^Xm, Md^Xm, Hhd, Hhd, Hhd, Ch, Ch, 7 Kh, Ch, Ch, Hhd, Hhd, Md^Xm, Md^Xm, Md^Xm, Md, Md, Md, Uh, Uh, Uh, Md^Xm, Uh, Uu, Ql, Ql, Ql, Qxu, Qxu, Uu, Cud, Cud, 3 Kud, Cud
Mm^Xm, Mm^Xm, Md, Md, Md, Md, Md, Md, Dd, Dd, Dd, Hd, Hd, Dd, Rd, Dd, Re, Dd, Hd, Dd, Dd, Md, Md, Md, Md, Md^Xm, Md, Md^Xm, Md^Xm, Md^Xm, Md^Xm, Md^Xm, Hhd, Ch, Ch, Ch, Hhd, Hhd, Md^Xm, Md^Xm, Md^Xm, Md^Xm, Md, Md, Md, Md, Wog, Uh, Uh, Uh, Uu, Ql, Ql, Qxu, Qxu, Qxu, Uh, Cud, Cud, Cud, Cud
Mm^Xm, Mm^Xm, Md, Md, Md, Md, Md, Md, Md, Md, Md, Dd, Dd, Rd, Dd, Hd, Dd, Hd, Hd, Dd, Dd, Md, Ds, Md, Md, Md, Md, Md^Xm, Md^Xm, Md^Xm, Md^Xm, Md^Xm, Md^Xm, Hhd, Hhd, Hhd, Uh, Md^Xm, Md^Xm, Md^Xm, Md^Xm, Md^Xm, Md, Wog, Wog, Wog, Wog, Wog, Wog, Ms^Xm, Ms, Md, Ql, Qxu, Qxu, Qxu, Qxu, Uh, Uu, Uu, Uu
