border_size=1
usage=map

Gs, Gs, Gs, Gs, Gs, Gs, Gs, Gs, Gs, Gs, Gs, Gg, Gs, Gg, Gs, Gg, Gg, Gs, Gg, Rd, Gg, Gg, Gg, Gg, Gg, Gg, Gg, Gg, Gg, Gg, Gg, Gg, Gg, Gg, Gg, Gg, Gg, Gg, Gg, Gg, Hh, Hh, Hh, Hh
Gs, Gs, Gs, Gg, Gs, Gs, Gg, Gs, Gs, Gs, Gg, Gs, Gs, Gg, Gs, Gs, Gg, Gg, Gs, Gg, Rd, Rd, Gg, Gg, Gg, Gg, Gg, Gg, Gg, Gg, Hh, Gg, Gg, Gg, Gg, Hh, Gg, Gg, Hh, Hh^Vhh, Hh, Hh, Mm, Hh
Gs, Gg, Gg, Gs, Gs, Gs, Gs, Gs, Gg, Gs, Gg, Gs, Gs, Gs, Gg, Gs, Gs, Gg, Gg, Gg, Gg, Rd, Gg, Gg, Gg, Gg, Gg, Gg, Gg, Hh, Gg, Gg, Gs^Fms, Gg, Gg, Gg, Gg, Gll, Hh, Hh, Hh, Mm, Mm, Hh
Gs, Hh, Hh, Gs, Gg, Hh, Gg, Gs, Gg, Gs, Hh, Gg, Gg, Gg, Gg, Gg, Gg, Gg, Gg, Gg, Rd, Gg, Gg, Gg, Gg, Gg, Gg, Gg, Gg, Gg, Gs, Gg, Gs^Fds, Gg, Gs^Fds, Gs^Fds, Gs^Fds, Gll^Fds, Hh^Fds, Hh^Fds, Mm, Hh^Fds, Hh^Fds, Hh^Fds
Gs, Gs, Hh, Gg, Hh, Gg, Gs, Hh, Gs, Gg, Gg, Gg, Gs, Gg, Gg, Gg, Gg, Gg, Gg, Gg, Gg, Rd, Gg, Gg, Gg, Gg, Gll^Fms, Gg, Gs, Gs, Gs, Gll^Fds, Gs^Fds, Gs^Fds, Gs, Gs^Fds, Gs^Fds, Hh^Fds, Hh^Fds, Hh^Fds, Hh^Fds, Hh^Fds, Hh^Fds, Hh^Fds
Hh, Hh, Hh, Hh, Hh^Vhh, Hh, Hh, Hh, Hh, Gg, Hh, Gs, Gg, Gg, Gg, Gs, Gg, Gg, Gg, Gg, Gg, Gg, Rd, Gg, Gs, Gs, Gs^Fds, Gs^Fds, Gs, Gg, Gs, Gs, Gs, Gll^Fds, Gll^Fds, Gll^Fds, Gs^Fms, Gs^Fds, Gg, Hh^Fds, Gs^Fds, Hh^Fms, Hh^Fds, Hh^Fds
Hh, Mm, Hh, Hh, Gg, Hh, Hh, Gg, Hh, Gg, Hh, Gg, Gs, Gg, Gg, Gg, Gg, Gg, Gs, Gg, Gg, Rd, Rd, Gg, Gg, Gs^Fds, Gs^Fds, Gs^Fms, Gs^Fds, Gs^Fds, Gll^Fds, Gs, Gs^Fms, Gs^Fds, Gs, Gll^Fds, Gll^Fms, Gll^Fds, Gll, Gs^Fds, Gs^Fds, Gs^Fms, Gs^Fds, Hh^Fds
Mm, Hh, Hh, Hh, Hh, Hh, Hh^Fms, Hh, Hh, Gg, Hh, Gg, Gg, Gg, Gg, Gs, Gg, Gg, Gg, Gg, Gg, Gs^Fds, Rd, Gg, Gs^Fds, Gs^Fds, Gs^Fds, Gll, Gll, Gll^Fds, Gs^Fds, Gll^Fms, Gll^Fds, Gg, Gll^Fms, Gll^Fms, Gg^Vo, Gll^Fds, Gs^Fds, Gs^Fds, Gs^Fds, Gs, Gs^Fds, Gs^Fds
Mm, Hh, Mm, Mm, Mm, Hh, Hh^Fms, Hh, Hh, Hh, Gg, Gg, Gg, Hh, Gg, Gg, Gg, Gg, Gs^Fds, Gs^Fds, Gs^Fds, Rd, Gs^Fds, Gs^Fds, Gs^Fp, Gs^Fds, Gll^Fp, Gg, Gs^Fds, Gll^Fds, Gll, Gs^Fds, Gs^Fms, Gll^Fds, Gll^Fms, Gg, Gs, Gll^Fds, Gs^Fds, Gg^Vo, Gs^Fds, Gs, Hh^Fms, Gs^Fds
Mm, Mm, Mm, Mm, Mm, Hh, Hh, Hh, Hh, Gg, Hh, Hh, Gg, Gg, Gs^Fms, Gg, Gs, Gs, Gs, Gs, Gg, Rd, Gs^Fds, Gs^Fms, Gs^Fds, Gs^Fms, Gll^Fds, Gll^Fds, Gs^Fds, Gs^Fds, Gs^Fds, Gs, Gs^Fds, Gll^Fds, Gll^Fds, Gll, Gs^Fds, Gll, Ce, Gll, Gg, Gs^Fds, Gs^Fds, Gs^Fds
Mm, Mm, Mm, Mm^Vc, Mm, Hh, Hh, Hh, Hh, Hh, Gg, Gg, Gs, Gg, Gll^Fds, Gs^Fp, Gll^Fds, Gll^Fds, Gs^Fds, Gll^Fds, Gs^Fms, Gs^Fds, Gs^Fds, Rd, Gs^Fds, Gs^Fds, Gs^Fds, Gg, Gs^Fms, Gs^Fds, Gll^Fds, Gs^Fms, Hh^Fms, Gll^Fds, Gll, Gg, Gll, Gll, Ce, Gll, Hh^Vo, Gll^Fds, Gll^Fds, Gs^Fds
Mm, Mm, Mm, Hh, Hh, Co, Hh, Hh, Gg, Hh^Fds, Gs, Gg, Gll^Fds, Gs, Gg, Gs^Fds, Gg, Gs^Fds, Gs, Gll^Fds, Gs^Fds, Gs^Fds, Rd, Rd, Gs^Fds, Gs^Fds, Gll, Gs^Fds, Gs, Gs, Gg, Gll, Gg, Hh^Fms, Gs, Gs^Fds, Gll, Ce, Gll, 3 Ke, Ce, Gll, Gs^Fds, Gs^Fds
Mm, Mm, Co, Co, 2 Ko, Co, Hh, Gg, Hh, Hh, Gs^Fds, Hh^Fds, Gll^Fds, Gs^Fms, Gs^Fp, Gs, Gll^Fds, Gll^Fds, Gll^Fds, Gll^Fds, Gll, Gs^Fds, Gg, Gg, Gs^Fds, Gs^Fds, Gs^Fds, Gs^Fds, Gs, Gs^Fms, Gll^Fms, Gll, Gll, Gll, Gs^Fms, Gs^Fds, Gs^Fds, Gll, Gll, Ce, Ce, Gll, Gll^Fds, Gll^Fds
Mm, Mm, Mm, Co, Mm, Co, Gg, Hh^Vo, Hh, Hh^Fds, Gg, Hh, Hh^Fds, Gll^Fds, Gs^Fds, Gg, Gs^Fds, Gs, Gs^Fds, Gs^Fds, Gll, Ce, 1 Ke, Ce, Gs, Gs^Fds, Re^Vct, Gs^Fms, Gll^Fds, Gs^Fds, Gll, Gll, Gll, Gll^Fms, Gs^Fds, Gll, Gll^Fds, Gll, Gs^Fds, Gll, Gs^Fds, Gs^Fms, Gll^Fds, Gll^Fds
Mm, Mm, Mm, Mm^Vc, Hh, Gg, Hh, Hh, Hh, Gs^Fds, Gs^Fds, Gg, Gs, Gs^Fds, Gs^Fds, Gs^Fds, Gll^Fds, Gs^Fds, Gs^Fds, Gg^Vh, Gs^Fds, Ce, Gs^Fds, Ce, Gs^Fms, Gs^Fds, Gg, Gs^Fds, Gs^Fds, Gll^Fds, Gll^Fms, Gll^Fds, Gs^Fds, Gs^Fms, Gll, Gg, Gll, Gs^Fds, Gll, Gs^Fds, Gs^Fds, Gll^Fds, Gs^Fds, Gg
Mm, Mm, Mm, Hh, Hh, Hh, Gs, Gs^Fds, Hh^Fms, Hh^Fds, Gs, Gs, Gg^Fms, Gs, Gs^Fds, Gs, Gs, Gs, Gs^Fds, Gs^Fds, Gs^Fds, Gg, Rd, Rd, Gg, Gg, Gs^Fds, Gs^Fds, Gs^Fms, Gs^Fds, Gg, Gg, Gll, Gll, Gll^Fds, Gll, Gll^Fds, Gg^Fds, Gs^Fds, Gs^Fms, Gs^Fds, Gll, Gll^Fds, Gg
Mm, Mm, Mm, Hh, Gs^Fms, Gs, Gll, Gs, Gs^Fds, Gs, Hh, Gs, Gll^Fds, Gs^Fds, Gs^Fms, Gs^Fds, Gs, Gll, Gs^Fds, Gs^Fds, Gs^Fds, Gs^Fms, Gs, Gs^Fds, Gg, Gs^Fds, Gs^Fds, Gg, Gs^Fds, Gs^Fds, Gll^Fds, Gll^Fms, Gs^Fms, Gg, Gs^Fds, Gll, Gg, Gll, Gs^Fms, Gs^Fms, Gs^Fms, Gs^Fds, Gll^Fds, Gs^Fds
Mm, Mm, Hh, Hh, Gs^Fds, Hh, Gs, Hh^Fms, Hh, Gs, Gs, Gs, Gg, Gg, Gs^Fds, Gs, Gs, Hh^Fms, Hh, Gg, Gs^Fms, Rd, Gs^Fds, Gs^Fds, Gs^Fds, Gg, Gs, Gs, Gll, Gs^Fds, Gs^Fds, Gll^Fds, Gll, Gll^Fds, Gs^Fds, Gg, Gs^Fds, Gs^Fms, Gs^Fds, Gs^Fds, Gs^Fms, Gll^Fms, Gs, Gs^Fds
Mm, Mm, Hh, Gs^Fds, Hh, Hh, Hh, Hh^Fms, Gs, Gs^Fds, Hh^Fms, Gs^Fds, Gs^Fms, Hh, Gs^Fds, Hh^Fds, Gs^Fds, Gs^Fds, Hh^Fms, Hh^Fds, Hh^Fds, Rd, Gs, Gs^Fds, Gs^Fms, Gs^Fms, Gs^Fms, Gs, Gs^Fds, Gs^Fds, Gs, Hh^Fms, Hh^Fms, Gll^Fds, Gs^Fds, Gs^Fds, Gs^Fds, Gg, Gll^Fms, Gll^Fms, Gg, Gll^Fds, Gs, Gs^Fds
Hh, Hh, Hh^Fms, Hh, Hh, Hh^Fds, Hh, Gs^Fds, Hh, Hh, Gs^Fds, Gs^Fms, Gs, Gg, Gs, Hh, Gs, Gs^Fms, Hh, Hh, Gg, Gg, Rd, Gg, Gs^Fms, Gs^Fds, Gs^Fds, Gs^Fds, Gg^Vh, Gs^Fds, Hh^Fms, Gs^Fms, Gg, Gs^Fms, Gs^Fms, Gll, Gll^Fp, Gll^Fds, Gs^Fms, Gs^Fp, Gll, Gs^Fms, Gs^Fds, Gs^Fms
Hh, Hh, Hh, Hh, Hh, Hh, Hh, Gs, Hh^Fms, Gs, Hh, Gs^Fds, Gs, Gs, Gs, Gs, Gs^Fds, Gg, Gs^Fds, Gs, Gs, Gs^Fds, Rd, Gs^Fds, Gs^Fms, Gs^Fds, Gll, Gs^Fds, Gs^Fds, Gs^Fms, Hh^Fms, Gg, Gs^Fds, Gs, Gs^Fds, Gs^Fms, Gll^Fp, Gs^Fds, Gs^Fds, Gs^Fds, Gs^Fds, Gll, Gll^Fds, Gs^Fds
Hh, Hh, Gg, Gg, Hh, Hh^Fms, Hh, Gs^Fms, Hh, Hh, Hh, Gs, Gg, Gg, Gg, Gs, Gs, Gs^Fds, Gs^Fms, Gll^Fds, Gll^Fds, Gg, Gs^Fms, Rd, Gs, Gg, Gs^Fds, Gg^Fms, Gs, Hh^Fms, Gs^Fms, Hh^Fms, Hh^Fp, Gs^Fp, Gll, Gs^Fms, Gs^Fms, Gll^Fms, Gll^Fms, Gs^Fms, Gs^Fms, Gll^Fms, Gs^Fms, Gs^Fms
Hh, Hh, Hh, Hh, Hh^Fms, Hh^Fms, Gs, Gs^Fds, Hh, Hh, Gs, Hh, Hh, Gs^Fds, Hh^Fds, Gs^Fds, Gg, Gll, Gs, Gg, Gll^Fds, Gll^Fds, Gs^Fds, Rd, Gs^Fms, Gll^Fds, Gs^Fms, Gs, Gs^Fms, Gll^Fds, Gs^Fds, Gs^Fms, Gs^Fp, Gs^Fp, Gs^Fms, Gll^Fp, Gs^Fms, Gll^Fms, Gs^Fms, Gg, Gs^Fms, Gs^Fms, Gs^Fms, Gs^Fms
Hh, Hh, Hh, Hh, Hh, Hh, Gs^Fds, Gg, Gll^Fds, Gs, Gll^Fds, Gg, Gg, Hh, Gg, Gs^Fds, Gg, Gll^Fds, Gg, Gs^Fds, Gs^Fds, Gg, Gs^Fds, Rd, Ww, Gs^Fds, Gs^Fds, Gs^Fds, Gs^Fms, Gs^Fms, Ww, Gs^Fp, Ww, Gs^Fms, Ww, Gll^Fp, Gs^Fms, Gs^Fms, Gs^Fms, Gs^Fms, Ww, Gs^Fms, Gs^Fms, Gs^Fms
Gg, Hh, Hh^Fms, Hh, Gg, Gs^Fds, Hh, Hh, Hh, Gs, Hh, Hh, Ww, Ww, Ww, Ww, Ww, Gg, Gs^Fds, Gg, Gg, Gg, Ww, Ww^Bw|, Wo, Ww, Ww, Ww, Ww, Ww, Ww, Ww, Wo, Ww, Wo, Ww, Wo, Ww, Wo, Ww, Wo, Ww, Ww, Gs^Fp
Hh, Hh, Hh, Hh, Hh, Hh, Hh^Fms, Hh^Fms, Hh, Gg, Hh, Gg, Ww, Ww, Wo, Wo, Wo, Ww, Ww, Ww, Wo, Wo, Ww, Ww^Bw|, Ww^Vm, Ww, Gg, Ww, Ww^Vm, Ww^Ewf, Gg, Ww, Ww, Wo, Ww, Wo, Ww, Wo, Ww, Wo, Ww, Wo, Ww, Ww
Hh, Hh, Hh, Gg, Gg, Gg, Hh, Hh, Hh, Hh, Gg, Gg, Ww, Ww, Wo, Wo, Wo, Wo, Ww, Ww, Ww, Ww, Gg, Rd, Rd, Gg, Hh, Gg, Gg, Gg, Gg, Gg, Gg, Gs^Fp, Gs^Fms, Gs, Gs^Fp, Ww, Gs^Fms, Gs^Fp, Gs^Fp, Ww, Gs^Fms, Ww
Hh, Hh, Hh, Hh, Gg, Hh, Hh, Gg, Gg, Gs, Gg, Hh, Ww, Ww, Ww, Wo, Ww, Ww, Re^Gvs, Gg, Gg, Gg, Gg, Gg, Hh, Rd, Rd, Hh, Ce, Ce, Ce, Gs, Gg, Gg, Gs^Vh, Gll, Gs^Fp, Gs^Fms, Gs, Gs^Fms, Gs, Gs^Fp, Gs^Fms, Gs^Fp
Gs, Hh, Hh, Hh, Gg, Gs, Gg, Gg, Hh, Gg, Gg, Gg, Gg, Ww, Re^Gvs, Ww, Gg^Vh, Re^Gvs, Re^Gvs, Gg, Gg, Gg, Re^Gvs, Hh^Vh, Hh, Mm, Hh, Rd, Rd, Gs^Vh, Gg, Ch, Ch, Gg, Re^Gvs, Re^Gvs, Gs^Fms, Gs^Fms, Gs^Fp, Gs^Fp, Gs^Fp, Gs^Fms, Gs^Fp, Gs^Fp
Gg, Gg, Gs, Gs, Gs, Gg, Gs, Gg, Gg, Gs, Gg, Gs, Gg, Gg, Re^Gvs, Re^Gvs, Re^Gvs, Re^Gvs, Gg, Gg, Gg, Re^Gvs, Hh, Hh, Mm, Mm, Ce, Hh, Gg^Vh, Rp, Gg, Kh, Ch, Re^Gvs, Re^Gvs, Re^Gvs, Re^Gvs, Gg, Gs^Fp, Gs, Gs^Fms, Gs^Fp, Gs^Fp, Gll
Gs, Gs, Gg, Gs, Gg, Gs, Gg, Gs, Gg, Gg, Gg, Gs, Gg, Gg, Gg, Re^Gvs, Re^Gvs, Re^Gvs, Gg, Gg, Hh, Gg, Gg, Hh, Hh, Hh, Ce, Re^Gvs, Gg, Rr, Rp^Vhc, Gg, Gg, Re^Gvs, Gs^Fms, Gs, Gs, Gs^Fp, Gg, Gll, Gg, Gll, Gg, Gg
Gg, Gg, Gg, Gs, Gs, Gs, Gs, Gg, Gs, Gg, Gs, Gg, Ss, Gg, Gg, Gs, Gg, Gg, Gg, Gg, Gg, Gg, Gg, Hh, Gg, Hh, Gg, Ce, Rd, Rr, Ce, Ch, Gg, Gs^Fp, Gg, Gg, Gg, Gg, Gg, Gg, Gg, Hh, Gg, Gg
Gs, Gs, Gs, Gs, Gs, Gs, Gg, Gs, Gg, Gg, Ww, Wwf, Ww, Gg, Gg, Gg, Gg, Gg, Gg, Gg, Gg, Gg, Gg, Gg, Gg, Gg, Gg, Rd, Gg, Gg, Gg, Gg, Gg, Gg, Gg, Gs^Fp, Gg, Gg, Gg, Hh, Hh, Gg, Hh, Gg
