Mm^Xm, Mm^Xm, Mm^Xm, Mm^Xm, Mm^Xm, Mm^Xm, Mm^Xm, Mm^Xm, Mm^Xm, Mm^Xm, Mm^Xm, Mm^Xm, Mm^Xm, Mm^Xm, Mm^Xm, Mm^Xm, Mm^Xm, Mm^Xm, Mm^Xm, Mm^Xm, Mm^Xm, Mm^Xm, Mm^Xm, Mm^Xm, Mm^Xm, Mm^Xm, Mm^Xm, Mm^Xm, Mm^Xm, Mm^Xm, Mm^Xm, Mm^Xm, Mm^Xm, Mm^Xm, Mm^Xm, Mm^Xm, Mm^Xm, Mm^Xm, Mm^Xm, Mm^Xm, Mm^Xm, Mm^Xm, Mm^Xm, Mm^Xm, Mm^Xm, Mm^Xm, Mm^Xm, Mm^Xm, Mm^Xm, Mm^Xm, Mm^Xm, Mm^Xm, Mm^Xm, Mm^Xm, Mm^Xm, Mm^Xm, Mm^Xm, Mm^Xm, Mm^Xm, Mm^Xm, Mm^Xm, Mm^Xm, Mm^Xm
Mm^Xm, Mm^Xm, Mm^Xm, Mm^Xm, Mm^Xm, Mm^Xm, Mm^Xm, Mm^Xm, Mm^Xm, Mm^Xm, Mm^Xm, Mm^Xm, Mm^Xm, Mm^Xm, Mm^Xm, Mm^Xm, Mm^Xm, Mm^Xm, Mm^Xm, Mm^Xm, Mm^Xm, Mm^Xm, Mm^Xm, Mm^Xm, Mm^Xm, Mm^Xm, Mm^Xm, Mm^Xm, Mm^Xm, Mm^Xm, Mm^Xm, Mm^Xm, Mm^Xm, Mm^Xm, Mm^Xm, Mm^Xm, Mm^Xm, Mm^Xm, Mm^Xm, Mm^Xm, Mm^Xm, Mm^Xm, Mm^Xm, Mm^Xm, Mm^Xm, Mm^Xm, Mm^Xm, Mm^Xm, Mm^Xm, Mm^Xm, Mm^Xm, Mm^Xm, Mm^Xm, Mm^Xm, Mm^Xm, Mm^Xm, Mm^Xm, Mm^Xm, Mm^Xm, Mm^Xm, Mm^Xm, Mm^Xm, Mm^Xm
Mm^Xm, Mm^Xm, Mm^Xm, Mm^Xm, Mm^Xm, Mm^Xm, Mm^Xm, Mm^Xm, Mm^Xm, Mm^Xm, Mm^Xm, Mm^Xm, Mm^Xm, Mm^Xm, Mm^Xm, Mm^Xm, Mm^Xm, Mm^Xm, Mm^Xm, Mm^Xm, Mm^Xm, Mm^Xm, Mm^Xm, Mm^Xm, Mm^Xm, Mm^Xm, Mm, Mm^Xm, Mm, Mm, Mm, Mm, Mm, Mm, Mm, Mm^Xm, Mm^Xm, Mm^Xm, Mm^Xm, Mm^Xm, Mm^Xm, Mm^Xm, Mm^Xm, Mm^Xm, Mm^Xm, Mm^Xm, Mm^Xm, Mm^Xm, Mm^Xm, Mm^Xm, Mm^Xm, Mm^Xm, Mm^Xm, Mm^Xm, Mm^Xm, Mm^Xm, Mm^Xm, Mm^Xm, Mm^Xm, Mm^Xm, Mm^Xm, Mm^Xm, Mm^Xm
Mm^Xm, Mm^Xm, Mm^Xm, Mm^Xm, Mm^Xm, Mm^Xm, Mm^Xm, Mm^Xm, Mm^Xm, Mm^Xm, Mm^Xm, Mm^Xm, Mm^Xm, Mm^Xm, Mm^Xm, Mm^Xm, Mm^Xm, Mm^Xm, Mm^Xm, Mm^Xm, Mm^Xm, Mm^Xm, Mm, Mm^Xm, Mm, Mm, Mm, Mm, Mm, Mm, Mm, Mm, Mm, Mm, Mm, Mm, Mm, Mm, Mm, Mm^Xm, Mm, Mm, Mm, Mm^Xm, Mm^Xm, Mm^Xm, Mm^Xm, Mm^Xm, Mm^Xm, Mm^Xm, Mm^Xm, Mm^Xm, Mm^Xm, Mm^Xm, Mm^Xm, Mm^Xm, Mm^Xm, Mm^Xm, Mm^Xm, Mm^Xm, Mm^Xm, Mm^Xm, Mm^Xm
Mm^Xm, Mm^Xm, Mm^Xm, Mm^Xm, Mm^Xm, Mm^Xm, Mm^Xm, Mm^Xm, Mm^Xm, Mm^Xm, Mm^Xm, Mm^Xm, Mm^Xm, Mm^Xm, Mm^Xm, Mm^Xm, Mm^Xm, Mm^Xm, Mm^Xm, Mm^Xm, Mm, Mm, Mm, Mm, Mm, Mm, Mm, Mm, Mm, Mm, Mm, Mm, Mm, Mm, Mm, Mm, Mm, Mm, Mm, Mm, Mm, Mm, Mm, Mm, Mm^Xm, Mm^Xm, Mm^Xm, Mm^Xm, Mm^Xm, Mm^Xm, Mm^Xm, Mm^Xm, Mm^Xm, Mm^Xm, Mm^Xm, Mm^Xm, Mm^Xm, Mm^Xm, Mm^Xm, Mm^Xm, Mm^Xm, Mm^Xm, Mm^Xm
Mm^Xm, Mm^Xm, Mm^Xm, Mm^Xm, Mm^Xm, Mm^Xm, Mm^Xm, Mm^Xm, Mm^Xm, Mm^Xm, Mm, Mm^Xm, Mm^Xm, Mm^Xm, Mm, Mm, Mm, Mm, Mm, Mm, Mm, Mm, Mm, Mm, Mm, Mm, Mm, Mm, Mm, Mm, Rr, Mm, Mm, Mm, Mm, Mm, Mm, Mm, Mm, Mm, Mm, Mm, Mm, Mm, Mm, Mm, Mm, Mm^Xm, Mm^Xm, Mm^Xm, Mm^Xm, Mm^Xm, Mm^Xm, Mm^Xm, Mm^Xm, Mm^Xm, Mm^Xm, Mm^Xm, Mm^Xm, Mm^Xm, Mm^Xm, Mm^Xm, Mm^Xm
Mm^Xm, Mm^Xm, Mm^Xm, Mm^Xm, Mm^Xm, Mm^Xm, Mm^Xm, Mm^Xm, Mm^Xm, Mm^Xm, Mm, Mm, Mm, Mm, Mm, Mm, Mm, Mm, Mm, Mm, Mm, Mm, Mm, Mm, Mm, Mm, Mm, Mm, Mm, Rr, Rr, Rr, Mm, Mm, Mm, Mm, Mm, Mm, Mm, Mm, Mm, Mm, Mm, Mm, Mm, Mm, Mm, Mm, Mm, Mm^Xm, Mm^Xm, Mm^Xm, Mm^Xm, Mm^Xm, Mm^Xm, Mm^Xm, Mm^Xm, Mm^Xm, Mm^Xm, Mm^Xm, Mm^Xm, Mm^Xm, Mm^Xm
Mm^Xm, Mm^Xm, Mm^Xm, Mm^Xm, Mm^Xm, Mm^Xm, Mm^Xm, Mm^Xm, Mm, Mm, Mm, Mm, Mm, Mm, Mm, Mm, Mm, Mm, Mm, Mm, Mm, Mm, Mm, Mm, Mm, Mm, Hh, Mm, Hh, Rr, Rr, Rr, Hh, Mm, Mm, Mm, Mm, Mm, Mm, Mm, Mm, Mm, Mm, Mm, Mm, Mm, Mm, Mm, Mm, Mm^Xm, Mm, Mm^Xm, Mm^Xm, Mm^Xm, Mm^Xm, Mm^Xm, Mm^Xm, Mm^Xm, Mm^Xm, Mm^Xm, Mm^Xm, Mm^Xm, Mm^Xm
Mm^Xm, Mm^Xm, Mm^Xm, Mm^Xm, Mm^Xm, Mm, Mm, Mm, Mm, Mm, Mm, Mm, Mm, Mm, Mm, Mm, Mm, Mm, Mm, Mm, Mm, Mm, Mm, Mm, Mm, Mm, Hh, Hh, Gg, Rr, Rr, Rr, Gg, Hh, Mm, Mm, Mm, Mm, Mm, Mm, Mm, Mm, Mm, Mm, Mm, Mm, Mm, Mm, Mm, Mm, Mm, Mm, Mm, Mm^Xm, Mm^Xm, Mm^Xm, Mm^Xm, Mm^Xm, Mm^Xm, Mm^Xm, Mm^Xm, Mm^Xm, Mm^Xm
Mm^Xm, Mm^Xm, Mm^Xm, Mm^Xm, Mm^Xm, Mm^Xm, Mm, Mm, Mm, Mm, Mm, Mm, Mm, Mm, Mm, Mm, Mm, Mm, Mm, Mm, Mm, Mm, Mm, Mm, Mm, Mm, Hh^Vhh, Gg, Gg, Rr, Rr, Rr, Gg, Hh, Mm, Mm, Mm, Mm, Mm, Mm, Mm, Mm, Mm, Mm, Mm, Mm, Mm, Mm, Mm, Mm, Mm, Mm, Mm, Mm, Mm^Xm, Mm^Xm, Mm^Xm, Mm^Xm, Mm^Xm, Mm^Xm, Mm^Xm, Mm^Xm, Mm^Xm
Mm^Xm, Mm^Xm, Mm, Mm^Xm, Mm, Mm, Mm, Mm, Mm, Mm, Mm, Mm, Mm, Mm, Mm, Mm, Hh, Mm, Mm, Mm, Hh, Mm, Hh, Mm, Mm, Mm, Mm, Gg, Gg, Rr, Rr, Rr, Gg, Hh, Mm, Mm, Mm, Mm, Hh, Hh, Mm, Hh, Mm, Mm, Mm, Mm, Mm, Mm, Mm, Mm, Mm, Mm, Mm, Mm, Mm^Xm, Mm^Xm, Mm^Xm, Mm^Xm, Mm^Xm, Mm^Xm, Mm^Xm, Mm^Xm, Mm^Xm
Mm, Mm, Mm, Mm, Mm, Mm, Mm, Mm, Mm, Mm, Mm, Mm, Mm, Mm, Hh, Hh, Hh, Mm, Hh, Mm, Hh, Mm, Mm, Mm, Hh, Mm, Hh, Hh, Hh, Gg, Rr, Gg, Hh, Mm, Mm, Mm, Hh^Fp, Mm, Mm, Mm, Hh, Mm, Hh, Mm, Mm, Hh, Mm, Hh, Hh^Fp, Mm, Mm, Mm, Mm, Mm, Mm, Mm^Xm, Mm^Xm, Mm^Xm, Mm^Xm, Mm^Xm, Mm^Xm, Mm^Xm, Mm^Xm
Mm, Mm, Mm, Mm, Mm, Mm, Mm, Mm, Mm, Mm, Hh, Mm, Mm, Mm, Hh, Hh^Fds, Hh, Hh, Hh, Mm, Hh, Hh, Hh^Fds, Hh, Gg, Mm, Hh, Mm, Hh, Ch, Rr, Ch, Gg, Hh, Hh, Hh, Hh, Hh^Fp, Mm, Mm, Mm, Mm, Mm, Mm, Hh, Mm, Mm, Mm, Mm, Mm, Hh^Fp, Hh^Fp, Mm, Mm, Mm, Mm, Mm, Mm^Xm, Mm^Xm, Mm^Xm, Mm^Xm, Mm^Xm, Mm^Xm
Mm, Mm, Mm, Mm, Mm, Mm, Hh^Fds, Hh, Mm, Mm, Hh, Mm, Hh, Hh, Gg, Mm, Hh, Gg, Hh, Gg, Gg, Hh^Fds, Hh^Fds, Gg, Hh, Gg, Gg, Gg, Gg, Gg, Rr, Gg, Gg, Gg, Gs, Hh, Mm, Hh, Mm, Mm, Mm, Mm, Mm, Mm, Mm, Mm, Hh, Mm, Hh, Mm, Hh, Hh^Fp, Mm, Mm, Mm, Mm, Mm, Mm, Mm, Mm, Mm, Mm^Xm, Mm
Mm, Mm, Mm, Mm, Mm, Mm, Mm, Hh, Mm, Mm, Gg, Hh, Hh, Gg, Hh, Hh, Gg, Hh^Fds, Gg, Hh, Ww, Gs^Fds, Gg, Gs^Fds, Gg, Gg, Gg, Gg, Gg, Rr, Rr, Rr, Gg, Gs, Gg, Hh, Gs, Gg, Mm, Gg, Mm, Mm, Mm, Mm, Mm, Hh, Hh, Mm, Mm, Hh, Hh^Fp, Mm, Mm, Mm, Mm, Mm, Mm, Mm, Mm, Mm, Mm, Mm, Mm
Mm, Mm, Mm, Mm, Mm, Mm, Mm, Mm, Hh, Hh, Gg, Hh, Hh, Hh, Gs, Gg, Gs, Gs^Fds, Gg, Ww, Wo, Ww, Gs, Gg, Gg, Gg, Hh, Gg, Gg, Rr, Rr, Rr, Gg, Gg^Fp, Gg, Mm, Gs, Hh, Mm, Hh, Mm, Mm, Mm, Mm, Gg, Hh, Gg, Mm, Mm, Hh, Mm, Mm, Mm, Mm, Mm, Mm, Mm, Mm, Mm, Mm, Mm, Mm, Mm
Mm, Mm, Mm, Mm, Mm, Hh, Hh, Hh, Hh, Hh^Fp, Hh^Fms, Gg, Gs^Fds, Gg, Gg, Gg, Hh, Gg, Ww, Wo, Ww, Wo, Ww, Gg, Gs, Gg, Gg, Gg, Gg, Rr, Rr, Rr, Gg, Gs^Fp, Gs^Fds, Gg, Gg, Hh, Gg, Gg, Hh, Hh, Mm, Mm, Hh, Gs, Gg, Hh, Hh, Hh, Mm, Mm, Hh, Mm, Mm, Mm, Mm, Mm, Mm, Mm, Mm, Mm, Mm
Mm, Mm, Mm, Hh, Hh, Hh, Gs, Gs, Gs^Fms, Gs^Fp, Gg^Fds, Hh, Gg^Fp, Gg, Gg, Hh, Hh, Gg, Gg, Ww, Gg, Ww, Wwf, Gs, Gg, Gg, Gs, Gg, Gg, Rr, Rr, Rr, Gg, Gg, Gs^Fp, Gs^Fp, Gs^Fms, Gs^Fds, Gg^Fds, Gg, Gg, Gg, Hh^Fp, Mm, Gs, Gg, Hh, Hh, Gg, Mm, Hh, Mm, Mm, Mm, Mm, Mm, Mm, Hh, Mm, Mm, Mm, Mm, Mm
Mm, Mm, Mm, Mm, Mm, Mm, Hh, Hh, Hh^Fms, Hh^Fms, Gs^Fds, Hh, Gg, Gg, Hh, Hh, Gg, Gg, Gg, Gg, Mm, Mm, Wo, Ww, Ww, Gg, Gg^Vh, Gg, Gg, Rr, Rr, Rr, Chr, Chr, Gg, Gg^Fp, Gg, Gs^Fds, Gg, Gg, Gs^Fp, Gg, Gs^Fp, Gg, Gg, Gg, Gs, Gg, Hh^Fp, Gs, Gg, Hh, Mm, Mm, Mm, Mm, Hh, Hh, Hh^Fp, Hh^Fp, Hh^Fp, Md, Md
Mm, Mm, Mm, Hh, Mm, Gg, Gg, Gg, Gg, Gg, Gs^Fp, Gg, Gs, Gg, Gg, Hh, Hh, Gg, Gg, Gg, Mm, Mm, Wo, Wo, Ww, Ww, Gg, Gg, Gg, Rr, Rr, Rr, Gg, Chr, Gg, Gg, Gg, Gs^Fp, Gg, Gg, Gg, Gg, Gs, Gg, Gg, Gg, Gg, Gg, Gg, Hh, Hh, Mm, Hh, Hh, Mm, Mm, Hh, Hh, Hh, Hh^Fp, Hh, Hh^Fp, Hh
Mm, Mm, Mm, Mm, Hh, Gg, Gg^Vo, Gs, Gg, Gg, Gg, Gg, Gg, Gg, Gs, Hh^Fp, Gs^Fp, Gg, Gg, Mm, Mm, Mm, Wo, Wo, Wo, Ww, Gs, Gg, Rr, Rr, Rr, Rr, Gg, Gg, Gg, Gg, Hh, Gg, Gg, Gs, Gs, Gs, Hh, Gg, Mm, Gs, Gg, Gs^Fds, Gg, Hh^Fp, Gs^Fp, Mm, Mm, Mm, Mm, Hh, Hh, Hh, Md, Md, Md, Hh, Hh
Mm, Mm, Mm, Co, Co, Gs^Fds, Gs, Gg, Gg, Gg, Hh, Mm, Mm, Gg, Gg, Gg, Gg^Fp, Gg, Gs^Fp, Gg, Gg, Mm, Mm, Wo, Ww, Ww, Gg^Vct, Gg^Vct, Rr, Rr, Rr, Rr, Gg, Gs, Gg, Hh^Vc, Hh, Gg, Gg, Gs, Gg, Gg, Mm, Mm, Mm, Mm, Gg, Gg, Gg^Fp, Gs^Fp, Gs^Fp, Hh, Gg, Hh, Hh, Hh, Hh, Hh, Hh, Md, Md, Hh, Hh
Mm, Mm, Hh, 4 Ko, Co, Hh^Fds, Gs, Gs, Gs^Fp, Gg, Mm, Mm, Mm, Mm, Gg, Gg, Gg, Gs^Fp, Gg, Gs^Fp, Gg, Gg, Gg, Gg, Gs^Fds, Gg^Vct, Gs^Fds, Rr^Vct, Rr, Rr, Rr, Gg^Vct, Gg^Vct, Gg^Vct, Gg, Hh^Fp, Hh^Fp, Gs^Fp, Gs^Fp, Gg, Gg, Hh, Hh, Mm, Mm, Hh^Fp, Gs, Gg, Gs^Fp, Gg, Gg, Gs, Gs, Hh, Gs, Hh^Fp, Hh^Fp, Hh, Hh, Md, Hh, Hh, Md
Mm, Mm, Mm, Co, Co, Gg, Gg, Gg, Gs, Gg, Gg, Mm, Mm, Mm, Mm, Gg, Gs, Gs, Gs, Gs, Gs, Gs, Gs, Gg^Vct, Gg^Vct, Gs^Fds, Gs^Fds, Rr, Rr, Rr, Gg^Vct, Gg^Vct, Gg^Vct, Gs^Fp, Hh^Fp, Hh^Fp, Gs^Fp, Gs^Fp, Gs^Fp, Gg, Hh, Mm, Mm, Mm, Mm, Gg, Gg, Gg, Gs, Gg, Gg^Vc, Gs, Gg, Hh^Fp, Gg, Gg^Fp, Gg^Fp, Hh^Fp, Hh^Fp, Hh, Hh, Hh, Hh
Mm, Mm, Mm, Hh, Hh, Gs, Gg, Gs^Fp, Gs^Fds, Gs^Fms, Gs^Fp, Gs^Fds, Hh^Fds, Mm, Hh, Gg, Gs, Gs, Mm, Gs, Gg, Gs, Gs, Gs, Re^Vct, Gs^Fds, Gg^Vct, Rr, Rr, Rr, Gg^Vct, Gg^Vct, Gg^Vct, Gs^Fp, Gg^Vct, Hh^Fp, Gs^Fp, Gs^Fp, Gs^Fp, Gg, Hh^Fp, Hh, Mm, Mm^Vhh, Gs^Fp, Gg, Gs, Gs, Gg, Gg, Hh, Hh, Hh, Gg, Hh, Hh^Fp, Hh^Fp, Hh^Fp, Gs^Fp, Hh, Gs, Hh, Gg^Fp
Mm, Mm, Mm, Mm, Mm, Hh^Fp, Gs, Gd^Vo, Gs^Fp, Gs^Fms, Gg^Fp, Gg, Gs, Mm, Hh, Gg, Gs, Gg, Mm, Mm, Hh, Gs, Gs, Gs, Gs, Gg^Vct, Chr, Rr, Rr, Rr, Chr, Gg^Vct, Gg, Gg, Gs, Gg, Gg, Gg, Gg, Gg, Gg, Mm, Mm, Mm, Mm, Gs, Gs, Gs, Gs, Gg, Hh^Fp, Mm, Mm, Hh, Mm, Gs, Gg^Fp, Hh^Fp, Hh^Fp, Hh^Fp, Hh, Gg^Fp, Hh^Fp
Mm, Mm, Mm, Hh, Mm, Mm, Gg, Gs, Gs, Gs^Fp, Gg, Gg, Gg, Mm, Gg, Gs, Gs, Gg, Hh, Mm, Mm^Vhh, Mm, Gs, Gs, Gs, Gg^Vct, Chr, Khr, Rr, 1 Khr, Chr, Gg^Vct, Gg, Gg, Gs, Gs, Gg, Gg, Gg, Gg, Gg, Mm, Mm, Mm, Mm, Gg, Gs^Fp, Gg, Gs^Fp, Gg, Hh^Fp, Mm, Mm, Mm, Gs, Gg, Gg^Fp, Gg^Fp, Gg^Fp, Hh, Gg, Hh^Fp, Gg
Mm, Mm, Mm, Mm, Mm, Mm, Mm, Mm, Mm, Gg, Gg, Gs, Gs, Gg, Gg, Gs, Gg, Gs, Gg, Mm, Mm, Hh, Mm, Gs, Gg, Gg, Gg, Rr, Rr, Rr, Gg, Gg, Gg, Gs, Gg, Gg, Gs^Fp, Gs^Fp, Gs^Fp, Gg, Gg, Hh, Mm, Mm, Hh^Fp, Gg, Gg, Gg, Gg^Fp, Gs, Gg, Mm, Mm, Mm, Gg, Gg, Hh, Gs^Fp, Gg, Gs, Gg, Gg, Gg
Mm, Mm, Mm, Gs, Gs, Mm, Mm, Mm, Mm, Hh, Hh, Gg, Gg, Gg, Gs^Fds, Gs^Fds, Gs^Fds, Gg, Gg, Gg, Gs, Mm, Mm, Gg, Gs, Gs, Gg^Vct, Rr, Rr, Rr, Gg, Gg, Gs, Gg, Gg, Gg, Gg, Gg, Gs^Fp, Gs^Fp, Gg, Gg, Hh, Hh^Fp, Hh, Gs, Gg, Gs^Fp, Gg^Fp, Gs^Fp, Gs, Hh, Hh^Fp, Hh^Fp, Gg, Gg, Hh, Hh, Gg, Gg, Gg, Gg, Hh
Mm, Mm, Mm, Hh, Gs, Gs, Mm, Mm, Mm, Hh, Gg, Gg, Gs, Gg, Gs^Fds, Gs, Gs^Fds, Gg, Gs^Fds, Gg, Gs, Mm, Gs, Gs, Gs, Gs, Gs, Rr, Rr, Rr, Gs, Gs, Gg, Gg, Gs, Gs, Gs, Gg^Vc, Gs^Fp, Gs^Fms, Gg, Gg, Gg, Hh^Fms, Gg, Hh^Fp, Gg, Gs^Fp, Gg, Gg, Gs^Fp, Gg, Gg, Gg, Gs, Gs, Gg, Gg, Gs, Gg, Hh, Hh, Md
Mm, Mm, Mm, Hh, Gs, Gs, Hh, Gs, Hh, Hh, Hh, Gs, Gg, Gg, Gs, Gs^Fds, Gg^Fds, Gs^Fds, Gs^Fds, Gs, Gg, Gs, Gg, Gs, Gs, Gg, Rd, Rr, Rr, Rr, Rd, Rd, Rd, Rd, Rd, Gs, Hh, Gg, Gg, Gg, Gs, Gs, Gg, Gg, Gg, Gg, Gg, Gg, Gs^Fp, Gg^Fp, Gs^Fp, Gg, Gs^Fp, Gs^Fp, Gs^Fp, Gs, Gg, Gg, Hh^Fp, Gs^Fp, Gs, Hh, Hh
Mm, Mm, Mm, Hh, Mm, Gg^Fp, Gs^Fds, Hh, Gs, Hh, Gs, Hh, Gg, Gg, Gs, Gs, Gs, Gs, Gg, Gg, Rd, Gg, Rd, Gs, Rd, Rd, Gg, Rr, Rr, Rr, Gs, Rd, Gs, Rd, Gs, Rd, Hh, Hh^Fp, Hh, Gg, Gg, Gg, Gs^Fds, Gs^Fds, Gs^Fms, Gs, Gs^Fp, Gg, Gg, Gs^Fp, Gs^Fp, Gg, Gg, Gg, Gs^Fp, Gg, Gg, Gs^Fp, Gs, Gg, Gg, Gg, Hh
Mm, Mm, Mm, Mm, Mm, Hh^Fmw, Gs^Fp, Gs, Gs^Fp, Gs, Gs, Gs, Gs, Gg, Rd, Gs, Gs, Rd, Gs, Rd, Gs, Gs, Gg, Gg, Gs, Gs, Gs^Fp, Rr, Rr, Rr, Gg, Gs, Gg, Rd, Rd, Rd, Rd, Hh^Fp, Hh, Hh, Gg, Gg, Gs^Fds, Gs^Fds, Gg, Gs, Gs, Gg, Hh, Gg, Gs, Gs, Gg, Gs^Fp, Gs^Fp, Gg, Gs, Gg^Fp, Hh^Fp, Gg, Gs, Gg, Gg
Mm, Mm, Mm, Mm^Vhh, Mm, Mm, Hh^Fp, Gs^Fms, Gg^Vh, Gg, Rd, Rd, Rd, Rd, Gg, Rd, Hh, Hh, Hh, Hh, Hh, Gg, Gs, Gg^Vo, Gg, Gs^Fds, Gs, Rr, Rr, Rr, Gs^Fms, Gs^Fp, Gg, Gs, Gg, Rd, Rd, Hh, Rd, Hh, Gg, Gs^Fds, Gg, Gg, Gg, Gs^Fms, Gs^Fp, Gg, Hh^Fp, Hh, Hh^Fp, Hh, Gg, Gs^Fms, Gs^Fp, Gs^Fp, Gg, Hh^Fp, Hh, Hh, Hh, Gg^Fp, Gg^Fp
Mm, Mm, Mm, Mm, Mm, Mm, Hh, Gs, Re^Gvs, Re^Gvs, Gg^Gvs, Hh, Gs, Gg, Gs, Gg, Hh, Hh, Mm, Mm, Hh, Hh, Gg, Gs, Gg, Gg, Gg, Rr, Rr, Gs^Fp, Gs^Fp, Gg, Gs^Fp, Gs^Fp, Gs^Fds, Gg, Gs^Fp, Rd, Rd, Gs, Rd, Gs^Fds, Rd, Gs, Rd, Gs^Fp, Rd, Gs^Fp, Gs^Fp, Gs, Hh^Fp, Gs^Fp, Gg^Vc, Gg, Gg, Gg, Hh, Hh, Md, Md, Hh^Fp, Gg^Fp, Gg^Fp
Mm, Mm, Mm, Mm, Mm, Hh, Mm, Gg, Gs, Gg^Gvs, Re^Gvs, Gg^Vh, Gg, Gg, Gs, Hh, Hh, Mm, Mm, Mm, Hh^Fds, Hh, Gg, Gg, Gs, Gg, Gs^Fds, Rr, Rr, Rp, Gs, Gg, Gg, Gs, Gg, Gs, Gs, Gs, Gs, Rd, Rd, Rd, Rd, Rd, Rd, Rd, Gs^Fp, Rd, Rd, Rd, Rd, Rd, Rd, Gs^Fp, Gg, Gg, Hh^Fp, Hh, Hh, Hh, Hh, Hh^Fp, Gg^Fp
Mm, Mm, Mm, Mm, Mm, Mm, Mm, Mm, Gs, Re^Gvs, Gg, Gg, Gg, Gs, Gs, Gs, Hh, Hh, Hh, Hh^Fp, Hh, Gs^Fp, Gs, Gg, Gg, Gs^Fp, Gs^Fp, Rr, Rr, Rr, Gs, Gs, Gg, Gs, Gs^Fms, Gs^Fp, Gg, Gg, Gs, Rd, Gg, Rd, Gs, Gs^Fms, Gg, Gs^Fp, Gg, Rd, Gs^Fp, Gs^Fp, Gs^Fp, Gs^Fp, Gs^Fp, Rd, Rd, Gs, Gg, Hh, Md, Hh^Fp, Hh, Gg, Rd
Mm, Mm, Mm, Mm, Mm, Mm, Mm, Mm, Mm, Gg, Gs, Gs, Gs^Fp, Gs, Gs^Fp, Hh, Gs, Gg, Gs, Gs, Gs, Gs, Gs, Gs, Gg, Gs, Gs, Rr, Rr, Rr, Gg, Gg, Gs^Fp, Gs^Fms, Gs^Fp, Gs^Fds, Gg, Gs, Gg, Gs, Hh^Vhh, Gg, Gg, Gs^Fp, Gg, Gs, Gs^Fp, Gg, Gs^Fp, Gs, Gs, Gs, Gs^Fp, Hh, Rd, Rd, Hh, Hh, Hh, Hh, Hh, Rd, Rd
Mm^Xm, Mm, Mm, Mm, Mm, Mm, Mm, Hh, Hh, Hh, Gs, Gs, Gs, Gs^Fp, Gg^Fp, Gs, Gs, Gg, Gg, Gg, Gs, Gs, Gs, Ce, Ce, Ce, Gg, Rr, Rr, Rr, Gg^Vc, Gs, Gs^Fp, Gg, Gg, Gs^Fp, Gg, Gg, Hh^Fp, Hh, Mm, Hh, Gs, Gg, Gs, Gs^Fp, Gs^Fds, Gs^Fp, Hh^Fp, Gs^Fp, Gs^Fp, Gs^Fp, Hh, Gs^Fp, Gg, Rd, Rd, Rd, Rd, Rd, Rd, Rd, Gg
Mm^Xm, Mm^Xm, Mm^Xm, Mm, Mm, Mm, Mm, Hh, Mm, Hh, Gs, Gs, Gs, Gg, Gs, Gs^Fp, Gg, Gg, Gg, Gg, Hh^Vo, Gs, Hh, Ce, Ce, 3 Ke, Gs, Rr, Rr, Rr, Rr, Gg, Gg, Gg, Gg, Gg, Gs, Gg, Gg, Gg, Hh^Fp, Hh, Gg, Gg, Gs^Fp, Gs^Fp, Gs^Fp, Gs^Fp, Gs^Fp, Hh^Fp, Gs^Fp, Gs, Gs, Gg, Gs^Fms, Gg, Hh, Rd, Gs, Rd, Gd^Vo, Gg^Fp, Gs^Fds
Mm^Xm, Mm^Xm, Mm^Xm, Mm^Xm, Mm^Xm, Mm, Mm, Mm, Mm, Hh, Hh^Fp, Hh^Fp, Hh, Gs, Gs, Gs, Gs, Gs, Gg, Hh^Fds, Gs^Fds, Hh, Gs, Hh, Gg, Ce, Gg, Rr, Rr, Rr, Rr, Rr, Rr, Gg, Gs^Fp, Gs, Gs, Gs, Gg, Gg, Gg, Gs, Gg, Gs, Gs^Fp, Gg, Gs^Fp, Gs^Fms, Gg, Gs^Fp, Gs^Fms, Hh^Fms, Hh^Fms, Gs, Gg^Vo, Hh, Gg, Gg, Hh, Gg, Gg, Hh^Fp, Gg^Fp
Mm^Xm, Mm^Xm, Mm^Xm, Mm^Xm, Mm^Xm, Mm, Mm, Mm, Mm, Mm, Mm, Hh, Hh, Mm, Hh, Gs, Hh, Gs, Gg, Gg, Gg, Hh^Fp, Gg, Hh^Fp, Mm, Gg, Gg, Gs, Gg, Rr, Rr, Rr, Rr, Rr, Rr, Gs, Gs^Fp, Gg, Gg, Gg, Gs^Fp, Gs^Fp, Gg, Gs^Fp, Gs^Fds, Gg, Gs^Fms, Gs^Fp, Gg^Fp, Gs^Fp, Gs, Hh, Hh^Fp, Gs, Hh, Hh, Co, Hh, Co, Co, Co, Gs^Fms, Gg
Mm^Xm, Mm^Xm, Mm^Xm, Mm^Xm, Mm^Xm, Mm^Xm, Mm^Xm, Mm, Mm, Mm, Mm, Mm, Hh, Hh, Hh, Hh^Fp, Mm, Gs, Gg, Gs, Gs, Gg, Gs^Fds, Hh^Fp, Gg, Hh, Gg, Gs, Gs, Gs, Gs, Rr, Rr, Rr, Rr, Rr, Rr, Gs^Fp, Gs^Fp, Gg, Gg, Gg, Gs, Gs^Fp, Gg, Gs^Fms, Gs^Fp, Gs, Gs^Fp, Gg, Gs^Fms, Gg, Gs, Gs, Gg, Gg, Co, Co, Co, 2 Ko, Gs, Gg, Gs^Fms
Mm^Xm, Mm^Xm, Mm^Xm, Mm^Xm, Mm^Xm, Mm^Xm, Mm^Xm, Mm, Mm, Mm, Mm, Mm, Mm, Mm, Mm, Mm, Mm, Gg, Hh, Gs, Gs, Gs^Fp, Gs, Gs, Gs, Gs, Gg, Gs, Gg, Gg, Gg, Gs, Gg, Rr, Rr, Rr, Rr, Rr, Gs, Gg, Hh, Hh, Hh, Gg, Gs^Fp, Gs, Gg, Gg^Fp, Gg, Hh, Gg^Fp, Gs, Hh, Hh, Gs^Fp, Gg, Hh, Gg, Gg, Co, Gg, Gg, Gs^Fp
Mm^Xm, Mm^Xm, Mm^Xm, Mm^Xm, Mm^Xm, Mm^Xm, Mm^Xm, Mm, Mm, Mm, Mm, Mm, Mm, Mm, Mm, Mm, Mm, Mm, Hh, Gs, Hh, Hh, Gs, Gs, Gs, Gs, Gs, Gg, Gg, Gs, Gg, Gg, Gs, Gs, Gg, Rr, Rr, Rr, Rr, Gs, Hh, Mm, Hh, Gs, Gs^Fds, Gg, Gs^Fp, Gs^Fp, Gg, Gg, Gs, Gs^Fp, Gs, Gd^Vo, Hh, Gs, Gs, Gs, Gs^Fp, Gg, Gs^Fds, Gs^Fds, Gs^Fms
Mm^Xm, Mm^Xm, Mm^Xm, Mm^Xm, Mm^Xm, Mm^Xm, Mm^Xm, Mm, Mm, Mm, Mm, Mm, Mm, Mm, Mm, Mm, Mm, Mm, Mm, Mm, Mm, Hh^Fp, Gs, Gs, Gs, Gs, Gs, Gs, Gg, Gs, Gg, Gs, Gs, Gs, Gg, Gs, Rr, Rr, Rr, Rr, Mm, Mm, Hh, Gg, Gg, Gg^Fp, Gs^Fp, Gg, Gg, Gs^Fp, Gs^Fp, Gs^Fms, Gg^Fp, Gg^Fp, Gs^Fp, Gg, Gg, Gs^Fms, Gg, Gs^Fms, Gg, Gs^Fms, Gg
