Gg, Gg, Gs, Gg, Gg, Gg, Hh, Md, Md, Md, Md, Md, Md, Gg, Hh, Gs, Ur, Ur, Ur, Qlf, Ur, Gs, Re, Gg, Re, Hh, Hh, Hh, Hhd, Hh, Md, Md, Md, Md, Md, Md, Md, Mm^Xm, Mm^Xm, Mm^Xm, Mm^Xm, Mm^Xm, Mm^Xm, Mm^Xm, Mm^Xm, Mm^Xm, Mm^Xm, Mm^Xm, Mm^Xm, Mm, Mm^Xm, Mm, Mm^Xm, Mm^Xm, Mm^Xm
Gg, Gs, Gg, Gg, Hh, Hhd, Hhd, Md, Md, Md, Mv, Md, Md, Hhd, Hhd, Gs, Gs, Ur, Qlf, Qlf, Ur, Ur, Re, Re, Hh, Hh, Hh, Hhd, Hhd, Hhd, Hhd, Md, Md, Md, Md, Md, Md, Md, Md, Mm^Xm, Hhd, Hhd, Qlf, Qlf, Qlf, Hhd, Qlf, Mm^Xm, Qlf, Hhd, Mm^Xm, Mv, Mm^Xm, Mm^Xm, Mm^Xm
Gg, Gs, Gs, Gs, Hhd, Hhd, Hhd, Md, Md, Md, Md, Md, Md, Hh, Hhd, Hhd, Gs, Ur, Qlf, Qlf, Ur, Gs, Rb, Rb, Re, Hh, Hh, Hhd, Hhd, Hhd, Hhd, Hh^Vhh, Md, Md, Md, Hhd, Hhd, Md, Mv, Md, Hhd, Qlf, Qlf, Qlf, Qlf, Qlf, Qlf, Qlf, Cte, Qlf, Qlf, Mm^Xm, Qlf, Mm^Xm, Mm
Gg, Gs, Gs, Gs, Gg, Hh, Hhd, Hhd, Mm, Md, Md, Md, Hhd, Hhd^Vhhr, Hhd, Hhd, Ur, Ur, Qlf, Ur, Ur, Gg, Rb, Hhd, Re, Rb, Hh, Hh, Hhd, Hhd, Hhd, Hhd, Hhd, Md, Hhd, Hhd, Hhd, Md, Md, Md, Hhd, Qlf, Qlf, Qlf, Qlf, Qlf, Qlf, Qlf, Cte, Cte, Cte, Qlf, Qlf, Qlf, Qlf
Gs, Gg, Gs, Gs, Gs, Hh, Hhd, Hhd, Hhd, Hhd, Hh, Hhd, Hhd, Hhd, Gs, Gs, Ur, Qlf, Qlf, Ur, Re, Gs, Re, Rb, Re, Rb, Re, Hh, Hh, Hh, Hhd, Hhd, Hhd, Hhd, Hh, Md, Md, Hhd, Hhd, Hhd, Qlf, Qlf, Qlf, Qlf, Qlf, Qlf, Qlf, Cte, Cte, 2 Kud, Cte, Cte, Qlf, Qlf, Qlf
Gg, Gs, Gs, Gs, Gg, Gg, Gg, Hh, Hhd, Hh, Hh, Hh, Gg, Gg, Gs, Ur, Ur, Qlf, Qlf, Ur, Re, Re^Gvs, Re^Gvs, Gs, Re, Rb, Rb, Hh, Hh, Hh, Hhd, Hhd, Hhd, Hhd, Hhd, Hhd, Hhd, Hhd, Qlf, Qlf, Qlf, Qlf, Qlf, Qlf, Qlf, Qlf, Qlf, Qlf, Ur, Cte, Cte, Qlf, Qlf, Qlf, Qlf
Gg, Gg, Gs, Gg, Re^Gvs, Re^Gvs, Gg^Wm, Gg, Gs, Hh, Gg, Gg, Gg, Gs, Gs, Ur, Ur, Ur, Qlf, Ur, Ur, Re^Gvs, Re^Gvs, Rb, Re, Rb, Rb, Re, Hh, Hh, Hh, Hhd, Hhd, Hh, Hhd, Hhd, Hhd, Md, Qlf, Qlf, Qlf, Qlf, Mv, Qlf, Qlf, Qlf, Qlf, Uu^Vu, Ur, Ur, Qlf, Qlf, Qlf, Qlf, Qlf
Gs, Gs, Gll^Fdw, Re^Gvs, Re^Gvs, Re^Gvs, Re^Gvs, Gg, Gg, Gs, Gs, Gs, Gg, Gs, Gs, Gs, Ur, Qlf, Qlf, Ur, Ur, Gd^Vhr, Re, Re^Gvs, Rb, Rb, Re, Hh, Hh, Hhd, Hhd, Hhd, Hhd, Hhd, Hhd, Hhd, Qlf, Hhd, Qlf, Qlf, Qlf, Md, Md, Md, Qlf, Qlf, Ur, Ur, Ur, Ur, Qlf, Qlf, Qlf, Qlf, Uh
Gg, Gs, Gg, Gll^Fdw, Gg, Re^Gvs, Gg, Gg, Gg, Gg, Re^Gvs, Gs, Gs, Gs, Gg, Gs, Ur, Ur, Ur, Qlf, Ur, Ur, Ur, Gs, Re, Rb, Rb, Re, Ur, Hhd, Qlf, Qlf, Qlf, Qlf, Qlf, Qlf, Qlf, Qlf, Qlf, Qlf, Qlf, Md, Hhd, Md, Md, Uu^Vu, Ur, Ur, Ur, Ur, Uu^Vu, Qlf, Qlf, Uh, Md
Gg, Gg, Gg, Gs, Rr, Gg, Gg, Gg, Re^Gvs, Re^Gvs, Re^Gvs, Gs, Gg, Gs, Gs, Gg, Gs, Gs, Ur, Qlf, Qlf, Ur, Gs, Gs, Gs, Re, Ur, Ur, Qlf, Qlf, Qlf, Qlf, Qlf, Qlf, Qlf, Qlf, Qlf, Qlf, Qlf, Qlf, Hhd, Md, Md, Md, Ur, Ur, Ur, Ur, Mv, Ur, Md, Qlf, Hhd, Hhd, Md
Gll^Fdw, Gg, Gg, Rr, Rp^Vhc, Rr, Gg, Re^Gvs, Re^Gvs, Re^Gvs, Re^Gvs, Re^Gvs, Gg, Gg, Gs, Gs, Gg, Ur, Ur, Ur, Ur, Ur, Re, Gg, Ur, Ur, Ur, Ur, Qlf, Qlf, Qlf, Qlf, Hhd, Qlf, Qlf, Qlf, Qlf, Qlf, Hhd, Qlf, Hhd, Md, Md, Hhd, Ur, Ur, Uu^Vu, Md, Md, Md, Hhd, Md, Hhd, Md^Xm, Md^Xm
Gg, Gg, Gg, Rr, Rr, Rr, Rr, Gg, Gg, Re^Gvs, Gg, Gg, Gg, Gg, Gs, Gs, Gs, Gg, Gs, Gs, Gs, Gs, Re, Ur, Ur, Ur, Qlf, Qlf, Qlf, Qlf, Qlf, Uu, Hhd, Hhd, Hhd, Qlf, Hhd, Hhd, Hhd, Hhd, Hhd, Hhd, Ur, Ur, Md, Md, Md, Md, Md, Hhd, Md, Hhd, Md, Md^Xm, Md^Xm
Gg, Gg, Gg, Gg^Vh, Gg, Gg, Gg, Rr, Rr, Gg, Gs, Gg, Gg, Gs, Gg, Gs, Gs, Gs, Gs, Gs, Gg, Gs, Gs, Ur, Ur, Rb, Qlf, Qlf, Qlf, Qlf, Qlf, Uu, Ur, Hhd, Hhd, Hhd, Hh, Hhd, Hhd, Hhd, Ur, Hhd, Ur, Ur, Hhd, Md, Md, Md, Md, Md, Md, Md, Md, Md, Md
Gg, Gg, Gg, Gg, Gs, Gg, Gg, Gs, Gs, Rd, Rd, Gg, Gg, Gs, Gs, Gs, Gg, Gs, Gs, Gg, Gs, Gs, Rb, Rb, Ur, Ur, Ur, Qlf, Qlf, Qlf, Qlf, Ur, Ur, Ur, Hhd, Hhd, Hhd, Hhd, Hhd, Ur, Ur, Ur, Hhd, Hhd, Hhd, Hhd, Mm, Mv, Mm, Hhd, Hhd, Md, Md, Md, Md
Gg, Gll^Fdw, Gg, Gg, Gg, Gg, Re^Gvs, Re^Gvs, Re^Gvs, Gg, Rd, Gg, Gg, Gg, Gs, Gs, Gs, Gs, Rb, Gs, Rb, Gs, Ur, Rb, Ur, Ur, Qlf, Qlf, Qlf, Qlf, Qlf, Ur, Ur, Ur, Rb, Hh, Hh, Hh, Ur, Ur, Hhd, Hhd, Hhd, Hhd, Hhd, Qlf, Mm, Mm, Hhd, Hhd, Hhd, Md, Md, Hhd, Md
Gg, Gg, Gg, Gg, Gg, Re^Gvs, Re^Gvs, Re^Gvs, Gg, Gg, Gg, Rd, Rd, Gs, Gs, Gs, Gs, Rb, Ur, Ur, Ur, Ur, Ur, Ur, Ur, Qlf, Qlf, Qlf, Qlf, Qlf, Qlf, Ur, Ur, Rb, Rb, Re, Rb, Ur, Ur, Ur, Hh, Hhd, Hh, Hh, Hhd, Hhd, Hh, Hhd, Hhd, Hhd, Hh, Md, Hhd, Mm, Md
Gg, Gg, Gg, Gg, Gg, Gg, Gg, Gg, Gs, Gg, Gg, Gg, Gs, Rd, Re, Gs, Ur, Ur, Ur, Ur, Qlf, Qlf, Qlf, Rb, Qlf, Qlf, Qlf, Qlf, Qlf, Qlf, Ur, Ur, Qlf, Re, Re, Re, Rb, Ur, Ur, Ur, Hhd, Hhd, Hhd, Hhd, Hhd, Hh, Hhd, Hhd, Hhd, Hhd, Hhd, Hh, Hhd^Vhh, Hhd, Hhd
Gg, Gg, Gs, Gg, Gg, Gg, Gg, Gg, Gg, Gg, Gg, Gs, Gs, Rd, Rd, Ur, Ur, Ur, Qlf, Qlf, Qlf, Qlf, Qlf, Qlf, Qlf, Qlf, Qlf, Qlf, Ur, Ur, Ur, Rb, Qlf, Re, Re, Re, Ur, Ur, Ur, Rb, Rb, Hhd, Hh, Hhd, Hhd, Hhd, Hhd, Qlf, Hhd, Hhd, Hhd, Hhd, Hhd, Hhd, Hhd
Gs, Gg, Gg, Gs, Gg, Gg, Gg, Gg, Gg, Gg, Gs, Gs, Gs, Gg, Gs, Ur, Ur, Ur, Qlf, Qlf, Qlf, Qlf, Qlf, Qlf, Qlf, Qlf, Ur, Ur, Ur, Ur, Ur, Qlf, Qlf, Re, Re, Re, Ur, Ur, Rb, Rb, Rb, Rb, Hh, Hhd, Hhd, Hh, Rb, Hhd, Hhd, Hh, Hh, Hhd, Hhd, Hh, Hhd
Gg, Gg, Gg, Gg, Gs, Gg, Gg, Gg, Gs, Gs, Gs, Gs, Gs, Rb, Ur, Ur, Ur, Qlf, Qlf, Qlf, Ur, Ur, Ur, Qlf, Ur, Ur, Ur, Ur, Ur, Ur, Ur, Re, Re, Re, Re, Ur, Ur, Rb, Re, Re, Re, Re, Hhd, Hh, Rb, Rb, Rb, Rb, Rb, Hhd, Hh, Hhd, Hh, Hhd, Uh
Gg, Gg, Gg, Gg, Gs, Gg, Gs, Gg, Gs, Gs, Gs, Gs, Rb, Ur, Ur, Ur, Qlf, Qlf, Qlf, Qlf, Ur, Ur, Ur, Ur, Ur, Ur, Ur, Re, Re, Re, Re, Re, Gs, Re, Re, Ur, Qlf, Re, Re, Re^Vhr, Re, Re, Hhd, Hh, Re, Rb, Re, Rb, Re, Rb, Re, Re, Gs, Gs, Rb
Gs, Gg, Gs, Gs, Gg, Gg, Gs, Gs, Gs, Gg, Rb, Gs, Gs, Ur, Ur, Qlf, Qlf, Qlf, Ur, Ur, Ur, Ur, Re, Re, Gs, Gs, Gs, Re, Gs, Re, Re, Re, Re, Ur, Re, Ur, Ur, Ur, Re, Re, Re, Re, Gd^Vhr, Gs, Re, Re, Gs, Gs, Re, Re, Re, Ur, Ur, Ur, Ur
Gg, Gg, Gg, Gg, Gg, Gs, Gg, Gs, Gs, Rb, Ur, Ur, Ur, Ur, Ur, Qlf, Ur, Ur, Ur, Ur, Gs, Gs, Gs, Gs, Gs, Gs, Ur, Gs, Ur, Gs, Ur, Re, Re, Re, Re, Re, Gs, Re, Gs, Gs, Gs, Hhd, Gs, Gs, Gs, Re, Re, Re, Ur, Re, Ur, Ur, Qlf, Ur, Qlf
Gg, Gg, Gg, Gs, Gs, Gg, Gs, Gs, Gs, Gs, Ur, Ur, Rb, Qlf, Qlf, Ur, Ur, Ur, Re, Rd, Rd, Gs, Gs, Gs, Gs, Ur, Ur, Ur, Qlf, Ur, Ur, Ur, Gs, Gs, Gs, Gs, Hh, Gs, Hhd, Hhd, Gs, Gs, Gs, Gs, Gs, Re, Rb, Ur, Ur, Ur, Ur, Ur, Qlf, Qlf, Qlf
Gg, Gg, Gg, Gs, Gg, Gs, Rb, Gs, Re, Rb, Ur, Ur, Qlf, Qlf, Qlf, Ur, Ur, Ur, Gs, Gs, Rd, Gs, Gs, Gs, Ur, Ur, Qlf, Qlf, Qlf, Qlf, Qlf, Ur, Ur, Ur, Gs, Gs, Hh, Hh, Gs, Hh, Hh, Hh, Gs, Gs, Gs, Re, Ur, Ur, Ur, Qlf, Qlf, Qlf, Qlf, Qlf, Qlf
Gg, Gs, Gs, Gs, Gs, Gs, Ur, Rb, Ur, Ur, Qlf, Qlf, Qlf, Qlf, Ur, Ur, Ur, Gs, Gs, Gs, Gs, Rd, Gs, Gs, Ur, Ur, Qlf, Qlf, Qlf, Qlf, Qlf, Qlf, Ur, Ur, Gs, Gs, Gs, Hh, Gs, Gs, Gs, Gs, Gs, Gs, Gs, Ur, Ur, Ur, Qlf, Ur, Qlf, Qlf, Qlf, Qlf, Qlf
Gg, Gg, Gg, Gs, Gs, Rb, Ur, Ur, Ur, Qlf, Qlf, Qlf, Qlf, Ur, Ur, Ur, Gs, Gs, Gs, Gs, Gs, Rd, Rd, Gs, Gs, Ur, Ur, Ur, Ur, Ur, Ur, Ur, Ur, Ur, Gs, Gs, Gs, Gs, Gs, Gs, Ur, Gs, Gs, Gs, Gs, Gs, Ur, Ur, Qlf, Ur, Qlf, Qlf, Qlf, Qlf, Qlf
Gg, Gg, Gs, Gs, Gs, Ur, Ur, Ur, Qlf, Qlf, Qlf, Qlf, Rb, Ur, Ur, Ur, Re, Gs, Gg, Gs, Gg, Gs, Rd, Gs, Gs, Ur, Gs, Ur, Gs, Gs, Gs, Ur, Gs, Gs, Gs, Hh, Gs, Gs, Ur, Ur, Ur, Ur, Ur, Gs, Gs, Gs, Gs, Ur, Ur, Qlf, Qlf, Qlf, Qlf, Qlf, Qlf
Gg, Gg, Gs, Gs, Ur, Ur, Rb, Qlf, Qlf, Qlf, Uu^Vu, Ur, Ur, Ur, Ur, Gs, Re, Gs, Gg, Gs, Gs, Gs, Rd, Gs, Gs, Gs, Gs, Gs, Gs, Gs, Gs, Gs, Gs, Gs, Gs, Gg^Vh, Gs, Gs, Ur, Qlf, Qlf, Ur, Ur, Gs, Gs, Gs, Gs, Ur, Ur, Ur, Qlf, Qlf, Qlf, Qlf, Qlf
Gg, Gg, Gs, Gs, Ur, Ur, Qlf, Qlf, Qlf, Qlf, Ur, Ur, Re, Ur, Re, Re, Gs, Gs, Gs, Gs, Gs, Gg, Gs, Rd, Rd, Gs, Gs, Re^Vct, Gs, Gs, Gs, Gs, Gs, Gs, Gs, Gs, Gs, Ur, Ur, Qlf, Qlf, Qlf, Qlf, Ur, Ur, Gs, Gs, Rb, Ur, Ur, Ur, Qlf, Qlf, Qlf, Qlf
Gg, Gs, Rb, Re, Ur, Ur, Qlf, Qlf, Ur, Ur, Ur, Ur, Re, Gs, Gs, Gg, Gs, Gs, Gg, Gs, Hh, Hh, Hh, Gs, Gs, Rd, Rd, Gs, Gs, Gs, Cte, Cte, Cte, Gs, Gs, Gs, Gs, Re^Vct, Ur, Qlf, Qlf, Qlf, Qlf, Ur, Ur, Gs, Gs, Gs, Ur, Ur, Qlf, Qlf, Qlf, Qlf, Qlf
Gs, Gs, Gs, Gs, Ur, Qlf, Qlf, Qlf, Rb, Ur, Ur, Rb, Gs, Gs, Gg, Gs, Gs, Gs, Gs, Gg, Hh, Hh, Hh, Gg, Gs, Gs, Rd, Gs, Gs, Gs, Cte, 1 Ko, Cte, Cte, Gs, Gs, Gs, Gs, Ur, Ur, Ur, Qlf, Ur, Ur, Ur, Gg, Gs, Gs, Gs, Ur, Ur, Ur, Ur, Ur, Ur
Gg, Gs, Gs, Gg, Ur, Qlf, Qlf, Rb, Ur, Ur, Rb, Gs, Gs, Gg, Gg, Gg, Gg, Gs, Gs, Gs, Gg, Hh, Hh, Hh, Gs, Gs, Gg, Rd, Rd, Gs, Gs, Cte, Gs, Gs, Gs, Gs, Re^Vct, Gs, Gs, Ur, Ur, Qlf, Ur, Ur, Gg, Gs^Vht, Gs, Gs, Gs, Gs, Ur, Rb, Gs, Ur, Ur
Gs, Gs, Gs, Ur, Ur, Qlf, Qlf, Ur, Ur, Gs, Gs, Gs, Gg, Gg, Gs, Gs, Gg, Gg, Gs, Gs, Gs, Gg, Gg, Gg, Gs, Gs, Gg, Gs, Rd, Gs, Gs, Gs, Gs, Gs, Gs, Gs, Gs, Gs, Gs, Gs, Gs, Ur, Ur, Gs, Gs, Gs, Gs, Gs, Gs, Gs, Gs, Gs, Gs, Gs, Gs
Gs, Gs, Ur, Ur, Qlf, Qlf, Ur, Ur, Rb, Gs, Gs, Gg, Gg, Gg, Gg, Gg, Gg, Gg, Gg, Gs, Gs, Gs, Gs, Gs, Gg, Gg, Gg, Gg, Gg, Rd, Gs, Gs, Gs, Gs, Gs, Gs, Gs, Gs, Gs, Gg, Gs, Gs, Gs, Gs, Gs, Gs, Gs, Gs, Gs, Gs, Gs, Gs, Gs, Gs, Gs
