Xu, Xu, Xu, Xu, Xu, Xu, Xu, Xu, Xu, Xu, Xu, Xu, Xu, Xu, Xu, Xu, Xu, Xu, Xu, Xu, Xu, Xu, Xu, Xu, Xu, Xu, Xu, Xu, Xu, Xu, Xu, Xu, Xu, Xu, Xu, Xu, Xu, Xu, Xu, Xu, Xu, Xu, Xu, Xu, Xu, Xu, Xu, Xu, Xu, Xu, Xu, Xu, Xu, Xu, Xu, Xu, Xu, Xu, Xu, Xu, Xu, Xu, Xu, Xu, Xu, Xu, Xu, Xu, Xu, Xu, Xu, Xu, Xu, Xu, Xu, Xu, Xu, Xu, Xu, Xu, Xu, Xu, Xu, Xu, Xu, Xu, Xu, Xu, Xu, Xu, Xu, Xu, Xu, Xu, Xu, Xu, Xu, Xu, Xu, Xu, Xu, Xu, Xu, Xu, Xu, Xu, Xu, Xu, Xu, Xu, Xu, Xu, Xu, Xu, Xu, Xu, Xu, Xu, Xu, Xu, Xu, Xu, Xu
Xu, Xu, Xu, Xu, Xu, Xu, Xu, Xu, Xu, Xu, Xu, Xu, Xu, Xu, Xu, Xu, Xu, Xu, Xu, Xu, Xu, Xu, Xu, Xu, Xu, Xu, Xu, Xu, Xu, Xu, Xu, Xu, Wo, Xu, Xu, Xu, Wo, Wo, Wo, Xu, Xu, Xu, Xu, Xu, Xu, Xu, Xu, Xu, Xu, Xu, Xu, Xu, Xu, Xu, Xu, Xu, Xu, Xu, Xu, Xu, Xu, Xu, Xu, Xu, Xu, Xu, Xu, Xu, Xu, Xu, Xu, Xu, Xu, Xu, Xu, Xu, Xu, Xu, Xu, Xu, Xu, Xu, Xu, Xu, Xu, Xu, Xu, Uu^Vu, Xu, Xu, Cud, Uh, Uu, Xu, Uu, Xu, Xu, Xu, Xu, Xu, Xu, Xu, Uu, Xu, Uu, Xu, Uh, Xu, Xu, Xu, Xu, Xu, Xu, Xu, Xu, Xu, Xu, Xu, Xu, Xu, Xu, Xu, Xu
Xu, Xu, Wo, Wo, Xu, Xu, Wo, Xu, Xu, Xu, Wo, Xu, Xu, Xu, Wo, Wo, Xu, Xu, Xu, Xu, Wo, Xu, Xu, Xu, Wo, Wo, Wo, Wo, Wo, Xu, Wo, Wo, Xu, Xu, Xu, Wo, Xu, Xu, Xu, Wo, Xu, Xu, Xu, Xu, Xu, Xu, Xu, Xu, Xu, Xu, Xu, Xu, Xu, Xu, Xu, Xu, Xu, Xu, Xu, Xu, Xu, Xu, Xu, Xu, Xu, Xu, Xu, Xu, Xu, Xu, Xu, Xu, Xu, Xu, Xu, Xu, Xu, Xu, Xu, Xu, Xu, Xu, Xu, Xu, Xu, Xu, Xu, Xu, Cud, Cud, 7 Kud, Cud, Cud, Ur, Ur, Uh, Xu, Xu, Xu, Xu, Uu, Uu, Xu, Uu, Uu, Uu, Uu^Vu, Xu, Xu, Xu, Xu, Xu, Xu, Xu, Xu, Xu, Xu, Xu, Xu, Xu, Xu, Xu, Xu
Xu, Wo, Xu, Xu, Xu, Xu, Wo, Xu, Wo, Xu, Wo, Xu, Xu, Wo, Xu, Xu, Xu, Xu, Wo, Wo, Xu, Wo, Wo, Xu, Xu, Xu, Wo, Xu, Xu, Xu, Wo, Xu, Wo, Xu, Xu, Wo, Wo, Xu, Wo, Wo, Xu, Xu, Xu, Xu, Xu, Xu, Qlf, Xu, Qlf, Qlf, Qlf, Qlf, Qlf, Xu, Xu, Xu, Xu, Xu, Xu, Xu, Xu, Xu, Xu, Xu, Xu, Xu, Xu, Xu, Xu, Xu, Xu, Xu, Xu, Xu, Xu, Xu, Xu, Xu, Xu, Xu, Xu, Xu, Xu, Xu, Xu, Xu, Xu, Xu, Uh, Cud, Cud, Cud, Cud, Cud, Uu, Xu, Xu, Xu, Xu, Xu, Uu, Xu, Xu, Xu, Xu, Xu, Xu, Xu, Xu, Xu, Xu, Xu, Xu, Xu, Xu, Xu, Xu, Xu, Xu, Xu, Xu, Xu, Xu
Xu, Wo, Xu, Xu, Xu, Xu, Wo, Wo, Xu, Wo, Wo, Xu, Xu, Wo, Wo, Wo, Xu, Xu, Wo, Xu, Wo, Xu, Wo, Xu, Xu, Xu, Wo, Xu, Xu, Xu, Wo, Wo, Xu, Xu, Xu, Wo, Xu, Wo, Wo, Xu, Xu, Xu, Qlf, Qlf, Qlf, Qlf, Qlf, Qlf, Qlf, Qlf, Qlf, Qlf, Qlf, Qlf, Qlf, Qlf, Uu^Vud, Xu, Xu, Xu, Xu, Xu, Xu, Xu, Xu, Xu, Xu, Xu, Xu, Xu, Xu, Xu, Xu, Xu, Xu, Xu, Xu, Xu, Xu, Xu, Xu, Xu, Xu, Xu, Xu, Xu, Xu, Uh, Uu, Uu, Uu, Cud, Ur, Uu, Xu, Xu, Ur, Uu, Xu, Uu, Ur, Xu, Xu, Xol, Xol, Xu, Xu, Xu, Xu, Xu, Xu, Xu, Xu, Xu, Xu, Xu, Xu, Xu, Xu, Xu, Xu, Xu, Xu
Xu, Wo, Wo, Xu, Xu, Xu, Wo, Xu, Xu, Xu, Wo, Xu, Xu, Wo, Xu, Xu, Wo, Xu, Wo, Wo, Xu, Wo, Wo, Xu, Xu, Xu, Wo, Xu, Xu, Xu, Wo, Xu, Wo, Wo, Xu, Wo, Xu, Xu, Xu, Wo, Xu, Xu, Qlf, Qlf, Qlf, Qlf, Qlf, Qlf, Qlf, Qlf, Qlf, Qlf, Qlf, Qlf, Uu^Vud, Urb, Cud, Xu, Xu, Xu, Xu, Xu, Xu, Xu, Xu, Xu, Xu, Xu, Xu, Xu, Xu, Xu, Xu, Xu, Ql, Xu, Ql, Xu, Xu, Xu, Xu, Xu, Xol, Xol, Xu, Xu, Xu, Xu, Uu, Uu, Uu, Uu, Uu, Uu, Ur, Uh, Xu, Xu, Uu^Vu, Xu, Ur, Uu, Xu, Uu, Xu, Xu, Xu, Xu, Xu, Xu, Xu, Xu, Xu, Xu, Xu, Xu, Xu, Xu, Xu, Xu, Xu, Xu, Xu
Xu, Xu, Xu, Wo, Xu, Xu, Xu, Xu, Xu, Xu, Xu, Xu, Xu, Wo, Wo, Wo, Xu, Xu, Wo, Xu, Xu, Xu, Wo, Xu, Xu, Xu, Xu, Xu, Xu, Xu, Xu, Wo, Xu, Xu, Xu, Wo, Xu, Xu, Xu, Wo, Xu, Xu, Qlf, Qlf, Qlf, Qlf, Qlf, Qlf, Cud, Qlf, Qlf, Qlf, Uu^Vud, Urb, Cud, Cud, Cud, Xu, Xu, Xu, Xu, Xu, Xu, Xu, Xu, Xu, Xu, Xu, Xu, Xu, Xu, Xu, Xu, Ql, Ql, Ql, Ql, Xu, Ql, Xu, Xu, Xu, Xu, Uu, Uu, Xu, Uu, Xu, Xu, Uu, Xu, Uu, Xu, Uh, Xu, Xu, Uu, Uu, Xu, Xu, Ur, Xu, Xu, Uu, Ur, Xu, Uh, Xu, Uh, Xu, Xu, Xu, Xu, Xu, Xu, Xu, Uu, Xu, Xu, Xu, Xu, Xu, Xu
Xu, Xu, Xu, Xu, Xu, Xu, Xu, Xu, Xu, Xu, Xu, Xu, Xu, Xu, Xu, Xu, Xu, Xu, Xu, Xu, Xu, Xu, Xu, Xu, Xu, Xu, Xu, Xu, Xu, Xu, Xu, Xu, Xu, Xu, Xu, Xu, Xu, Xu, Xu, Xu, Qlf, Qlf, Qlf, Qlf, Qlf, Qlf, Qlf, Cud, Urb, Urb, Cud, Urb, Cud, Cud, Cud, Cud, Cud, Xu, Xu, Xu, Xu, Xu, Xu, Xu, Xu, Xu, Xu, Xu, Xu, Xu, Xu, Xu, Ql, Ql, Uu^Vud, Ql, Ql, Ql, Ql, Xu, Xu, Xu, Xu, Uu, Uu, Uu, Xu, Uu, Xu, Xu, Xu, Xu, Xu, Xu, Xu, Ur, Xu, Xu, Uu, Xu, Xu, Uu, Ur, Xu, Xu, Uu, Uu, Uu, Ur, Uh, Xu, Xu, Xu, Uu, Ur, Uu, Ur, Uh, Xu, Xu, Xu, Xu, Xu
Xu, Xu, Xu, Xu, Xu, Xu, Wo, Wo, Wo, Xu, Xu, Xu, Xu, Xu, Wo, Xu, Xu, Xu, Xu, Xu, Wo, Xu, Xu, Xu, Xu, Xu, Xu, Xu, Wo, Xu, Xu, Xu, Xu, Xu, Xu, Xu, Xu, Xu, Xu, Xu, Qlf, Qlf, Qlf, Qlf, Qlf, Qlf, Qlf, Urb, Urb, Urb, Cud, Cud, Xu, Cud, Ql, Xu, Ql, Ql, Ql, Xu, Xu, Xu, Xu, Xu, Ql, Xu, Xu, Xu, Xu, Xu, Ql, Ql, Ql, Ql, Cud, Cud, Cud, Ql, Ql, Ql, Ql, Xu, Xu, Xu, Xu, Xu, Ur, Ur, Xu, Xu, Xu, Xu, Xu, Xu, Ur, Ur, Xu, Uu, Xu, Ur, Ur, Xu, Uu, Xu, Uu, Xu, Uu, Xu, Xu, Ur, Xu, Uu, Uu, Ur, Ur, Ur, Ur, Ur, Uu, Xu, Xu, Xu, Xu
Xu, Xu, Xu, Xu, Xu, Xu, Xu, Wo, Xu, Xu, Xu, Xu, Xu, Wo, Wo, Wo, Xu, Xu, Xu, Wo, Wo, Wo, Xu, Xu, Xu, Xu, Xu, Wo, Wo, Wo, Xu, Xu, Xu, Xu, Xu, Xu, Xu, Xu, Xu, Qlf, Qlf, Qlf, Qlf, Qlf, Qlf, Qlf, Urb, Cud, Cud, Cud, Cud, Xu, Ql, Ql, Ql, Ql, Ql, Ql, Xu, Xu, Xu, Xu, Ql, Xu, Ql, Ql, Xu, Xu, Xu, Xu, Ql, Ql, Ql, Cud, Cud, Cud, Cud, Cud, Ql, Ql, Ql, Ql, Xu, Xu, Xu, Xu, Xu, Uh, Uu, Xu, Xu, Uh, Uh, Xu, Ur, Xu, Uu, Ur, Xu, Xu, Xu, Uu, Uu, Xu, Xu, Ur, Ur, Xu, Xu, Ur, Xu, Ur, Xu, Xu, Xu, Uu, Xu, Uu, Uu, Xu, Xu, Xu, Xu
Xu, Xu, Xu, Xu, Xu, Xu, Xu, Wo, Xu, Xu, Xu, Xu, Xu, Xu, Wo, Xu, Xu, Xu, Xu, Xu, Wo, Xu, Xu, Xu, Xu, Xu, Xu, Xu, Wo, Xu, Xu, Xu, Xu, Xu, Xu, Xu, Xu, Xu, Xu, Qlf, Qlf, Qlf, Qlf, Qlf, Qlf, Qlf, Uu^Vud, Cud, Cud, Cud, Urb, Ql, Ql, Ql, Ql, Ql, Ql, Ql, Ql, Xu, Xu, Xu, Ql, Ql, Ql, Ql, Ql, Ql, Ql, Ql, Ql, Ql, Ql^Bcx/, Urb, Urb, Cud, Ql, Uu^Vud, Ql, Ql, Ql, Ql, Xu, Xu, Xu, Xu, Xue, Xu, Uue, Xu, Xu, Uh, Ur, Uu, Uu, Xu, Uu, Xu, Uu, Uu, Ur, Xu, Xu, Ur, Uu, Xu, Uu, Uu, Xu, Uu, Uu, Ur, Xu, Uu, Xu, Xu, Xu, Xu, Ur, Xu, Xu, Xu, Xu
Xu, Xu, Xu, Xu, Xu, Xu, Xu, Xu, Xu, Xu, Xu, Xu, Xu, Xu, Xu, Xu, Xu, Xu, Xu, Xu, Xu, Xu, Xu, Xu, Xu, Xu, Xu, Xu, Xu, Xu, Xu, Xu, Xu, Xu, Xu, Xu, Xu, Xu, Xu, Xu, Qlf, Qlf, Qlf, Qlf, Qlf, Qlf, Urb, Cud, Cud, Cud, Ql, Ql^Bcx\, Ql^Bcx\, Ql, Urb, Urb, Urb, Urb, Cud^Es, Ql, Ql, Ql, Ql, Cud^Edt, Urb, Ql, Urb, Ql, Ql, Ql, Ql^Bcx/, Ql^Bcx/, Ql^Bcx/, Ql^Bcx/, Ql, Ql, Ql, Ql, Ql, Ql, Xu, Xu, Xu, Xu, Xue, Xue, Uue, Xu, Ur, Uue, Uu, Uu, Ur, Ur, Uu, Uu, Xu, Xu, Xu, Xu, Xu, Ur, Xu, Uh, Xu, Ur, Xu, Uu, Xu, Xu, Xu, Uu, Ur, Ur, Ur, Uu^Vu, Xu, Xu, Uu, Xu, Xu, Xu, Xu
Xu, Xu, Xu, Xu, Xu, Xu, Xu, Wo, Xu, Xu, Xu, Xu, Xu, Xu, Wo, Xu, Xu, Xu, Xu, Xu, Wo, Xu, Xu, Xu, Xu, Xu, Xu, Xu, Wo, Xu, Xu, Xu, Xu, Xu, Xu, Xu, Xu, Xu, Xu, Xu, Xu, Qlf, Qlf, Qlf, Qlf, Qlf, Uu^Vud, Cud, Cud, Xu, Ql, Ql, Ql, Urb, Urb, Urb, Urb, Urb, Cud^Es, Urb, Urb, Ur, Urb, Cud^Edt, Urb, Urb, Urb, Urb, Urb, Ql^Bcx/, Ql^Bcx/, Ql^Bcx/, Ql, Ql, Ql, Xu, Xu, Ql, Xu, Xu, Uu, Xu, Xu, Xue, Uue, Sm, Xue, Uue, Xue, Xue, Xu, Xu, Xu, Xu, Xu, Uu, Uu, Uh, Uh, Xu, Xu, Uh, Ur, Uh, Ur, Xu, Uu, Xu, Xu, Uh, Ur, Xu, Xu, Xu, Xu, Xu, Xu, Xu, Uh, Xu, Xu, Xu, Xu
Xu, Xu, Xu, Xu, Xu, Xu, Xu, Xu, Xu, Xu, Xu, Xu, Xu, Xu, Xu, Xu, Xu, Xu, Xu, Xu, Xu, Xu, Xu, Xu, Xu, Xu, Xu, Xu, Xu, Xu, Xu, Xu, Xu, Xu, Xu, Xu, Xu, Xu, Xu, Xu, Xu, Xu, Qlf, Qlf, Qlf, Qlf, Urb, Cud, Cud, Cud, Ql, Ql, Urb, Urb, Urb, Urb, Urb, Urb, Cud^Es, Qlf, Urb, Urb, Urb, Cud^Edt, Cud^Edt, Urb, Urb, Urb, Urb, Urb, Urb, Ql, Ql, Ql, Xu, Xu, Xu, Xu, Ur, Ur, Uu, Uu^Vu, Xu, Xu, Sm, Sm, Xue, Xue, Xue, Xue, Xu, Xu, Uu, Uu, Uu, Xu, Xu, Ur, Uu, Xu, Uu, Uh, Xu, Xu, Xu, Uu, Xu, Ur, Ur, Uu, Uh, Uu, Ur, Xu, Ur, Xu, Uu, Uu, Xu, Xu, Xu, Xu, Xu
Xu, Xu, Xu, Xu, Xu, Xu, Xu, Xu, Xu, Xu, Xu, Xu, Xu, Xu, Xu, Xu, Xu, Xu, Xu, Xu, Xu, Xu, Xu, Xu, Xu, Xu, Xu, Xu, Xu, Xu, Xu, Xu, Xu, Xu, Xu, Xu, Xu, Xu, Xu, Xu, Xu, Xu, Xu, Qlf, Qlf, Qlf, Uu^Vud, Cud, Xu, Cud, Ql, Ql, Urb, Urb, Urb, Urb, Cud^Es, Cud^Es, Urb, Qlf, Urb, Urb, Urb, Qlf, Qlf, Cud^Edt, Cud^Edt, Urb, Urb, Urb, Urb, Urb, Ql, Ql, Xu, Xu, Uu, Ur, Xu, Xu, Xu, Xu, Xue, Xue, Sm, Xue, Xu, Xu, Uh, Uu, Uu, Xu, Ur, Xu, Uh, Uu, Uu, Xu, Xu, Ur, Ur, Ur, Uu, Uu, Uu, Xu, Uu, Xu, Xu, Xu, Xu, Uu, Xu, Ur, Xu, Uu, Ur, Xu, Xu, Xu, Xu, Xu, Xu
Xu, Xu, Xu, Xu, Xu, Xu, Xu, Xu, Xu, Xu, Xu, Xu, Xu, Xu, Xu, Xu, Xu, Xu, Xu, Xu, Xu, Xu, Xu, Xu, Xu, Xu, Xu, Xu, Xu, Xu, Xu, Xu, Xu, Xu, Xu, Xu, Xu, Xu, Xu, Xu, Xu, Xu, Xu, Qlf, Qlf, Qlf, Xu, Xu, Xu, Xu, Ql, Cud^Es, Cud^Es, Cud^Es, Cud^Es, Cud^Es, Qlf, Urb, Urb, Urb, Urb, Urb, Urb, Urb, Urb, Urb, Qlf, Cud^Edt, Cud^Edt, Urb, Ql, Ql, Ql, Ql, Xu, Xu, Uu, Xu, Uh, Xu, Uu, Uh, Uue, Uue, Xue, Xue, Uu, Uu, Xu, Uh, Xu, Ur, Xu, Uh, Xu, Xu, Xu, Xu, Uu, Xu, Xu, Uu, Xu, Uh, Xu, Uu, Xu, Uu, Xu, Xu, Xu, Xu, Xu, Xu, Xu, Uu, Xu, Xu, Xu, Xu, Xu, Xu, Xu
Xu, Xu, Xu, Xu, Xu, Xu, Xu, Xu, Xu, Xu, Xu, Xu, Xu, Xu, Xu, Xu, Wwg, Xu, Xu, Xu, Wwg, Xu, Xu, Xu, Xu, Xu, Xu, Xu, Xu, Xu, Xu, Xu, Xu, Xu, Xu, Xu, Xu, Xu, Xu, Xu, Xu, Xu, Xu, Xu, Xu, Xu, Xu, Xu, Xu, Xu, Ql, Ql, Urb, Qlf, Urb, Qlf, Urb, Urb, Urb, Urb, Urb, Urb, Qlf, Urb, Urb, Urb, Urb, Qlf, Urb, Cud^Edt, Ql, Xu, Xu, Xu, Xu, Xu, Xu, Uu, Uu, Uu, Xu, Uue, Xu, Xue, Xue, Uu, Xu, Xu, Xu, Xu, Xu, Xu, Xu, Xu, Xu, Xu, Xu, Uu, Uu^Vu, Xu, Xu, Xu, Xu, Xu, Xu, Xu, Uu^Vu, Uu, Ur, Uu, Uu, Uh, Xu, Xu, Ur, Uu, Xu, Xu, Xos, Xos, Xos, Xu, Xu
Xu, Xu, Xu, Xu, Xu, Xu, Xu, Xu, Wog, Xu, Xu, Xu, Xu, Xu, Wwg, Wwg, Wog, Wwg, Wwg^Vm, Wwg, Wwg, Wwg, Wwg, Xu, Xu, Xu, Xu, Xu, Xu, Xu, Xu, Xu, Xu, Xu, Xu, Xu, Xu, Xu, Xu, Xu, Xu, Xu, Xu, Xu, Xu, Xu, Xu, Xu, Ql, Ql, Uu, Ur, Ur, Urb, Ur, Urb, Urb, Urb, Urb, Urb, Urb, Urb^Vu, Qlf, Qlf, Qlf, Urb, Ur, Urb, Ur, Ql, Ql, Xu, Xu, Xu, Xu, Xu, Xu, Ur, Uu, Xu, Xu, Xu, Xu, Xu, Xu, Uu, Ur, Xu, Xu, Xu, Uu, Uu, Uu, Xu, Xu, Xu, Xu, Uh, Uu, Uu, Ur, Ur, Uu, Uu, Ur, Xu, Xu, Ur, Ur, Ur, Xu, Uh, Xu, Ur, Uu, Xu, Xos, Xos, Uu, Urb, Uu, Xos, Xos
Xu, Xu, Xu, Xu, Xu, Xu, Wog, Wog, Wog, Wog, Wog, Wog, Wog, Wog, Wwg, Wwg, Wwg, Wwg, Wwg, Wwg, Wog, Wwg, Wwg, Xu, Xu, Xu, Xu, Xu, Xu, Xu, Xu^_fme, Xu^_fme, Xu^_fme, Xu^_fme, Xu^_fme, Xu^_fme, Xu^_fme, Xu^_fme, Xu^_fme, Xu^_fme, Xu^_fme, Xu^_fme, Xu^_fme, Xu, Xu, Xu, Xu, Xu, Ql, Uu, Uu, Uu, Ur, Ur, Qlf, Qlf, Urb, Urb, Urb, Urb, Urb, Urb, Qlf, Qlf, Qlf, Ur, Ur, Ur, Ur, Ql, Ql, Ql, Xu, Xu, Uh, Uh, Uu, Uu, Uu, Xu, Uu, Uu, Uu, Xu, Xu, Xu, Xu, Uu, Uu, Uu, Urb, Urb, Urb, Cud, Uu, Xu, Xu, Xu, Xu, Ur, Xu, Ur, Uu, Xu, Uu, Ur, Xu, Uu, Ur, Xu, Uu, Uu, Uh, Xu, Xu, Ur, Uu, Chr, Urb, Urb, Urb, Xos, Xos
Xu, Xu, Xu, Xu, Wog, Wog, Wog, Wog, Wog, Wog, Wog, Wog, Wog, Wog, Wog, Wwg, Wwg, Wwg, Wwg, Wwg, Wwg, Wwg, Wwg, Wwg, Wog, Xu, Xu, Xu, Xu, Xu^_fme, Wog^_fme, Wog^_fme, Wog^_fme, Uh^_fme, Md^_fme, Md^_fme, Mm^_fme, Mm^_fme, Ms^_fme, Ms^_fme, Ms^_fme, Ai^_fme, Ai^_fme, Xu^_fme, Xu, Xu, Xu, Xu, Qlf, Uh, Uu, Ur, Ur, Ur, Ur, Urb, Urb, Urb, Cud, Cud, Cud, Urb, Urb, Ur, Ur, Qlf, Ur, Ur, Ur, Uh, Ql, Xu, Xu, Xu, Xu, Uh, Uu, Uh, Xu, Uu, Xu, Ur, Uu, Xu, Xu, Xu, Uu, Uu, Urb, Urb, Uu, Uu, Cud, Urb, Urb, Cud, Uu, Xu, Xu, Xu, Xu, Xu, Xu, Xu, Uu, Ur, Xu, Xu, Uh, Uu, Uu, Uu, Xu, Xu, Xu, Xu, Uu, Uu, Urb, Urb, Urb, Uu^Vu, Xos
Xu, Xu, Xu, Xu, Wog, Wog, Wwg, Wwrg, Wwrg, Wog, Wog, Wog, Wog, Wog, Wog, Wog, Wog, Wwg, Wog, Wwg, Wwg, Wwg, Wwg, Wwg, Wog, Xu, Xu, Xu, Xu, Xu^_fme, Mm^_fme, Uh^_fme, Mm^_fme, Wog^_fme, Wog^_fme, Md^_fme, Md^_fme, Mm^_fme, Ms^_fme, Ms^_fme, Ms^_fme, Wog^_fme, Wog^_fme, Xu^_fme, Xu, Xu, Xu, Xu, Xu, Qlf, Qlf, Ur, Ur, Ur, Ur, Ur, Urb, Cud, Cud, 8 Kud, Cud, Cud, Urb, Urb, Ur, Ur, Ql, Ur, Ql, Ql, Ql, Xu, Xu, Xu, Xu, Uu, Ur, Xu, Xu, Xu, Xu, Uu, Xu, Xu, Xu, Uu, Urb, Urb, Uu, Uu, Xu, Xu, Xu, Uu, Cud, Urb, Urb, Cud, Uu, Xu, Xu, Xu, Uu, Uu, Uu, Uu, Xu, Xu, Uu, Xu, Xu, Xu, Xu, Xu, Xu, Xu, Uu, Uu, Urb, Urb, Urb, Uu, Xos
Xu, Xu, Xu, Wog, Wog, Wog, Wwg, Wog, Wwrg, Wog, Wog, Wog, Wog, Wog, Wog, Wog, Wog, Wog, Wog, Wwg, Wog, Wog, Wog, Wog, Wog, Xu, Xu, Xu, Xu, Xu^_fme, Urb^_fme, Mm^_fme, Mm^Xm, Uh, Wog, Md, Ms, Md, Ms, Ms, Ms, Wog, Wog^_fme, Xu^_fme, Xu, Xu, Xu, Xu, Qlf, Qlf, Uu, Ur, Ur, Uu^Vu, Qlf, Ur, Ur, Urb, Urb, Cud, Urb, Urb, Ur, Ur, Ur, Ur, Ql, Ql, Xu, Xu, Xu, Xu, Uu, Xu, Uu, Ur, Xu, Xu, Xu, Xu, Xu, Xu, Cud, Xu, Urb, Urb, Uu, Uu, Xu, Uu, Uh, Xu, Uu, Xu, Xu, Uu, Cud, Urb, Urb, Cud, Uu, Uu, Xu, Xu, Xu, Xu, Xu, Xu, Uu, Xu, Uh, Xu, Uu, Xu, Xu, Uu^Vu, Uu, Chr, Uu, Urb, Uu, Xos, Xu
Xu, Xu, Ds, Wog, Wog, Wog, Wog, Wwg, Wwg, Wog, Wog, Wog, Wog, Wog, Wog, Wog, Wog, Wog, Wog, Wog, Wog, Wog, Wog, Wog, Wog, Wog, Xu, Xu, Xu, Xu^_fme, Uh^_fme, Urb^_fme, Uh, Uh, Ms^Xm, Uh, Uh, Hhd, Ms, Ms, Uh, Md, Md^_fme, Xu^_fme, Xu, Xu, Xu, Xu, Qlf, Qlf, Ur, Ur, Qlf, Qlf, Uu, Qlf, Qlf, Urb, Urb, Urb, Urb, Ur, Ur, Ur, Ur, Qlf, Qlf, Xu, Xu, Xu, Ur, Uu, Xu, Uu, Xu, Xu, Uu^Vu, Xu, Ur, Uu, Uu, Uu, Xu, Urb, Xu, Xu, Xu, Xu, Uu, Uu^Vu, Xu, Uu, Xu, Uu, Xu, Xu, Xu, Uu, Cud, Urb, Uu, Ur, Ur, Xu, Uu, Xu, Ur, Uu, Xu, Xu, Uu, Uu, Uu, Xu, Xu, Xu, Uu, Xos, Xos, Urb, Xos, Xos, Xu
Xu, Xu, Ds, Ds, Wog, Wog, Wog, Wog, Wog, Wog, Wog, Wwg, Wog, Wog, Wog, Wog, Wog, Wog, Wog, Wog, Wog, Wog, Wog, Wog, Wog, Wog, Wog, Xu, Xu, Xu^_fme, Uh^_fme, Urb^_fme, Urb, Md^Xm, Md^Xm, Md^Xm, Uu, Uu, Uu, Uu, Aa, Aa, Uu^_fme, Xu^_fme, Xu, Xu, Xu, Xu, Xu, Qlf, Uu, Ur, Ur, Ur, Ur, Qlf, Ur, Urb, Urb, Urb, Qlf, Qlf, Qlf, Ur, Ur, Uh, Qlf, Xu, Uh, Uu, Ur, Xu, Xu, Xu, Xu, Xu, Uu, Ur, Xu, Xu, Xu, Xu, Xu, Cud, Xu, Xu, Xu, Xu, Uu, Xu, Xu, Xu, Xu, Xu, Xu, Xu, Xu, Xu, Uu, Uu, Uu, Ur, Xu, Ur, Xu, Uu, Xu, Xu, Xu, Uu, Ur, Ur, Xu, Xu, Xu, Xu, Ur, Xu, Xu, Xos, Xu, Xu, Xu
Xu, Xu, Ds, Ds, Ds, Wog, Wog, Wog, Wog, Wog, Wwrg, Wog, Wog, Wwg, Wog, Wwg, Wwg, Wog, Wog, Wog, Wog, Wog, Wog, Wog, Wog, Wog, Wog, Wog, Xu, Xu^_fme, Ms^_fme, Uh^_fme, Md^Xm, Urb, Urb, Uu, Ql, Ql, Ql, Ql, Qxu, Ql, Qxu, Xu^_fme, Xu, Xu, Xu, Xu, Xu, Qlf, Qlf, Uu, Ur, Ur, Ur, Ur, Ur, Urb, Urb, Urb, Qlf, Qlf, Ur, Ur, Ur, Ur, Qlf, Xu, Xu, Uu, Xu, Xu, Uu, Uu, Ur, Uu, Xu, Xu, Uh, Xu, Uh, Xu, Xu, Uu, Xu, Xu, Xu, Xu, Xu, Uu, Xu, Xu, Uu, Uu, Uu, Xu, Uu, Uu, Xu, Xu, Xu, Uu, Ur, Xu, Xu, Xu, Xu, Xu, Xu, Xu, Xu, Ur, Uu, Xu, Xu, Xu, Ur, Xu, Xu, Xu, Xu, Xu, Xu
Xu, Xu, Ds, Ds, Ds, Wog, Wog, Wog, Wog, Wwrg, Wog, Wog, Wwrg, Wog, Wog, Wog, Wog, Wog, Wog, Wog, Wog, Wog, Wog, Wog, Wog, Wog, Wog, Wog, Xu, Xu^_fme, Ai^_fme, Wog^_fme, Ms, Uu, Ql, Urb, Urb, Ql, Qxu, Qxu, Urb, Qxu, Uu, Xu, Xu, Xu, Xu, Xu, Xu, Xu, Xu, Qlf, Qlf, Qlf, Uu, Qlf, Qlf, Urb, Urb, Qlf, Ur, Ur, Qlf, Uu, Ur, Qlf, Xu, Xu, Uu, Uu, Uu, Ur, Ur, Xu, Xu, Xu, Xu, Uh, Ur, Uh, Xu, Xu, Ur, Ur, Uu, Xu, Xol, Xol, Xu, Uu, Xu, Uu, Xu, Xu, Uu, Uu, Uu, Xu, Xu, Ur, Xu, Xu, Uh, Uu, Ur, Ur, Uu, Xu, Xue, Xue, Xue, Xu, Xue, Ur, Xu, Xu, Uu, Uu, Xu, Xu, Xu, Xu, Xu
Xu, Xu, Ds, Ds, Wog, Wog, Wog, Wog, Wog, Wog, Wog, Wog, Wog, Wwrg, Wog, Wog, Wog, Wog, Wog, Wog, Wog, Wog, Wog, Wog, Wog, Wog, Wog, Wog, Xu, Xu^_fme, Md^_fme, Ms^_fme, Uu, Uu, Ql, Ql, Ql, Urb, Urb, Urb, Cud, Cud, Uh, Xu, Xu, Xu, Xu, Xu, Xu, Xu, Xu, Xu, Xu, Qlf, Ur, Qlf, Qlf, Urb, Urb, Ur, Ur, Uu, Qlf, Qlf, Qlf, Qlf, Xu, Xu, Uu, Uu, Xu, Xu, Uh, Ur, Ur, Uu, Uu, Uu, Xu, Ur, Uu, Uu, Uu, Uh, Xu, Xu, Xu, Uu, Uu, Uu, Xu, Uu^Vu, Xu, Uu, Uu, Uu, Uu, Xu, Uh, Ur, Xu, Xu, Uu, Xu, Xu, Xu, Uu, Xue, Uue, Sm, Sm, Xue, Ur, Uu, Uu, Ur, Xu, Xu, Xu, Xu, Xu, Xu, Xu
Xu, Xu, Wog, Wog, Wog, Wog, Wog, Wog, Wog, Wog, Wwg^Vm, Wog, Wog, Wog, Wog, Wog, Wwrg, Wog, Wog, Wog, Wog, Wog, Wog, Wog, Wog, Wog, Wog, Wog, Xu, Xu^_fme, Uh^_fme, Md^_fme, Wog, Ql, Ql, Ql, Qxu, Qxu, Urb, 1 Urb, Cud, Cud, Cud, Xu, Xu, Xu, Xu, Xu, Xu, Xu, Xu, Xu, Xu, Qlf, Ur, Ur, Ur, Ur, Urb, Ur, Ur, Uu^Vu, Qlf, Xu, Xu, Xu, Uu, Uu, Uu, Uu, Xu, Xu, Xu, Xu, Xu, Uu, Xu, Xu, Xu, Xu, Xu, Uh, Uh, Uh, Xu, Xu, Xu, Xu, Xu, Xu, Uu, Xu, Xu, Xu, Xu, Xu, Xu, Xu, Uu, Xu, Xu, Xu, Xu, Uu^Vu, Xu, Xu, Xu, Uu, Uue, Sm, Sm, Ur, Uue, Ur, Xu, Xu, Xu, Xu, Xu, Xu, Xu, Xu, Xu
Xu, Xu, Wog, Wog, Wog, Wog, Wog, Wog, Wog, Wog, Wog, Wog, Wog, Wwrg, Wog, Wwg, Wwg, Wog, Wog, Wog, Wog, Wog, Wog, Wog, Wog, Wog, Wog, Xu, Xu, Xu^_fme, Md^_fme, Uh^_fme, Uu, Ql, Ql, Ql, Qxu, Qxu, Uu, Cud, Cud, Kud, Cud, Urb, Urb, Xu, Xu, Xu, Xu, Xu, Xu, Xu, Qlf, Qlf, Uu, Ur, Ur, Urb, Urb, Ur, Ur, Qlf, Xu, Xu, Uu, Uu, Xu, Uu, Xu, Xu, Xu, Xu, Xu, Xu, Xu, Xu, Xu, Xu, Ms^Xm, Xu, Xu, Xu, Xu, Xu, Xu, Xu, Xu, Xu, Xu, Uu, Uu, Xu, Xu, Xu, Xu, Xu, Uu, Uu, Uu, Xu, Xu, Xu, Xu, Xu, Xu, Uu, Uu, Xu, Xu, Sm, Xue, Sm, Uue, Xue, Xu, Xu, Xu, Xu, Xu, Xu, Xu, Xu, Xu
Xu, Xu, Xu, Wog, Wog, Wog, Wog, Wog, Wog, Wog, Wog, Wog, Wog, Wog, Wog, Wog, Wog, Wwg, Wog, Wog, Wog, Wog, Wog, Wog, Wog, Wog, Wog, Wog, Xu, Xu^_fme, Uh^_fme, Uh^_fme, Uu, Ql, Ql, Qxu, Qxu, Qxu, Uh, Cud, Cud, Cud, Cud, Xu, Xu, Urb, Urb, Xu, Xos, Xu, Xu, Xu, Xu, Qlf, Qlf, Qlf, Qlf, Urb, Qlf, Urb, Qlf, Qlf, Xu, Xu, Uu, Xu, Xu, Xu, Xu, Xu, Ms^Xm, Ms^Xm, Ms^Xm, Ms^Xm, Ms^Xm, Ms^Xm, Ms^Xm, Ms^Xm, Ms, Ms^Xm, Ms^Xm, Xu, Xu, Xu, Xu, Xu, Xu, Xu, Uu, Uu, Uh, Uh, Xu, Xu, Xu, Uu, Xu, Xu, Uu, Xu, Uh, Uh, Uu, Xu, Xu, Uu, Uu, Xu, Xu, Xu, Xu, Xu, Xu, Xu, Uh, Xu, Xu, Xu, Xu, Xu, Xu, Xu, Xu
Xu, Xu, Xu, Xu, Wog, Wog, Wog, Wog, Wog, Wog, Wog, Wog, Wog, Wog, Wog, Wog, Wog, Wog, Wog, Wwrg, Wog, Wog, Wog, Wog, Wog, Wog, Wog, Wog, Xu, Xu^_fme, Wog^_fme, Ms^_fme, Ms^_fme, Md, Ql^_fme, Qxu, Qxu^_fme, Qxu, Qxu^_fme, Uh, Uu^_fme, Uu, Uu, Xu, Xu, Xu, Urb, Urb, Cud, Xos, Xos, Xu, Xu, Xu, Xu, Xu, Xu, Qlf, Qlf, Qlf, Qlf, Xu, Uh, Uh, Xu, Xu, Xu, Xu, Ms^Xm, Ms^Xm, Ms, Ms, Ha, Ms, Ms, Ms, Ms, Ms, Ms, Ms, Ms, Ms^Xm, Ms^Xm, Xu, Xu, Xu, Xu, Xu, Xu, Uh, Xu, Xu, Xu, Xu, Uu, Uu, Xu, Xu, Xu, Ur, Ur, Uh, Uu, Xu, Xu, Uu, Uu, Uh, Xu, Xu, Uu, Ur, Uu, Uh, Uh, Xu, Xu, Xu, Xu, Xu, Xu, Xu, Xu
Xu, Xu, Xu, Xu, Wog, Wog, Wog, Wog, Wog, Wog, Wog, Wog, Wog, Wog, Wog, Wog, Wog, Wog, Wog, Wwrg, Wwrg, Wog, Wog, Wwg, Wwg, Wwg, Wwg, Wog, Xu, Xu^_fme, Xu^_fme, Ms^_fme, Xu^_fme, Md^_fme, Xu^_fme, Qxu^_fme, Xu^_fme, Qxu^_fme, Xu^_fme, Qxu^_fme, Xu^_fme, Xu^_fme, Xu^_fme, Xu, Xu, Xos, Cud, Urb, Urb, Cud, Cud, Xos, Xos, Xu, Xu, Xu, Qlf, Qlf, Xu, Xu, Xu, Xu, Uu, Xu, Xu, Xu, Ms^Xm, Ms^Xm, Ms, Ha, Ha, Aa, Ha, Ha, Ha, Aa^Vaa, Ha, Ms, Cha, Cha, Cha, Ms, Aa, Ms^Xm, Xu, Xu, Xu, Xu, Xu, Uh, Uu, Xu, Xu, Uh, Uu, Uu, Uu^Vu, Xu, Xu, Xu, Xu, Ur, Xu, Xu, Xu, Xu, Ur, Xu, Uu, Ur, Xu, Xu, Xu, Xu, Xu, Uu, Xu, Xu, Xu, Xu, Xu, Xu, Xu
Xu, Xu, Xu, Wog, Wog, Wog, Wog, Wog, Wwg, Wwg, Wwg, Wwg, Wog, Wog, Wog, Wog, Wog, Wog, Wog, Wog, Wog, Wog, Wog, Wog, Wog, Wwg, Wog, Xu, Xu, Xu, Xu, Xu^_fme, Xu, Xu^_fme, Xu, Xu^_fme, Xu, Xu^_fme, Xu, Xu^_fme, Xu, Xu^_fme, Xu, Xu, Xu, Xos, Cud, Urb, Urb, Urb, Urb, Cud, Urb, Xos, Qlf, Qlf, Xu, Xu, Xu, Xu, Uu, Ur, Xu, Xu, Ha, Ha, Aa, Ms, Ha, Aa, Aa, Aa, Ha, Aa, Ha, Ha, Aa, Cha, Cha, Cha, Cha, 4 Kha, Cha, Ms^Xm, Ms^Xm, Xu, Xu, Xu, Xu, Uu, Uu, Uh, Uu, Uu, Uu, Uu, Xu, Xu, Xu, Xu, Ur, Ur, Xu, Xu, Xu, Xu, Uh, Ur, Uu, Xu, Xu, Xu, Xu, Xu, Uu, Uu, Uu, Xu, Xu, Xu, Xu, Xu, Xu
Xu, Xu, Xu, Xu, Wog, Wog, Wog, Wog, Wog, Wwg, Wwg, Wwg, Wog, Wog, Wog, Wog, Wog, Wog, Wog, Wog, Wog, Wog, Wog, Wog, Wog, Wog, Wog, Xu, Xu, Xu, Xu, Xu, Xu, Xu, Xu, Xu, Xu, Xu, Xu, Xu, Xu, Xu, Xu, Xu, Xos, Xos, Cud, Urb, Urb, Urb, Urb^Vud, Urb, Urb, Urb, Urb, Xos, Xos, Xu, Xu, Xu, Uu, Xu, Xu, Aa, Aa, Aa, Ha, Ha, Aa, Aa, Aa, Aa, Aa, Ha, Aa, Ha, Ha, Ms, Ms, Ms, Ms, Ms, Ms, Ms, Ms^Xm, Xu, Xu, Xu, Xu, Xu, Xu, Xu, Xu, Xu, Xu, Uu, Uh, Xu, Xu, Uu, Ur, Uu, Uu, Xu, Xu, Xu, Uu, Ur, Xu, Uh, Uu, Uu, Uu, Xu, Uh, Ur, Xu, Xu, Xu, Xu, Xu, Xu, Xu
Xu, Xu, Xu, Xu, Wog, Wog, Wog, Wog, Wog, Wwg, Wog, Wog, Wog, Wog, Wog, Wog, Wog, Wog, Wog, Wog, Wog, Wog, Wog, Wog, Wog, Wog, Xu, Xu, Xu, Xu, Xu, Xu, Xu, Xu, Xu, Xu, Xu, Xu, Xu, Xu, Xu, Xu, Xu, Xu, Xu, Xos, Cud, Urb, Urb^Vud, Urb, Urb, Urb, Urb, Urb, Urb, Urb, Uu, Xos, Ur, Ur, Xu, Xu, Xu, Aa, Aa, Aa, Aa, Aa, Aa, Aa, Aa, Aa, Rb, Aa, Rb, Aa, Aa, Ha, Ms, Ms, Ms, Ms, Ha, Ms, Ms, Ms^Xm, Xu, Xu, Xu, Xu, Xu, Xu, Xu, Xu, Xu, Uu, Uu, Xu, Xu, Uu, Uh, Xu, Uh, Xu, Xu, Uu, Xu, Xu, Xu, Xu, Xu, Uu, Uu, Xu, Xu, Ur, Xu, Xu, Xu, Xu, Xu, Xu, Xu
Xu, Xu, Xu, Xu, Xu, Wog, Wog, Wog, Wog, Wog, Wog, Wog, Wog, Wog, Wog, Wog, Wog, Wog, Wog, Wog, Wog, Wog, Wog, Wog, Xu, Xu, Xu, Xu, Xu, Xu, Xu, Xu, Xu, Xu, Xu, Xu, Xu, Xu, Xu, Xu, Xu, Xu, Xu, Xu, Xu, Xos, Urb, Urb, Urb, Urb, Urb, Urb, Cud, Urb, Aa, Xu, Xu, Ur, Xu, Xu, Xu, Xu, Xu, Aa^Vaa, Aa, Aa, Aa, Aa, Rb, Rb, Aa, Aa, Aa, Rb, Aa, Aa, Aa, Ha, Ha, Ms, Ms, Ms, Ms, Ms, Ms, Ms^Xm, Xu, Xu, Xu, Xu, Xu, Xu, Xu, Xu, Xu, Xu, Chr, Xu, Xu, Uu, Xu, Xu, Xu, Xu, Uu, Uu, Xu, Xol, Xol, Xu, Xu, Uh, Uh, Uu, Uu, Ur, Xu, Xu, Xu, Xu, Xu, Xu, Xu
Xu, Xu, Xu, Xu, Xu, Xu, Xu, Xu, Xu, Wog, Wog, Wog, Wog, Wog, Wog, Wog, Wog, Wog, Wog, Wog, Wog, Wog, Xu, Xu, Xu, Xu, Xu, Xu, Xu, Xu, Xu, Xu, Xu, Xu, Xu, Xu, Wog, Xu, Wog, Xu, Xu, Xu, Xu, Xu, Wog, Wog, Urb, Urb, Urb, Urb, Cud, Cud, Urb, Xos, Xos, Aa, Rb, Xu, Rb, Xu, Xu, Xu, Aa, Aa, Aa, Aa, Rb, Aa, Rb, Aa, Aa, Aa, Aa, Aa, Aa, Ha, Ha, Ha, Ha, Ms, Ms, Ms, Ms, Ms, Ms, Ms^Xm, Xu, Xu, Xu, Xu, Xu, Xu, Xu, Xu, Xu, Xu, Xu, Uu, Uu, Uu, Xu, Xu, Xu, Xu, Xu, Uu, Uu, Uu, Xu, Xu, Xu, Xu, Xu, Xu, Xu, Xu, Xu, Xu, Xu, Xu, Xu, Xu, Xu
Xu, Xu, Xu, Xu, Xu, Xu, Xu, Xu, Xu, Wog, Wog, Wog, Wog, Wog, Wog, Wog, Wog, Wog, Cm, Cm, Cm, Wog, Xu, Xu, Xu, Xu, Xu, Xu, Xu, Xu, Xu, Xu, Wog, Wog, Wog, Wog, Wog, Wog, Wog, Wog, Wog, Xu, Wog, Wog, Xu, Xos, Urb, Urb, Urb, Cud, Xos, Urb, Urb, Urb, Qxua^Xo, Xos, Xos, Aa, Xu, Rb, Aa, Rb, Rb, Aa, Rb, Rb, Aa, Aa, Aa, Aa, Aa, Aa, Aa, Aa, Aa, Ha, Ha, Ha, Ha, Ha, Ms, Ms, Ms, Ms^Xm, Ms^Xm, Ms^Xm, Xu, Xu, Xu, Xu, Xu, Xu, Xu, Xu, Xu, Xu, Xu, Xu, Xu, Xu, Xu, Xu, Xu, Xu, Xu, Xu, Xu, Xu, Xu, Xu, Xu, Xu, Xu, Xu, Xu, Xu, Xu, Xu, Xu, Xu, Xu, Xu, Xu
Xu, Xu, Xu, Xu, Xu, Xu, Xu, Xu, Xu, Xu, Xu, Wog, Xu, Wog, Xu, Wog, Wog, Cm, Xu, 6 Km, Xu, Xu, Xu, Xu, Xu, Xu, Xu, Xu, Wog, Wog, Wog, Wog, Wog, Wog, Wog, Wog, Wog, Wog, Wog, Xu, Xu, Wog, Xu, Xu, Xu, Xos, Urb, Urb, Hhd^Es, Xu, Xu, Xos, Xos, Qxua^Xo, Qxua^Xo, Qxua^Xo, Urb, Xos, Cud, Xu, Xu, Aa, Aa, Aa, Aa, Rb, Aa, Aa, Aa, Aa, Rb, Aa, Aa, Aa, Rb, Aa, Ha, Ha, Ha, Ms, Ms, Ms, Ms, Ms^Xm, Ms^Xm, Xu, Xu, Xu, Xu, Xu, Xu, Xu, Xu, Xu, Xu, Xu, Xu, Xu, Xu, Xu, Xu, Xu, Xu, Xu, Qlf, Xu, Aa, Md^Xm, Qxua, Xu, Uu, Xu, Xu, Xu, Xu, Xu, Xu, Xu, Xu, Xu, Xu, Xu, Xu
Xu, Xu, Xu, Xu, Xu, Xu, Xu, Xu, Xu, Xu, Xu, Xu, Xu, Xu, Xu, Xu, Xu, Xu, Xu, Xu, Xu, Xu, Xu, Xu, Xu, Xu, Wwrg, Wog, Wog, Wog, Wog, Wog, Wog, Wog, Wwg, Wog, Wog, Wog, Wog, Xu, Xu, Xu, Xu, Xu, Xu, Dd, Xu, Xu, Xu, Hhd^Es, Hhd^Es, Xu, Xu, Xos, Xos, Urb, Urb, Urb, Urb, Urb, Xu, Aa, Aa, Aa, Aa, Aa, Aa, Aa, Aa, Aa, Rb, Aa, Aa, Aa, Aa, Aa, Ha, Ha, Ms, Ms, Ms, Ha, Ms, Ms, Ms^Xm, Xu, Xu, Xu, Xu, Xu, Xu, Xu, Xu, Xu, Xu, Xu, Xu, Xu, Xu, Xu, Xu, Xu, Xu, Qlf, Ql, Ql, Ql, Ql, Ql, Aa, Aa, Ql, Wog, Xu, Uu, Xu, Xu, Xu, Xu, Xu, Xu, Xu, Xu
Xu, Xu, Xu, Xu, Xu, Xu, Xu, Xu, Xu, Xu, Xu, Xu, Xu, Xu, Xu, Xu, Xu, Xu, Xu, Wog, Wog, Wog, Wog, Xu, Wwrg, Xu, Wog, Wog, Wog, Wog, Wwrg, Wog, Wog, Wog, Wwg, Wwg, Wog, Wog, Wog, Wwg^Vm, Wog, Xu, Xu, Xu, Xu, Rd, Xu, Xu, Rd, Xu, Xu, Hhd^Es, Hhd^Es, Xuc, Xu, Cud, Urb, Urb, Urb, Urb, Xu, Xu, Aa, Aa, Aa, Aa, Aa, Aa, Aa, Aa, Aa, Aa, Aa, Aa, Ha, Aa, Ms, Ha, Aa^Vaa, Ms, Ms, Ms, Ms, Ms^Xm, Xu, Xu, Xu, Xu, Xu, Xu, Xu, Xu, Xu, Xu, Xu, Xu, Xu, Xu, Xu, Xu, Xu, Xu, Dd, Dd, Qxua, Qxua, Qxua, Qxua, Qxua, Qxua, Qxua, Ql, Md^Xm, Wog, Uu, Xu, Xu, Xu, Xu, Xu, Xu, Xu, Xu
Xu, Xu, Xu, Xu, Xu, Xu, Xu, Xu, Xu, Xu, Xu, Xu, Xu, Xu, Wog, Xu, Xu, Xu, Wog, Wog, Wog, Wog, Wog, Wog, Wog, Wog, Wog, Wog, Wwrg, Wwrg, Wog, Wog, Wog, Wog, Wwg, Wwg, Wwg, Wog, Wog, Wog, Xu, Xu, Xu, Xu, Xu, Rd, Dd, Xu, Dd^Edb, Dd, Dd, Xu, Xu, Hhd^Es, Hhd^Es, Xu, Xu, Urb, Xu, Xu, Xu, Xu, Xu, Aa, Aa, Aa, Aa, Aa, Aa, Aa, Aa, Aa, Aa, Aa, Ha, Ms, Ms, Ms, Ms, Aa, Ms, Ms, Ms, Ms^Xm, Xu, Xu, Xu, Xu, Xu, Xu, Xu, Xu, Xu, Xu, Xu, Xu, Xu, Xu, Xu, Xu, Xos, Xos, Dd, Uu, Ql, Wog, Qxua, Qxua, Co, Qxua, Qxua, Hhd, Qxua, Ql, Dd, Uu, Xu, Xu, Xu, Xu, Xu, Xu, Xu
Xu, Xu, Xu, Xu, Xu, Xu, Xu, Xu, Xu, Xu, Wog, Wog, Wog, Wog, Wog, Wog, Wog, Wog, Wog, Wog, Wog, Wog, Wwrg, Wog, Wwrg, Wog, Wog, Wog, Wwrg, Wwrg, Wog, Wog, Wog, Wog, Wwg, Wwg, Wwg, Wog, Wog, Wog, Xu, Xu, Xu, Xu, Rd, Dd, Dd, Rd, Dd, Dd, Dd, Dd, Rd, Xu, Xu, Hhd^Es, Hhd^Es, Xu, Xu, Xu, Xu, Xu, Xu, Xu, Ms, Aa, Ha, Ha, Aa, Aa, Ha, Aa, Ha, Ha, Ha, Ha, Ha, Ms, Ms^Xm, Ms, Ms, Ms, Ms^Xm, Ms^Xm, Xu, Xu, Xu, Xu, Xu, Xu, Xu, Xu, Xu, Xu, Xu, Xu, Xu, Xu, Xos, Xos, Xos, Xos, Ql, Ql, Qxua, Qxua, Qxua, Cd, 2 Kud, Cm, Qxua, Qxua, Qxua, Dd, Dd, Xu, Xu, Xu, Xu, Xu, Xu, Xu, Xu
Xu, Xu, Xu, Xu, Xu, Xu, Xu, Xu, Xu, Wog, Wog, Wwg^Vm, Wog, Wog, Wog, Wog, Wog, Wog, Wog, Wog, Wog, Wog, Wog, Wwrg, Wog, Wwrg, Wog, Wog, Wog, Wog, Wog, Wog, Wog, Wog, Wwg, Wwg, Wog, Wog, Wog, Xu, Xu, Xu, Dd, Dd, Rd, Rd, Dd, Dd, Dd, Dd^Vdr, Dd, Rd, Rd, Dd, Xu, Xu, Xu, Hhd^Es, Hhd^Es, Xu, Xu, Xu, Xu, Xu, Ms^Xm, Ms, Ms, Ms, Ms, Ha, Ms, Ms, Ms, Ms, Ms, Ms, Ms, Ms, Ms, Ms, Ms^Xm, Ms^Xm, Xu, Xu, Xu, Xu, Xu, Xu, Xu, Xu, Xu, Xu, Xu, Xu, Xu, Xu, Xos, Xos, Cud, Cud, Ur, Xol, Xol, Ql, Qxua, Qxua, Qxua^Bcx/, Ch, Cd, Cha, Qxua, Qxua, Ql, Ql, Dd, Xu, Xu, Xu, Xu, Xu, Xu, Xu, Xu
Xu, Xu, Xu, Xu, Xu, Xu, Xu, Xu, Xu, Wog, Wog, Wog, Wog, Wog, Wog, Wog, Wog, Wog, Wog, Wog, Wog, Wog, Wog, Wog, Wog, Wog, Wog, Wog, Wog, Wog, Wog, Wog, Wog, Wwg, Wwg, Wwg, Wog, Wog, Wog, Xu, Xu, Xu, Dd, Dd, Dd, Dd, Dd, Dd^Edb, Rd, Rd, Dd, Rd, Rd, Rd, Dd, Xu, Xu, Xu, Xu, Hhd^Es, Xu, Xu, Xu, Xu, Xu, Ms^Xm, Ms^Xm, Ms, Ms^Xm, Ms, Ms, Ms, Ms^Xm, Ha, Ms^Xm, Ms, Ms^Xm, Ms, Ms, Ms, Ms^Xm, Xu, Xu, Xu, Xu, Xu, Xu, Xu, Xu, Xu, Xu, Xu, Xu, Xu, Xos, Xos, Cud, Ur, Ur, Ur, Ur, Ur, Urb, Urb^Xo, Urb^Xo, Qxua^Bcx/, Qxua, Qxua, Qxua, Qxua, Qxua, Wog, Qxua, Uu, Aa, Aa, Xu, Xu, Xu, Xu, Xu, Xu, Xu
Xu, Xu, Xu, Xu, Xu, Xu, Xu, Xu, Wog, Wog, Wog, Wog, Wog, Wog, Wog, Wog, Wog, Wog, Wog, Wog, Wog, Wog, Wog, Wog, Wog, Wog, Wog, Wog, Wog, Wog, Wog, Wog, Wog, Wwg, Wog, Wwg, Wog, Wog, Xu, Xu, Xu, Dd, Dd, Dd, Dd^Edb, Rd, Rd, Dd, Rd, Dd, Dd^Edb, Dd, Dd, Dd, Dd, Xu, Xu, Xu, Xu, Hhd^Es, Xu, Xu, Xu, Xu, Xu, Xu, Xu, Ms^Xm, Xu, Ms^Xm, Ms^Xm, Ms^Xm, Ms^Xm, Ms^Xm, Xu, Ms^Xm, Xu, Ms^Xm, Ms^Xm, Ms^Xm, Xu, Xu, Xu, Xu, Xu, Xu, Xu, Xu, Xu, Xu, Xu, Xu, Xos, Xos, Ur, Cud, Ur, Ur, Ur, Ur, Urb, Urb, Urb, Urb, Urb, Urb^Xo, Xol, Ql, Md^Xm, Ql, Ql, Ql, Wog, Uu, Xu, Xu, Xu, Xu, Xu, Xu, Xu, Xu, Xu
Xu, Xu, Xu, Xu, Xu, Xu, Xu, Wog, Wog, Wog, Wog, Wog, Wog, Wog, Wog, Wog, Wog, Wog, Wog, Wog, Wog, Wog, Wog, Wog, Wog, Wog, Wwg, Wog, Wog, Wog, Wog, Wog, Wog, Wog, Wog, Wog, Wog, Wog, Xu, Xu, Xu, Dd, Dd, Dd, Dd, Rd, Rd, Dd^Edb, Dd, Dd, Dd, Dd, Dd, Dd, Dd, Dd, Xu, Xu, Xu, Hhd^Es, Xu, Xu, Xu, Xu, Xu, Xu, Xu, Xu, Xu, Xu, Xu, Xu, Xu, Xu, Xu, Xu, Xu, Xu, Xu, Xu, Xu, Xu, Xu, Xu, Xu, Xu, Xu, Xu, Xu, Xu, Xos, Xos, Cud, Cud, Ur, Ur, Ur, Ur, Urb, Urb, Urb, Urb, Urb, Urb, Ur, Ur, Ur, Xol, Xos, Dd, Xos, Wog, Xu, Uu, Xu, Xu, Xu, Xu, Xu, Xu, Xu, Xu, Xu
Xu, Xu, Xu, Xu, Xu, Xu, Wog, Wog, Wog, Wog, Wwrg, Wog, Wog, Wog, Wog, Wog, Wog, Wog, Wog, Wog, Wog, Wog, Wog, Wog, Cm, Wwg, Cm, Wwg, Wog, Wog, Wog, Wog, Wog, Wog, Wog, Wog, Wog, Wog, Xu, Xu, Xu, Xu, Dd, Dd, Dd, Dd, Dd, Dd, Rd, Dd, Rd, Cdr, Cd, Dd, Dd, Rd, Dd, Xu, Xu, Hhd^Es, Xu, Xu, Xu, Xu, Xu, Xu, Md^Xm, Xu, Md^Xm, Xu, Md^Xm, Xu, Xu, Xu, Xu, Xu, Xu, Xu, Xu, Xu, Xu, Xu, Xu, Xu, Xu, Xu, Xu, Xu, Xos, Xos, Cud, Ur, Ur, Ur, Ur, Ur, Urb, Urb, Urb, Urb, Urb, Urb, Ur, Ur, Ur, Ur, Cud, Cud, Xos, Xos, Xu, Xu, Xu, Xu, Xu, Xu, Xu, Xu, Xu, Xu, Xu, Xu, Xu
Xu, Xu, Xu, Xu, Wog, Wog, Wog, Wog, Wog, Wog, Wwrg, Wog, Wog, Wog, Wog, Wog, Wog, Wog, Wog, Wog, Wog, Wog, Wog, Wwg, Wwg, Cm, Cm, Wog, Wog, Wog, Wog, Wog, Wog, Wog, Wog, Wog, Wog, Wog, Wog, Xu, Xu, Xu, Rd, Dd, Dd, Rd, Dd, Dd, Dd^Edb, Cdr, Cdr, 3 Kd, Dd, Dd, Dd, Dd, Dd, Xu, Xu, Hhd^Es, Xu, Xu, Md^Xm, Md^Xm, Md^Xm, Md^Xm, Md, Md^Xm, Md, Md^Xm, Md, Md^Xm, Md^Xm, Xu, Md^Xm, Md^Xm, Md^Xm, Xu, Xu, Xu, Xu, Xu, Xu, Xu, Xu, Xu, Xos, Xos, Ur, Cud, Ur, Ur, Ur, Ur, Urb, Urb, Urb, Urb, Urb, Urb, Ur, Ur, Ur, Ur, Cud, Ur, Xos, Xos, Xu, Xu, Xu, Xu, Xu, Xu, Xu, Xu, Xu, Xu, Xu, Xu, Xu, Xu, Xu
Xu, Xu, Xu, Xu, Wog, Wog, Wog, Wog, Wog, Wog, Wwrg, Wwrg, Wwrg, Wog, Wog, Wog, Wog, Wog, Wog, Wog, Wog, Wwg^Vm, Wog, Wog, Cm, 5 Km, Cm, Wwg, Wog, Wog, Wog, Wog, Wog, Wog, Wog, Wog, Wog, Wog, Wog, Xu, Xu, Xu, Xu, Dd, Dd, Dd, Dd, Dd, Dd, Dd, Dd, Dd, Dd, Rd, Rd, Dd, Xu, Xu, Xu, Hhd^Es, Md^Xm, Md^Xm, Md, Md, Hhd, Re, Hhd, Md^Xm, Re, Hhd, Hhd, Md^Xm, Md^Xm, Md^Xm, Md^Xm, Md^Xm, Md, Md^Xm, Md^Xm, Xu, Xu, Xu, Xu, Xu, Xos, Xos, Cud, Cud, Ur, Ur, Ur, Ur, Urb, Urb, Urb, Urb, Urb, Urb, Ur, Ur, Ur, Ur, Ur, Cud, Xos, Xos, Xu, Xu, Xu, Xu, Xu, Xu, Xu, Xu, Xu, Xu, Xu, Xu, Xu, Xu, Xu, Xu, Xu
Xu, Xu, Xu, Xu, Wog, Wog, Wog, Wog, Wog, Wwrg, Wog, Wwrg, Wwrg, Wog, Wog, Wog, Wog, Wog, Wog, Wog, Wog, Wog, Wog, Wog, Wwg, Wwg, Wog, Wwg, Wog, Wog, Wog, Wog, Wog, Wog, Wog, Wog, Wog, Wog, Wog, Xu, Xu, Xu, Xu, Xu, Xu, Dd, Xu, Dd, Dd, Dd, Dd, Dd, Xu, Rd, Xu, Xu, Xu, Xu, Md^Xm, Hhd, Hhd, Hhd, Hhd, Hhd, Hhd, Hhd, Hhd, Hhd, Md, Md^Xm, Md, Md^Xm, Md^Xm, Md, Md, Md, Re, Re, Hhd^Vhh, Md^Xm, Xu, Xu, Xos, Xos, Cud, Ur, Ur, Ur, Ur, Ur, Urb, Urb, Urb, Urb, Urb, Urb, Ur, Ur, Ur, Ur, Cud, Cud, Xos, Xos, Xu, Xu, Xu, Xu, Xu, Xu, Xu, Xu, Xu, Xu, Xu, Xu, Xu, Xu, Xu, Xu, Xu, Xu, Xu
Xu, Xu, Xu, Xu, Wog, Wog, Wog, Wog, Wog, Wwrg, Wog, Wog, Wog, Wog, Wog, Wog, Wog, Wog, Wog, Wog, Wog, Wog, Wog, Wog, Wwg, Wwg, Wwg, Wog, Wog, Wog, Wog, Wog, Wog, Wog, Wog, Wog, Wog, Wog, Wog, Wog, Wog, Xu, Xu, Xu, Xu, Xu, Xu, Xu, Xu, Rd, Xu, Xu, Xu, Xu, Xu, Xu, Xu, Md^Xm, Md, Md^Xm, Hhd, Re, Re, Hhd, Re, Re, Re, Re, Re, Md, Md, Re, Hhd, Md, Md, Hhd, Md^Xm, Md^Xm, Md^Xm, Md^Xm, Xu, Xos, Xos, Cud, Ur, Ur, Ur, Ur, Urb, Urb, Urb, Urb, Urb, Urb, Ur, Ur, Ur, Ur, Cud, Ur, Xos, Xos, Xu, Xu, Xu, Xu, Xu, Xu, Xu, Xu, Xu, Xu, Xu, Xu, Xu, Xu, Xu, Xu, Xu, Xu, Xu, Xu, Xu
Xu, Xu, Xu, Xu, Wog, Wog, Wog, Wog, Wog, Wog, Wog, Wwrg, Wog, Wog, Wog, Wog, Wog, Wog, Wog, Wog, Wog, Wog, Wog, Wwg, Wog, Wwg, Wog, Wog, Wog, Wog, Wwg, Wwg, Wwg, Wwg, Wwg, Wog, Wog, Wog, Wog, Wog, Wog, Wog, Wog, Xu, Xu, Xu, Xu, Xu, Xu, Xu, Xu, Xu, Xu, Xu, Xu, Xu, Md^Xm, Md^Xm, Hhd^Vhh, Md, Hhd, Hhd, Hhd, Hhd, Hhd, Hhd, Re, Re, Hhd, Md, Hhd, Hhd, Re, Hhd, Md, Md, Md, Md^Xm, Md^Xm, Md^Xm, Xu, Xu, Xu, Xos, Xos, Ur, Urb, Urb, Urb, Urb, Urb, Urb, Ur, Ur, Ur, Ur, Ur, Cud, Xos, Xos, Xu, Xu, Xu, Xu, Xu, Xu, Xu, Xu, Xu, Xu, Xu, Xu, Xu, Xu, Xu, Xu, Xu, Xu, Xu, Xu, Xu, Xu, Xu
Xu, Xu, Xu, Wog, Wog, Wog, Wog, Wog, Wog, Wog, Wog, Wog, Wwrg, Wwrg, Wwrg, Wog, Wog, Wog, Wog, Wog, Wog, Wog, Wog, Wwg, Wog, Wog, Wog, Wog, Wog, Wog, Wog, Wog, Wwg, Wwg, Wwg, Wog, Wog, Wog, Wwg, Wog, Wog, Wog, Wog, Wog, Wog, Xu, Xu, Xu, Xu, Xu, Xu, Xu, Xu, Xu, Xu, Xu, Md^Xm, Hhd, Hhd, Hhd, Re, Re, Md, Md^Xm, Md^Xm, Md^Xm, Md, Hhd, Hhd^Vhh, Re, Re, Re, Md, Hhd, Md, Md, Md^Xm, Md^Xm, Md^Xm, Md^Xm, Md^Xm, Xu, Xu, Xu, Xu, Xos, Xos, Urb, Urb, Urb, Ur, Ur, Ur, Ur, Cud, Cud, Xos, Xos, Xu, Xu, Xu, Xu, Xu, Xu, Xu, Xu, Xu, Xu, Xu, Xu, Wo, Xu, Xu, Xu, Xu, Xu, Xu, Xu, Wo, Wo, Xu, Xu, Xu
Xu, Xu, Xu, Wog, Wog, Wog, Wog, Wog, Wog, Wog, Wog, Wog, Wog, Wwrg, Wog, Wog, Wog, Wog, Wog, Wog, Wog, Wog, Wog, Wog, Wog, Wog, Wog, Wog, Wog, Wog, Wog, Wog, Wwg, Wog, Wwg, Wwg, Wog, Wwg, Wog, Wog, Wog, Wog, Wog, Wog, Wog, Xu, Xu, Xu, Xu, Xu, Xu, Xu, Xu, Xu, Xu, Xu, Md^Xm, Md, Hhd, Hhd, Re, Hhd, Hhd, Md, Hhd, Hhd, Md^Xm, Md^Xm, Md, Re, Hhd, Re, Re, Hhd, Re, Re, Re, Md, Re, Md, Md^Xm, Xu, Xu, Xu, Xu, Xu, Xu, Xos, Xos, Ur, Ur, Ur, Cud, Ur, Xos, Xos, Xu, Xu, Xu, Xu, Xu, Xu, Xu, Xu, Xu, Xu, Xu, Xu, Xu, Xu, Xu, Wo, Wo, Xu, Xu, Xu, Wo, Wo, Xu, Xu, Xu, Xu, Xu
Xu, Xu, Xu, Wog, Wog, Wog, Wog, Wog, Wog, Wog, Wog, Wog, Wog, Wog, Wog, Wog, Wog, Wog, Wog, Wog, Wog, Wog, Wog, Wog, Wog, Wog, Wog, Wog, Wog, Wog, Wwg, Wwg, Wwg, Wwg, Wog, Wwg, Wwg, Wwg, Wog, Wog, Wog, Wog, Wog, Wog, Wog, Xu, Xu, Xu, Xu, Xu, Xu, Xu, Xu, Xu, Xu, Xu, Xu, Md^Xm, Md, Hhd, Hhd, Hhd, Re, Re, Md^Xm, Hhd, Md, Md^Xm, Md^Xm, Md, Hhd, Re, Hhd, Re, Md, Md^Xm, Md, Re, Ch, Ch, Md^Xm, Md^Xm, Xu, Xu, Xu, Xu, Xu, Xu, Xu, Xos, Xos, Cud, Xos, Xos, Xu, Xu, Xu, Xu, Xu, Xu, Xu, Xu, Xu, Xu, Xu, Xu, Xu, Xu, Xu, Xu, Xu, Xu, Wo, Wo, Xu, Xu, Xu, Wo, Wo, Xu, Xu, Xu, Xu
Xu, Xu, Xu, Xu, Wog, Wog, Wog, Wog, Wog, Wog, Wog, Wog, Wog, Wog, Wog, Wog, Wog, Wog, Wog, Wog, Wog, Wog, Wog, Wog, Wog, Wog, Wog, Wog, Wog, Wog, Wog, Wog, Wog, Wog, Wog, Wwg, Wog, Wog, Wog, Wog, Wog, Wog, Wog, Wog, Xu, Xu, Xu, Xu, Xu, Xu, Xu, Xu, Xu, Xu, Xu, Xu, Xu, Md^Xm, Md^Xm, Hhd, Md^Xm, Md, Hhd, Re, Hhd, Re, Hhd, Md, Md^Xm, Md^Xm, Md^Xm, Hhd, Md^Xm, Hhd, Md^Xm, Md, Re, Re, Ch, Ch, Re, Md^Xm, Xu, Xu, Xu, Xu, Xu, Xu, Xu, Xu, Xu, Xos, Xu, Xu, Xu, Xu, Xu, Xu, Xu, Xu, Xu, Xu, Xu, Xu, Xu, Xu, Xu, Xu, Xu, Xu, Wo, Wo, Xu, Xu, Xu, Xu, Xu, Xu, Xu, Wo, Xu, Xu, Xu
Xu, Xu, Xu, Xu, Xu, Wog, Wog, Wog, Wog, Wog, Wog, Wog, Wog, Wog, Wog, Wog, Wog, Wog, Wog, Wog, Wog, Wog, Wog, Wog, Wog, Wog, Wog, Wog, Wog, Wog, Wog, Wog, Wog, Wog, Wog, Wog, Wog, Wog, Wog, Wog, Wwg^Vm, Wog, Xu, Xu, Xu, Xu, Xu, Xu, Xu, Xu, Xu, Xu, Xu, Xu, Xu, Xu, Xu, Xu, Xu, Md^Xm, Md^Xm, Hhd, Md, Re, Re, Re, Re, Re, Hhd, Md^Xm, Md, Md^Xm, Md^Xm, Md^Xm, Md, Md, Re, Ch, Ch, 9 Kh, Md^Xm, Md^Xm, Xu, Xu, Xu, Xu, Xu, Xu, Xu, Xu, Xu, Xu, Xu, Xu, Xu, Xu, Xu, Xu, Xu, Xu, Xu, Xu, Xu, Xu, Xu, Xu, Xu, Xu, Xu, Xu, Xu, Xu, Xu, Xu, Xu, Xu, Xu, Xu, Xu, Xu, Xu, Xu, Xu
Xu, Xu, Xu, Xu, Xu, Xu, Xu, Wog, Wog, Wog, Wog, Wog, Wog, Wog, Wog, Wog, Wog, Wog, Wog, Wog, Wog, Wog, Wog, Wog, Wog, Wog, Wog, Wog, Wog, Wog, Wog, Wog, Wog, Wog, Wog, Wog, Wog, Wog, Wog, Wog, Wog, Wog, Xu, Xu, Xu, Xu, Xu, Xu, Xu, Xu, Xu, Xu, Xu, Xu, Xu, Xu, Xu, Xu, Xu, Md^Xm, Md^Xm, Md^Xm, Hhd, Md, Md, Hhd, Hhd, Hhd, Hhd, Re, Re, Re, Re, Re, Re, Re, Md^Xm, Ch, Md^Xm, Md^Xm, Xu, Xu, Xu, Xu, Xu, Xu, Xu, Xu, Xu, Xu, Xu, Xu, Xu, Xu, Xu, Xu, Xu, Xu, Xu, Xu, Xu, Xu, Xu, Xu, Xu, Xu, Xu, Xu, Xu, Xu, Xu, Xu, Xu, Xu, Wo, Xu, Wo, Xu, Wo, Xu, Xu, Xu, Xu
Xu, Xu, Xu, Xu, Xu, Xu, Xu, Xu, Xu, Wog, Wog, Wog, Wog, Wog, Wog, Wog, Wog, Wog, Wog, Wog, Wog, Wog, Wog, Wog, Wog, Wog, Wog, Wog, Wog, Wog, Wog, Wog, Wog, Wog, Wog, Wog, Wog, Wog, Wog, Wog, Xu, Xu, Xu, Xu, Xu, Xu, Xu, Xu, Xu, Xu, Xu, Xu, Xu, Xu, Xu, Xu, Xu, Xu, Xu, Xu, Xu, Md^Xm, Md^Xm, Md^Xm, Md^Xm, Hhd, Md^Xm, Md, Md, Re, Hhd, Hhd, Md, Hhd, Md, Md, Md^Xm, Md^Xm, Xu, Xu, Xu, Xu, Xu, Xu, Xu, Xu, Xu, Xu, Xu, Xu, Xu, Xu, Xu, Xu, Xu, Xu, Xu, Xu, Xu, Xu, Xu, Xu, Xu, Xu, Xu, Xu, Xu, Xu, Xu, Xu, Wo, Wo, Wo, Wo, Xu, Wo, Xu, Wo, Wo, Wo, Wo, Xu, Xu
Xu, Xu, Xu, Xu, Xu, Xu, Xu, Xu, Xu, Xu, Xu, Wog, Wog, Wog, Wog, Wog, Wog, Wog, Wog, Wog, Wog, Wog, Wog, Wog, Wog, Wog, Wog, Wog, Wog, Wog, Wog, Wog, Wog, Wog, Wog, Wog, Wog, Wog, Wog, Xu, Xu, Xu, Xu, Xu, Xu, Xu, Xu, Xu, Xu, Xu, Xu, Xu, Xu, Xu, Xu, Xu, Xu, Xu, Xu, Xu, Xu, Xu, Xu, Xu, Xu, Md^Xm, Xu, Md^Xm, Md^Xm, Hhd, Md^Xm, Md^Xm, Md^Xm, Md^Xm, Md^Xm, Md^Xm, Xu, Xu, Xu, Xu, Xu, Xu, Xu, Xu, Xu, Xu, Xu, Xu, Xu, Xu, Xu, Xu, Xu, Xu, Xu, Xu, Xu, Xu, Xu, Xu, Xu, Xu, Xu, Xu, Xu, Xu, Xu, Xu, Wo, Wo, Xu, Xu, Xu, Wo, Xu, Xu, Xu, Xu, Wo, Xu, Xu, Wo, Xu
Xu, Xu, Xu, Xu, Xu, Xu, Xu, Xu, Xu, Xu, Xu, Xu, Xu, Xu, Xu, Wog, Xu, Wog, Wog, Wog, Wog, Wog, Wog, Wog, Wog, Wog, Wog, Wog, Wog, Wog, Wog, Wog, Wog, Wog, Wog, Wog, Wog, Wog, Xu, Xu, Xu, Xu, Xu, Xu, Xu, Xu, Xu, Xu, Xu, Xu, Xu, Xu, Xu, Xu, Xu, Xu, Xu, Xu, Xu, Xu, Xu, Xu, Xu, Xu, Xu, Xu, Xu, Xu, Xu, Md^Xm, Xu, Xu, Xu, Xu, Xu, Xu, Xu, Xu, Xu, Xu, Xu, Xu, Xu, Xu, Xu, Xu, Xu, Xu, Xu, Xu, Xu, Xu, Xu, Xu, Xu, Xu, Xu, Xu, Xu, Xu, Xu, Xu, Xu, Xu, Xu, Xu, Xu, Xu, Xu, Xu, Xu, Xu, Xu, Wo, Wo, Xu, Xu, Xu, Wo, Xu, Xu, Xu, Xu
Xu, Xu, Xu, Xu, Xu, Xu, Xu, Xu, Xu, Xu, Xu, Xu, Xu, Xu, Xu, Xu, Xu, Xu, Xu, Wog, Xu, Wog, Wog, Wog, Wog, Wog, Wog, Wog, Wog, Wog, Wog, Wog, Wog, Wog, Wog, Wog, Wog, Wog, Xu, Xu, Xu, Xu, Xu, Xu, Xu, Xu, Xu, Xu, Xu, Xu, Xu, Xu, Xu, Xu, Xu, Xu, Xu, Xu, Xu, Xu, Xu, Xu, Xu, Xu, Xu, Xu, Xu, Xu, Xu, Xu, Xu, Xu, Xu, Xu, Xu, Xu, Xu, Xu, Xu, Xu, Xu, Xu, Xu, Xu, Xu, Xu, Xu, Xu, Xu, Xu, Xu, Xu, Xu, Xu, Xu, Xu, Xu, Xu, Xu, Xu, Xu, Xu, Xu, Xu, Xu, Xu, Xu, Xu, Xu, Xu, Xu, Xu, Xu, Xu, Wo, Xu, Wo, Xu, Wo, Xu, Xu, Xu, Xu
Xu, Xu, Xu, Xu, Xu, Xu, Xu, Xu, Xu, Xu, Xu, Xu, Xu, Xu, Xu, Xu, Xu, Xu, Xu, Xu, Xu, Xu, Xu, Wog, Wog, Wog, Xu, Wog, Wog, Wog, Wog, Wog, Xu, Xu, Xu, Xu, Xu, Xu, Xu, Xu, Xu, Xu, Xu, Xu, Xu, Xu, Xu, Xu, Xu, Xu, Xu, Xu, Xu, Xu, Xu, Xu, Xu, Xu, Xu, Xu, Xu, Xu, Xu, Xu, Xu, Xu, Xu, Xu, Xu, Xu, Xu, Xu, Xu, Xu, Xu, Xu, Xu, Xu, Xu, Xu, Xu, Xu, Xu, Xu, Xu, Xu, Xu, Xu, Xu, Xu, Xu, Xu, Xu, Xu, Xu, Xu, Xu, Xu, Xu, Xu, Xu, Xu, Xu, Xu, Xu, Xu, Xu, Xu, Xu, Xu, Xu, Xu, Xu, Xu, Xu, Wo, Xu, Wo, Xu, Xu, Xu, Xu, Xu
Xu, Xu, Xu, Xu, Xu, Xu, Xu, Xu, Xu, Xu, Xu, Xu, Xu, Xu, Xu, Xu, Xu, Xu, Xu, Xu, Xu, Xu, Xu, Xu, Xu, Xu, Xu, Xu, Xu, Xu, Xu, Xu, Xu, Xu, Xu, Xu, Xu, Xu, Xu, Xu, Xu, Xu, Xu, Xu, Xu, Xu, Xu, Xu, Xu, Xu, Xu, Xu, Xu, Xu, Xu, Xu, Xu, Xu, Xu, Xu, Xu, Xu, Xu, Xu, Xu, Xu, Xu, Xu, Xu, Xu, Xu, Xu, Xu, Xu, Xu, Xu, Xu, Xu, Xu, Xu, Xu, Xu, Xu, Xu, Xu, Xu, Xu, Xu, Xu, Xu, Xu, Xu, Xu, Xu, Xu, Xu, Xu, Xu, Xu, Xu, Xu, Xu, Xu, Xu, Xu, Xu, Xu, Xu, Xu, Xu, Xu, Xu, Xu, Xu, Xu, Xu, Xu, Xu, Xu, Xu, Xu, Xu, Xu
