Xu, Xu, Xu, Xu, Xu, Xu, Xu, Xu, Xu, Xu, Xu, Xu, Xu, Xu, Xu, Xu, Xu, Xu, Xu, Xu, Xu, Xu, Xu, Xu, Xu, Xu, Xu, Xu, Xu, Xu, Xu, Xu, Xu, Xu, Xu, Xu, Xu, Xu, Xu, Xu, Xu, Xu, Xu, Xu, Xu, Xu, Xu, Xu, Xu, Xu, Xu
Xu, Xu, Xu, Xu, Xu, Xu, Xu, Xu, Xu, Xu, Xu, Xu, Xu, Xu, Xu, Xu, Xu, Xu, Xu, Xu, Qxu, Xu, Xu, Xu, Xu, Xu, Xu, Xu, Xu, Xu, Xu, Xu, Qxu, Xu, Xu, Xu, Xu, Xu, Xu, Xu, Qxu, Qxu, Qxu, Xu, Xu, Xu, Xu, Xu, Xu, Xu, Xu
Xu, Xu, Xu, Xu, Xu, Xu, Xu, Xu, Xu, Xu, Xu, Xu, Xu, Xu, Xu, Xu, Xu, Xu, Qxu, Qxu, Qxu, Qxu, Qxu, Xu, Xu, Xu, Qxu, Qxu, Qxu, Xu, Qxu, Qxu, Qxu, Qxu, Qxu, Xu, Xu, Xu, Xu, Qxu, Qxu, Qxu, Qxu, Qxu, Xu, Xu, Qxu, Qxu, Qxu, Xu, Xu
Xu, Xu, Xu, Xu, Xu, Xu, Xu, Xu, Xu, Xu, Xu, Xu, Xu, Xu, Xu, Xu, Xu, Xu, Qxu, Qxu, Qxu, Qxu, Qxu, Xu, Xu, Qxu, Qxu, Qxu, Qxu, Xu, Qxu, Qxu, Qxu, Qxu, Qxu, Xu, Xu, Xu, Xu, Xu, Qxu, Qxu, Xu, Qxu, Xu, Qxu, Qxu, Qxu, Qxu, Qxu, Xu
Xu, Xu, Xu, Xu, Xu, Xu, Xu, Xu, Xu, Xu, Xu, Xu, Xu, Xu, Xu, Xu, Wog, Xu, Xu, Qxu, Qxu, Qxu, Xu, Xu, Xu, Qxu, Qxu, Qxu, Qxu, Xu, Xu, Qxu, Qxu, Qxu, Xu, Xu, Qxu, Qxu, Qxu, Xu, Xu, Qxu, Wog, Xu, Wwg, Xu, Qxu, Qxu, Qxu, Qxu, Xu
Xu, Xu, Xu, Xu, Xu, Xu, Xu, Xu, Xu, Xu, Xu, Xu, Xu, Xu, Xu, Xu, Xu, Wog, Wog, Qxu, Xu, Xu, Xu, Xu, Xu, Xu, Xu, Qxu, Wog, Xu, Wwg, Xu, Wog, Xu, Xu, Xu, Xu, Qxu, Xu, Qxu, Xu, Wog, Wwg, Wog, Wog, Qxu, Qxu, Xu, Xu, Xu, Xu
Xu, Xu, Xu, Xu, Xu, Xu, Xu, Xu, Xu, Xu, Xu, Xu, Xu, Xu, Xu, Xu, Wog, Wog, Wog, Wog, Wog, Xu, Xu, Xu, Wog, Wog, Wog, Wwrg, Wog, Wog, Wog, Wog, Wog, Wwg, Wog, Qxu, Qxu, Qxu, Xu, Qxu, Xu, Qxu, Wog^Cov, Qxu, Wwg^Cov, Wog, Wog^Cov, Xu, Xu, Xu, Xu
Xu, Xu, Xu, Xu, Xu, Xu, Xu, Xu, Xu, Xu, Xu, Xu, Xu, Xu, Xu, Xu, Wog, Wog, Wog, Wog, Xu, Xu, Wog, Wwg, Wog, Wog, Wwg^Vm, Wog, Wog, Wog, Wwg, Wog, Wwg, Wog, Wwrg, Qxu, Xu, Qxu, Xu, Qxu, Qxu, Xu, Wwg^Cov, Qxu, Wog^Cov, Wog^Cov, 4 Wog^Kov, Qxu, Xu, Xu, Xu
Xu, Xu, Xu, Xu, Xu, Xu, Xu, Xu, Xu, Xu, Xu, Xu, Qxu, Xu, Xu, Xu, Xu, Wog, Wog, Wog, Xu, Xu, Xu, Wog, Wog, Wwg, Wwg, Wog, Wog, Wwg, Wog, Wog, Wog, Wog, Wwg, Xu, Qxu, Qxu, Qxu, Xu, Qxu, Xu, Wwg^Cov, Wog^Cov, Wwg^Cov, Wog^Cov, Wog^Cov, Wog^Cov, Qxu, Xu, Xu
Xu, Xu, Xu, Xu, Xu, Xu, Xu, Xu, Xu, Xu, Xu, Qxu, Qxu, Qxu, Qxu, Xu, Xu, Wog, Xu, Xu, Xu, Xu, Wog, Wog, Wwg, Wog, Wog, Wog, Wog, Wog, Wog, Wwg^Vm, Wog, Wog, Wog, Qxu, Xu, Qxu, Qxu, Xu, Qxu, Xu, Wog, Wog^Cov, Wog^Cov, Qxu, Wog^Cov, Qxu, Wog, Xu, Xu
Xu, Xu, Xu, Xu, Xu, Xu, Xu, Xu, Xu, Xu, Xu, Qxu, Qxu, Qxu, Qxu, Xu, Xu, Wog, Xu, Xu, Xu, Xu, Xu, Wog, Wog, Wog, Wog, Wwrg, Wog, Wog, Wog, Wwg, Wog, Wog, Wog, Xu, Xu, Qxu, Qxu, Xu, Qxu, Xu, Qxu, Wwg, Wog, Wwg^Cov, Wog, Wwg, Wog, Qxu, Xu
Xu, Xu, Xu, Xu, Xu, Xu, Xu, Xu, Xu, Xu, Xu, Xu, Xu, Xu, Xu, Qxu, Wog, Wog, Xu, Xu, Xu, Xu, Xu, Wog, Wwg, Wog, Wog, Wog, Xu, Wog, Qxu, Wog, Xu, Wwg, Xu, Xu, Xu, Qxu, Xu, Xu, Qxu, Wog, Wog, Wwg, Wog, Wog, Qxu, Qxu, Xu, Xu, Xu
Xu, Xu, Xu, Xu, Xu, Xu, Qxu, Xu, Xu, Xu, Xu, Xu, Wog, Wog, Wog, Wog, Xu, Qxu, Qxu, Xu, Xu, Xu, Qxu, Qxu, Xu, Xu, Xu, Xu, Xu, Xu, Qxu, Xu, Xu, Xu, Xu, Xu, Xu, Xu, Xu, Xu, Qxu, Wog, Xu, Wog, Wwg, Wog, Xu, Qxu, Xu, Xu, Xu
Xu, Xu, Xu, Xu, Xu, Qxu, Qxu, Qxu, Xu, Xu, Wog, Wog, Xu, Xu, Xu, Xu, Xu, Qxu, Qxu, Qxu, Xu, Qxu, Qxu, Qxu, Xu, Xu, Qxu, Qxu, Qxu, Qxu, Wog, Wog, Xu, Xu, Xu, Xu, Xu, Xu, Qxu, Qxu, Xu, Xu, Xu, Xu, Xu, Xu, Xu, Xu, Xu, Xu, Xu
Xu, Xu, Xu, Xu, Xu, Qxu, Qxu, Qxu, Qxu, Wog, Xu, Xu, Xu, Xu, Qxu, Xu, Xu, Qxu, Qxu, Qxu, Xu, Qxu, Qxu, Qxu, Xu, Xu, Qxu, Qxu, Qxu, Xu, Xu, Wog, Xu, Xu, Xu, Xu, Xu, Qxu, Qxu, Qxu, Xu, Xu, Wwg, Wog, Xu, Xu, Xu, Xu, Xu, Xu, Xu
Xu, Xu, Xu, Xu, Xu, Xu, Xu, Xu, Xu, Wog, Wog, Xu, Xu, Qxu, Qxu, Qxu, Xu, Xu, Xu, Xu, Xu, Xu, Xu, Xu, Xu, Xu, Xu, Qxu, Xu, Xu, Xu, Wog, Wog, Xu, Xu, Xu, Xu, Xu, Xu, Qxu, Xu, Xu, Wog, Xu, Xu, Xu, Xu, Wog, Xu, Xu, Xu
Xu, Xu, Xu, Xu, Xu, Xu, Xu, Xu, Xu, Xu, Wog, Wog, Qxu, Qxu, Qxu, Qxu, Xu, Xu, Xu, Xu, Xu, Xu, Xu, Xu, Xu, Xu, Xu, Xu, Xu, Xu, Xu, Xu, Wog, Xu, Wog, Xu, Xu, Xu, Xu, Xu, Xu, Xu, Wog, Ww^Vm, Xu, Xu, Xu, Wog, Xu, Xu, Xu
Xu, Xu, Xu, Xu, Xu, Xu, Xu, Xu, Xu, Xu, Xu, Wog, Xu, Xu, Xu, Xu, Xu, Xu, Wot, Xu, Wo, Xu, Xu, Xu, Xu, Xu, Xu, Xu, Xu, Xu, Xu, Xu, Xu, Wog, Xu, Wog, Wog, Wog, Wog, Xu, Wog, Wwg, Xu, Xu, Xu, Xu, Wog, Wog, Xu, Xu, Xu
Xu, Xu, Xu, Xu, Xu, Xu, Xu, Xu, Xu, Xu, Xu, Wog, Xu, Xu, Wot, Xu, Wo, Wo, Wo, Wo, Ww, Ww, Xu, Xu, Xu, Xu, Xu, Xu, Xu, Xu, Xu, Xu, Xu, Xu, Xu, Xu, Xu, Xu, Xu, Wog, Xu, Xu, Xu, Xu, Xu, Xu, Wog, Xu, Xu, Xu, Xu
Xu, Xu, Xu, Xu, Xu, Xu, Xu, Xu, Xu, Xu, Xu, Wog, Xu, Xu, Wot, Wot, Wot, Wo, Wo, Wo, Xu, Ww^Vm, Xu, Xu, Xu, Xu, Xu, Xu, Xu, Xu, Xu, Xu, Xu, Xu, Xu, Xu, Xu, Xu, Xu, Xu, Xu, Xu, Xu, Xu, Xu, Xu, Wog, Xu, Xu, Xu, Xu
Xu, Xu, Xu, Xu, Xu, Xu, Xu, Xu, Xu, Xu, Xu, Wog, Xu, Wog, Wot, Wot, Wot, Wo, Wot, Wot, Xu, Xu, Wo, Xu, Xu, Xu, Xu, Xu, Xu, Xu, Xu, Xu, Xu, Xu, Xu, Xu, Xu, Xu, Xu, Xu, Xu, Xu, Xu, Xu, Wog, Xu, Xu, Wog, Xu, Xu, Xu
Xu, Xu, Xu, Xu, Xu, Xu, Xu, Xu, Xu, Xu, Xu, Xu, Xu, Xu, Wo, Wot, Wo, Wo, Wo, Wo, Wo, Wo, Wo, Xu, Xu, Xu, Xu, Xu, Xu, Xu, Xu, Xu, Xu, Xu, Xu, Xu, Xu, Xu, Xu, Xu, Xu, Xu, Wog, Wog, Xu, Wog, Wog, Wog, Xu, Xu, Xu
Xu, Xu, Xu, Xu, Xu, Xu, Xu, Xu, Xu, Xu, Xu, Xu, Xu, Xu, Xu, Xu, Xu, Wot, Xu, Wot, Wo, Wot, Wo, Xu, Xu, Xu, Xu, Xu, Xu, Xu, Xu, Xu, Xu, Xu, Xu, Xu, Xu, Xu, Xu, Xu, Xu, Wog, Wog, Wog, Xu, Xu, Xu, Xu, Xu, Xu, Xu
Xu, Xu, Xu, Xu, Xu, Xu, Xu, Xu, Xu, Xu, Xu, Xu, Xu, Xu, Xu, Xu, Xu, Xu, Xu, Wo, Wo, Wo, Wo, Wo, Xu, Xu, Xu, Xu, Xu, Xu, Xu, Xu, Xu, Xu, Xu, Xu, Xu, Xu, Xu, Xu, Xu, Xu, Wog, Wog, Xu, Wog, Ww^Vm, Xu, Xu, Xu, Xu
Xu, Xu, Xu, Xu, Xu, Xu, Xu, Xu, Xu, Xu, Xu, Xu, Xu, Xu, Xu, Xu, Xu, Xu, Ww^Vm, Wot, Wo, Wo, Wot, Wo, Xu^_fme, Xu, Xu, Xu, Xu, Xu, Xu, Xu, Xu, Xu, Xu, Xu, Xu, Xu, Xu, Xu, Xu, Xu, Xu, Xu, Xu, Wog, Xu, Xu, Xu, Xu, Xu
Wo^_fme, Wo^_fme, Wo^_fme, Wo^_fme, Wo^_fme, Wo^_fme, Wo^_fme, Wo^_fme, Wo^_fme, Wo^_fme, Wo^_fme, Wo^_fme, Wo^_fme, Wo^_fme, Wo^_fme, Wo^_fme, Wo^_fme, Xu^_fme, Wo, Wo, Wo, Wo, Wo, Wo, Wo^_fme, Xu^_fme, Wo^_fme, Xu^_fme, Wo^_fme, Xu^_fme, Wo^_fme, Xu^_fme, Wo^_fme, Xu^_fme, Wo^_fme, Xu^_fme, Wo^_fme, Xu^_fme, Wo^_fme, Xu^_fme, Wo^_fme, Xu^_fme, Wo^_fme, Xu^_fme, Wo^_fme, Xu^_fme, Wo^_fme, Xu^_fme, Wo^_fme, Xu^_fme, Wo^_fme
Wo^_fme, Wo^_fme, Wo^_fme, Wo^_fme, Wo^_fme, Wo^_fme, Wo^_fme, Wo^_fme, Wo^_fme, Wo^_fme, Wo^_fme, Wo^_fme, Wo^_fme, Wo^_fme, Wo^_fme, Wo^_fme, Wo^_fme, Wo^_fme, Wo, Wo, Wo, Wo, Wo, Wo, Wo^_fme, Wo^_fme, Wo^_fme, Wo^_fme, Wo^_fme, Wo^_fme, Wo^_fme, Wo^_fme, Wo^_fme, Wo^_fme, Wo^_fme, Wo^_fme, Wo^_fme, Wo^_fme, Wo^_fme, Wo^_fme, Wo^_fme, Wo^_fme, Wo^_fme, Wo^_fme, Wo^_fme, Wo^_fme, Wo^_fme, Wo^_fme, Wo^_fme, Wo^_fme, Wo^_fme
Wo, Wo, Wo, Wo, Wo, Wo, Wo, Wo, Wo, Wo, Wo, Wo, Wo, Wo, Wo, Wo, Wo, Wo, Wo, Wo, Wo, Wo, Wo, Wo, Wo, Wo, Wo, Wo, Wo, Wo, Wo, Wo, Wo, Wo, Wo, Wo, Wo, Wo, Wo, Wo, Wo, Wo, Wo, Wo, Wo, Wo, Wo, Wo, Wo, Wo, Wo
Wo, Wo, Wo, Wo, Wo, Wo, Wo, Wo, Wo, Wo, Wo, Wo, Wo, Wo, Wo, Wo, Wo, Wo, Wo, Wo, Wo, Wo, Wo, Wo, Wo, Wo, Wo, Wo, Wo, Wo, Wo, Wo, Wo, Wo, Wo, Wo, Wo, Wo, Wo, Ww^Vm, Wo, Wo, Ww^Vm, Wo, Wo, Wo, Wo, Wo, Wo, Wo, Wo
Wo, Wo, Wo, Wo, Wo, Wo, Wo, Wo, Wwt, Wo, Wo, Wo, Wo, Wo, Wo, Wo, Wo, Wo, Wot, Wo, Wwrt, Wo, Wo, Wo, Wo, Wo, Wo, Wo, Wo, Wo, Wo, Wo, Wo, Wo, Wo, Wo, Wo, Wo, Wo, Wo, Wwg, Wwg, Cme, Wwg, Wwg, Wo, Wo, Wo, Wo, Wo, Wo
Wo, Wo, Wo, Wo, Wo, Wo, Wwt, Wwt, Wwt, Wwt, Wwt, Wwt, Wwt, Wwt, Wwt, Wwt, Wwt, Wwrt, Wwt, Wwt, Wwrt, Wot, Wwrt, Wwrt, Wwt, Wo, Wo, Wo, Wo, Wo, Wo, Wo, Wo, Wo, Wo, Wo, Wo, Wo, Wo, Wwg, Wwg, Wwg, Cme, Cme, Wwg, Ww^Vm, Wo, Wo, Wo, Wo, Wo
Wo, Wo, Wo, Wo, Wo, Wo, Wwt, Wwt, Ds, Wwt, Ds, Wwt, Wwt^Vm, Wwt, Wwrt, Wwrt, Wwt, Wwrt, Wwt, Wwrt, Wwt, Wwt, Wot, Wot, Wwrt, Wot, Wwrt, Wo, Wo, Wo, Wo, Wo, Wo, Wo, Wo, Wo, Wo, Wo, Wo, Wo, Wwg, Cme, Cme, 2 Kme, Cme, Wwg, Wo, Wo, Wo, Wo, Wo
Wo, Wo, Wo, Wo, Wo, Wwt^Ewl, Wwt, Ww^Bw\, Ds, Gg, Gg, Ds, Ds, Wwt, Wwt, Wwrt, Wo, Wot, Wo, Wot, Wot, Wwrt, Wwrt, Wwt, Wwt^Vm, Wwrt, Wwrt, Wwt, Wwt, Wo, Wwt, Wo, Wo, Wo, Wo, Wo, Wo, Wo, Wo, Wo, Wo, Wwg, Wo, Cme, Wo, Wo, Wo, Wo, Wo, Wo, Wo
Wwrt, Wwt, Wwt, Wot, Wwt, Wwrt, Wwt^Ewl, Ds, Gg^Vh, Re^Gvs, Re^Gvs, Gg, Wwf, Wwt, Wwt, Wot, Wo, Wo, Wo, Wo, Wo, Wwt, Wo, Wot, Wot, Wwrt, Wwt, Wwrt, Wwrt, Wwt, Wot, Wwt, Wot, Wo, Wot, Wo, Wo, Wo, Wo, Wo, Wo, Wo, Wo, Wo, Wo, Wo, Wo, Wo, Wo, Wo, Wo
Wwt, Wwt, Wwrt, Wwrt, Wwrt, Wwt, Wwt, Ds, Ds, Re^Gvs, Gg, Gg, Ds, Wwt, Wwt, Wo, Wo, Wo, Wo, Wo, Wo, Wo, Wo, Wwt, Wo, Wwrt, Wwrt, Wwrt, Wot, Wwrt, Wwrt, Wot, Wwrt, Wwt, Wwrt, Wwt, Wot, Wwt, Wwt, Wo, Wwt, Wo, Wwt, Wo, Wo, Wo, Wwt, Wwt, Wwt, Wwt, Wwt
Wot, Wwt, Wot, Wot, Wwt, Wwt, Wwt, Wwt, Wwt, Ds, Wwt, Ds, Wwt, Wwt, Wwt, Wo, Wo, Wo, Wo, Wo, Wo, Wo, Wo, Wo, Wo, Wo, Wo, Wot, Wwt, Wwrt, Wwrt, Wot, Wwt, Wwt^Vm, Wot, Wwt, Wwrt, Wwrt, Wwt, Wot, Wwrt, Wot, Wwt, Wwt, Wwrt, Wwt, Wwt, Wwrt, Wwt, Wwt, Wo
Wwt, Wwt, Wwrt, Wwt, Wo, Wo, Wo, Wwt, Wwt, Wwt, Wwt, Wwt, Wwt, Wwt, Wo, Wo, Wo, Wo, Wo, Wo, Wo, Wo, Wo, Wo, Wo, Wo, Wo, Wo, Wwt, Wwrt, Wwrt, Wwt, Wwrt, Wwt, Wwrt, Wwrt, Wot, Wwrt, Wot, Wot, Wwt, Wwrt, Wwt, Wot, Wot, Wwt, Wwrt, Wot, Wwt, Wwrt, Wwrt
Wo, Wo, Wo, Wo, Wo, Wo, Wo, Wo, Wo, Wo, Wo, Wwt, Wo, Wo, Wo, Wo, Wo, Wo, Wo, Wo, Wo, Wo, Wo, Wo, Wo, Wo, Wo, Wo, Wo, Wo, Wo, Wo, Wo, Wwrt, Wo, Wwt, Wwt, Wwt, Wwrt, Wwrt, Wot, Wot, Wot, Wwrt, Wwrt, Wwrt, Wot, Wwt, Wwt, Wwt, Wwt
Wo, Wo, Wo, Wo, Wo, Wo, Wo, Wo, Wo, Wo, Wo, Wo, Wo, Wo, Wo, Wo, Wo, Wo, Wo, Wo, Wo, Wo, Wo, Wo, Wo, Wo, Wo, Wo, Wo, Wo, Wo, Wo, Wo, Wo, Wo, Wo, Wo, Wo, Wo, Wo, Wwt, Wwt, Wwt, Wot, Wot, Wot, Wwt^Ewl, Wot, Wot, Wot, Wot
Wo, Wo, Wo, Wo, Wo, Wo, Wo, Wo, Wo, Wo, Wo, Wo, Wo, Wo, Wo, Wo, Wo, Wo, Wo, Wo, Wwg, Wo, Cme, Wwg, Wo, Wo, Wo, Wo, Wo, Wo, Wo, Wo, Wo, Wo, Wo, Wo, Wo, Wo, Wo, Wo, Wo, Wo, Wo, Wo, Wo, Wo, Wo, Wo, Wo, Wwrt, Wo
Wo, Wo, Wo, Wo, Wo, Wo, Wo, Wo, Wo, Wo, Wo, Wo, Wo, Wo, Wo, Wo, Wo, Wo, Wo, Wo, Cme, Cme, 3 Kme, Cme, Ww^Vm, Wo, Wo, Wo, Wo, Wo, Wo, Wo, Wo, Wo, Wo, Wo, Wo, Wo, Wo, Wo, Wo, Wo, Wo, Wo, Wo, Wo, Wo, Wo, Wo, Wo, Wo
Wo, Wo, Wo, Wo, Wo, Wo, Wo, Wo, Wo, Wo, Wo, Wo, Wo, Wo, Wo, Wo, Wo, Wo, Wo, Ww^Vm, Ww, Cme, Cme, Cme, Wo, Wo, Wo, Wo, Wo, Wo, Wo, Wo, Wo, Wo, Wo, Wo, Wo, Wo, Wo, Wo, Wo, Wo, Wo, Wo, Wo, Wo, Wo, Wo, Wo, Wo, Wo
Wo, Wo, Wo, Wo, Wo, Wo, Wo, Wo, Wwr, Wo, Ww, Wo, Wo, Wo, Wo, Wo, Wo, Wo, Wo, Wo, Wo, Wo, Wo, Wo, Wo, Wo, 1 Wo, Wo, Wo, Wo, Wo, Wo, Wo, Wo, Wo, Wo, Wo, Wo, Wo, Wo, Wo, Wo, Wo, Wo, Wo, Wo, Wo, Wo, Wo, Wo, Wo
Wo, Wo, Wo, Wo, Wo, Wo, Wo, Wwr, Ww, Wwr, Ww, Wo, Wo, Wo, Wo, Wo, Wo, Wo, Wo, Wo, Wo, Wo, Wo, Wo, Wo, Wo, Wo, Wo, Wo, Wo, Wo, Wo, Wo, Wo, Wo, Wo, Wo, Wo, Wo, Wo, Wo, Wo, Wo, Wo, Wo, Wo, Wo, Wo, Wo, Wo, Wo
Wo, Wo, Wo, Wo, Wo, Wo, Wo, Ww, Wo, Ww, Wo, Wo, Wo, Wo, Wo, Wo, Wo, Wo, Wo, Wo, Wo, Wo, Wo, Wo, Wo, Wo, Wo, Wo, Wo, Wo, Wo, Wo, Wo, Wo, Wo, Wo, Wo, Wo, Wo, Wo, Wo, Wo, Wo, Wo, Wo, Wo, Wo, Wo, Wo, Wo, Wo
Wo, Wo, Wo, Wo, Wo, Wo, Wo, Wo, Wo, Wo, Wo, Wo, Wo, Wo, Wo, Wo, Wo, Wo, Wo, Wo, Wo, Wo, Wo, Wo, Wo, Wo, Wo, Wo, Wo, Wo, Wo, Wo, Wo, Wo, Wo, Wo, Wo, Wo, Wo, Wo, Wo, Wo, Wo, Wo, Wo, Wo, Wo, Wo, Wo, Wo, Wo
Wo, Wo, Wo, Wo, Wo, Wo, Wo, Wo, Wo, Wo, Wo, Wo, Wo, Wo, Wo, Wo, Wo, Wo, Wo, Wo, Wo, Wo, Wo, Wo, Wo, Wo, Wo, Wo, Wo, Wo, Wo, Wo, Wo, Wo, Wo, Wo, Wo, Wo, Wo, Wo, Wo, Wo, Wo, Wo, Wo, Wo, Wo, Wo, Wo, Wo, Wo
