border_size=1
usage=map

Xu, Xu, Xu, Qxu, Uh, Xu, Xu, Xu, Xu, Xu, Xu, Xu, Xu, Xu, Xu, Xu, Xu, Xu, Uu, Xu, Xu, Xu, Xu, Xu, Xu, Xu, Xu, Xu, Xu, Xu, Xu, Xu, Xu, Xu, Xu, Xu, Xu, Xu, Uu, Xu, Xu, Xu, Xu, Xu, Xu, Xu, Uu, Uu, Uu, Uh, Xu, Xu, Xu, Xu, Xu
Xu, Xuc, Xu, Qxu, Xu, Xu, Uu, Uu, Uu, Xu, Uu^Uf, Xu, Xu, Uh, Xu, Uu, Uu, Xu, Xu, Uh, Uu, Xu, Uu, Uu, Xu, Xu, Xu, Uu, Xu, Xu, Uu, Xu, Xu, Uh, Uu, Xu, Uu^Uf, Xu, Xu, Xu, Xu, Uu, Uu, Uh, Xu, Xu, Uh, Xu, Xu, Xu, Xu, Uh, Xu, Uu, Uu
Qxu, Xu, Qxu, Qxu, Xu, Xu, Xu, Uh, Uu, Uu, Xu, Xu, Xu, Xu, Xu, Xu, Xu, Xu, Uu, Uu, Xu, Xu, Xu, Xu, Xu, Xu, Xu, Xu, Xu, Uh, Xu, Uu, Uh, Uu, Uu, Xu, Xu, Uu^Uf, Xu, Xu, Uu^Vu, Xu, Xu, Xu, Xu, Uu, Xu, Xu, Uu, Xu, Xu, Xu, Uh, Uh, Xu
Xu, Qxu, Xuc, Xuc, Uh, Xu, Xu, Xu, Xu, Uu, Xu, Xu, Xu, Uh, Uu, Uh, Uh, Xu, Xu, Uu, Xu, Xu, Xu, Xu, Uu, Xu, Xu, Qxu, Xu, Xu, Xu, Xu, Xu, Uh, Xu, Xu, Uu^Uf, Xu, Uu, Xu, Uu, Uu, Uh, Uu, Uh, Xu, Uh, Uu, Uu, Xu, Xu, Uu^Uf, Xu, Uu, Xu
Xu, Xu, Uu, Uu, Uh, Xu, Uu^Uf, Uu, Xu, Xu, Xu, Uh, Xu, Xu, Uu, Xu, Xu, Xu, Qxu, Qxu, Xu, Xu, Uu, Uu, Qxu^Bs|, Uu, Uu, Xu, Xu, Xu, Xu, Qxu, Qxu, Xu, Xu, Xu, Uu, Uu, Uh, Xu, Xu, Xu, Xu, Xu, Xu, Uu, Uu, Xu, Xu, Xu, Xu, Uu, Xu, Xu, Xu
Uu, Xu, Uu, Xu, Uu, Xu, Uh, Xu, Xu, Uu, Uu, Uh, Uu, Xu, Xu, Xu, Uu^Vu, Xu, Xu, Xu, Xu, Uu, Uu, Qxu, Uu^Vud, Qxu, Uu, Uu, Xu, Xu, Xu, Qxu, Xu, Qxu, Xu, Uu, Xu, Xu, Xu, Xu, Uu, Uu, Uu, Uh, Xu, Uu, Xu, Xu, Uu, Xu, Uu, Xu, Uu, Uu, Uu
Uu, Xu, Xu, Xu, Xu, Xu, Xu, Uu, Xu, Xu, Xu, Xu, Uu, Xu, Xu, Xu, Uh, Xu, Xu, Xu, Xu, Uu, Uu, Qxu^Bs/, Qxu, Qxu^Bs\, Uu, Uu, Xu, Xu, Qxu, Qxu, Xu, Xu, Xu, Xu, Uu, Xu, Xu, Uu, Uh, Uu, Uu, Uu, Uh, Xu, Xu, Uu, Uu, Uh, Uh, Xu, Xu, Uu, Xu
Xu, Uh, Xu, Uu^Vu, Xu, Xu, Xu, Uu, Xu, Xu, Uu, Xu, Xu, Xu, Uu, Xu, Uu, Xu, Uh, Qxu, Qxu, Xu, Uh, Uu, Uu, Uu, Uh, Xu, Qxu, Xu, Uu, Xu, Xu, Xu, Ur, Uu, Xu, Uu, Uu, Xu, Xu, Uu, Uu, Uu, Uh, Uh, Xu, Xu, Xu, Xu, Xu, Uu, Xu, Uu, Uu
Xu, Uu, Xu, Uu, Uu, Uu, Uu^Uf, Xu, Xu, Xu, Uu^Vu, Xu, Ur, Ur, Xu, Uu, Uu, Xu, Xu, Uh, Xu, Xu, Xu, Xu, Xu, Xu, Xu, Xu, Xu, Xu, Xu, Uu, Xu, Xu, Ur, Xu, Xu, Xu, Uu, Xu, Xu, Xu, Xu, Xu, Xu, Uh, Xu, Xu, Uh, Xu, Xu, Uu, Xu, Uu, Uu
Xu, Xu, Uu^Vu, Uu, Uu, Uu, Uu, Uu, Uu, Uu, Xu, Xu, Uu, Xu, Xu, Xu, Ur, Xu, Xu, Xu, Xu, Xu, Xu, Xu, Uu, Uu, Uu, Xu, Uu^Vu, Xu, Uu, Xu, Uu, Ur, Xu, Ur, Uu, Uu, Uu, Xu, Xu, Uu, Xu, Xu, Uu^Vu, Xu, Uu, Uu, Uu, Uh, Uu, Xu, Xu, Xu, Xu
Xu, Xu, Uu, Uu, Co, Uh, Co, Uu, Uu, Uu, Uu, Uh, Uu, Uu, Xu, Xu, Xu, Ur, Xu, Xu, Uu^Uf, Xu, Xu, Xu, Ur, Uu, Uu, Uu, Uu, Xu, Uu, Uu, Uu, Xu, Xu, Xu, Uh, Uu, Uu, Xu, Uu, Xu, Ur, Xu, Ur, Uu, Xu, Xu, Uu, Xu, Xu, Uu^Uf, Xu, Xu, Xu
Xu, Xu, Uh, Co, Co, Co, Co, Co, Uh, Uu, Uu, Uu, Uu, Uu, Xu, Xu, Xu, Ur, Uu, Xu, Uu, Uu^Uf, Xu, Ur, Xu, Xu, Xu, Xu, Xu, Uu, Xu, Xu, Xue, Xu, Uh, Xu, Xu, Xu, Xu, Uu, Uu, Uu, Xu, Ur, Xu, Xu, Xu, Uu^Uf, Uu, Xu, Uu, Uu, Uu, Uu^Vu, Xu
Uh, Xu, Uh, Co, Co, 2 Ko, Co, Co, Uh, Uu, Uu, Uh, Xu, Xu, Uu, Uu^Vu, Xu, Xu, Uh, Uu, Xu, Uu, Uu, Uu, Xu, Xu, Xu, Xu, Xu, Xu, Xu, Sm, Xue, Xue, Uue, Xue, Uue^Uf, Xu, Xu, Uu, Uh, Xu, Xu, Xu, Uu, Uu, Xu, Uu, Xu, Uu, Uu, Uh, Xu, Xu, Uu
Xu, Uu^Vu, Uu, Uu, Uu, Co, Uu, Uu, Uu, Uu, Uu, Uu, Ur, Uu, Uu, Uu, Uu, Xu, Xu, Xu, Uu, Uu, Xu, Xu, Uu, Uu, Uh, Uu, Uu, Uu, Xu, Xue, Sm, Sm, Sm, Sm, Xue, Xu, Xue, Xu, Uu, Xu, Uu, Uu, Xu, Xu, Uh, Xu, Uu, Uu, Xu, Xu, Xu, Xu, Uh
Xu, Xu, Uu, Uu, Uu, Uu, Uh, Uu, Uu, Uu, Uu, Uu, Uu, Uu, Uu, Uu, Uu, Uu, Uu, Uu, Uu, Xu, Xu, Xu, Xu, Xu, Xu, Xu, Xu, Xu, Xu, Xue, Uue, Sm, Xue, Wwg, Wwg, Xue, Sm, Xu, Uh, Xu, Uu, Xu, Uu, Xu, Uu, Uu, Xu, Uu^Vu, Xu, Uu, Uu, Uu, Xu
Xu, Uu, Xu, Xu, Uh, Uu, Uu, Uu, Uu, Xu, Xu, Uu^Vu, Xu, Uu, Uu, Uu, Uu, Xu, Xu, Xu, Xu, Uu, Xu, Xu, Uu, Uu, Uu, Uh, Uh, Xu, Xu, Uh, Xu, Uue, Xue, Sm, Uh, Sm, Sm, Xu, Xu, Xu, Uh, Uu, Xu, Xu, Ur, Xu, Xu, Xu, Uu, Uu, Uu, Xu, Xu
Xu, Xu, Xu, Xu, Xu, Xu, Uu, Uu, Uu, Uu, Xu, Xu, Xu, Xu, Uu, Uu, Xu, Xu, Uu, Xu, Xu, Ur, Xu, Xu, Xu, Xu, Xu, Uu, Uh, Uh, Xu, Xu, Xue, Xue, Sm, Sm, Xue, Xue, Sm, Xue, Xu, Xu, Uh, Xu, Xu, Xu, Xu, Ur, Xu, Xu, Xu, Uu, Uu, Xu, Xu
Xu, Xu, Uh, Uu, Xu, Xu, Uu, Uh, Uu, Xu, Xu, Uh, Xu, Xu, Xu, Uh, Uu, Xu, Uh, Xu, Uu, Ur, Uu, Uu, Uu, Uh, Uu, Xu, Xu, Xu, Xue, Xue, Sm, Sm, Sm, Xue, Xu, Xu, Xu, Sm, Xu, Xu, Xu, Xu, Xu, Uu, Uu, Uu, Uu, Uu, Xu, Uu, Xu, Xu, Xu
Xu, Xu, Uu, Uu, Xu, Uu, Xu, Xu, Xu, Uu, Xu, Xu, Xu, Xu, Xu, Uu, Xu, Uu, Xu, Uu, Uu, Ur, Ur, Uu^Vu, Uu, Uu, Uu, Uu, Xu, Xu, Xu, Xue, Xu, Xue, Xu, Xue, Xu, Uu, Xu, Xu, Uu^Vu, Xu, Uu, Xu, Uh, Uu, Xu, Xu, Xu, Uu, Xu, Xu, Qxu, Xu, Qxu
Xu, Xu, Uu, Uu, Uh, Xu, Xu, Xu, Uh, Uh, Uu, Xu, Xu, Uh, Uh, Xu, Xu, Xu, Xu, Uu, Uu, Uh, Uu, Uu, Uh, Uu, Xu, Xu, Xu, Uh, Uu, Xu, Uh, Xu, Uu, Xu, Uh, Uh, Xu, Uu, Uu, Xu, Xu, Xu, Uh, Uu, Uu, Xu, Uu, Xu, Uu, Xu, Xu, Qxu, Qxu
Xu, Xu, Xu, Uu, Uu, Xu, Uu^Vu, Uu, Ur, Uu, Xu, Xu, Uh, Xu, Uu, Uu, Uu, Xu, Xu, Xu, Xu, Uu, Xu, Xu, Xue, Uu, Uue, Xu, Xu, Xu, Ur, Uh, Xu, Uh, Xu, Uu, Xu, Uu, Xu, Xu, Uh, Uu, Uu, Ur, Uu, Uu, Co, Uu, Uu, Xu, Xu, Xu, Xu, Xu, Xu
Xu, Uu^Vu, Xu, Xu, Xu, Xu, Uu^Uf, Ur, Xu, Xu, Xu, Uu, Uu, Xu, Xu, Xu, Xu, Xu, Xu, Uu, Xu, Xu, Xu, Xue, Sm, Xue, Sm, Uue, Uue, Ur, Xu, Uu, Xu, Xu, Xu, Xu, Uu, Uu, Xu, Xu, Xu, Xu, Uh, Uu, Co, Co, 3 Ko, Co, Uu, Xu, Uu^Vu, Xu, Uu^Uf, Xu, Xu
Xu, Uu, Uu, Uu, Uh, Xu, Xu, Uu, Xu, Xu, Xu, Uu, Xu, Xu, Xu, Xu, Uh, Uu, Uu, Xu, Qxu, Qxu, Xu, Xue, Sm, Sm, Sm, Uh, Uue, Xue, Xu, Xu, Xu, Uu^Vu, Xu, Xu, Xu, Xu, Uu, Uu, Xu, Uu^Vu, Uu, Uu, Uu, Co, Co, Co, Uu, Uu, Uh, Xu, Uu, Xu, Xu
Xu, Xu, Uu, Xu, Xu, Xu, Xu, Uu, Uu, Uh, Xu, Xu, Xu, Uu, Xu, Xu, Xu, Uh, Xu, Uu, Xu, Xu, Uh, Xu, Uue^Uf, Sm, Sm, Uue^Uf, Sm, Xue, Xue, Sm, Sm, Uu, Xu, Xu, Uh, Xu, Xu, Xu, Xu, Xu, Uu, Uu, Uu, Co, Uu, Uu, Uu, Uu, Uu, Xu, Xu, Xu, Xu
Xu, Xu, Xu, Ur, Uu, Uu, Uu, Uu, Xu, Xu, Uu, Uu, Xu, Uu, Uh, Xu, Xu, Uh, Xu, Xu, Xu, Xu, Uu^Vu, Xu, Uue^Uf, Uue^Uf, Sm, Sm, Uue, Sm, Ur, Uu, Xu, Uu, Uu, Xu, Uu, Uu, Ur, Ur, Ur, Uh, Uu, Uu, Uh, Uu, Xu, Uh, Xu, Uu, Uu, Ur, Ur, Xu, Xu
Xu, Xu, Xu, Xu, Xu, Xu, Xu, Uu, Xu, Xu, Uu, Xu, Uh, Xu, Uu, Uu, Xu, Xu, Xu, Xu, Uu, Uu, Xu, Xu, Uue, Uue, Xu, Uue, Xu, Xu, Uh, Uh, Xu, Xu, Xu, Uu, Xu, Xu, Xu, Xu, Xu, Uu, Xu, Uu, Xu, Xu, Uu, Xu, Uu, Xu, Xu, Xu, Uu^Uf, Uu, Xu
Uu, Uh, Uu, Xu, Uh, Uh, Uu, Xu, Xu, Xu, Xu, Xu, Xu, Uu, Uu, Xu, Xu, Xu, Uu^Vu, Uu, Xu, Xu, Xu, Xu, Xu, Xu, Xu, Uu, Uh, Xu, Xu, Uh, Xu, Xu, Uh, Xu, Xu, Xu, Xu, Xu, Uu, Xu, Xu, Xu, Xu, Uu^Vu, Xu, Uu, Xu, Uu, Uu, Uu, Uu, Xu, Xu
Xu, Xu, Uu, Xu, Uu, Uu, Xu, Xu, Uu, Uh, Uu, Xu, Xu, Xu, Uue^Uf, Xu, Uu^Uf, Uu, Uu, Xu, Xu, Uu, Xu, Xu, Uh, Xu, Uh, Uu, Xu, Xu, Uu, Xu, Uue^Uf, Xu, Xu, Uh, Xu, Uu, Xu, Xu, Uu, Xu, Uh, Xu, Xu, Ur, Xu, Xu, Xu, Xu, Xu, Uu, Xu, Uh, Xu
Xu, Xu, Xu, Xu, Uu, Xu, Xu, Xu, Xu, Xu, Xu, Ur, Uu^Uf, Uh, Uu, Uu^Uf, Xu, Xu, Uh, Xu, Xu, Uh, Xu, Uh, Xu, Xu, Uu, Xu, Xu, Uu, Xue, Xue, Sm, Xue, Xue, Xu, Xu, Xu, Uu, Uh, Xu, Xu, Xu, Uh, Xu, Ur, Xu, Xu, Xu, Uu, Uu, Xu, Uu^Vu, Xu, Xu
Uu, Uu^Uf, Xu, Xu, Uh, Uu, Uu, Ur, Ur, Xu, Uu^Uf, Uu, Uu, Xu, Uu^Uf, Xu, Xu, Xu, Uu, Xu, Uu, Uu, Xu, Xu, Xu, Xu, Xu, Uu^Vu, Xu, Xu, Sm, Uue^Uf, Xue, Uue^Uf, Xue, Xu, Uu, Xu, Xu, Xu, Uh, Uh, Uu, Uu, Xu, Uh, Uu, Uu, Xu, Xu, Xu, Xu, Uu, Uh, Xu
Uu, Xu, Xu, Xu, Xu, Uu^Vu, Xu, Xu, Uu, Uu, Uu, Uu, Uu^Uf, Uu^Uf, Uu, Uu, Ur, Uu, Uh, Xu, Xu, Xu, Xu, Uu, Uu, Uu, Xu, Xu, Xu, Sm, Xue, Uue^Uf, Xue, Uue^Uf, Xue, Xu, Uu, Xu, Xu, Xu, Uu, Uh, Uu, Xu, Xu, Uu, Xu, Uu, Uu, Xu, Xu, Xu, Uu, Uu, Xu
Xu, Xu, Uh, Xu, Uh, Xu, Uh, Xu, Uu, Uu, Uh, Uu, Uu, Uu, Ur, Ur, Xu, Xu, Uu, Xu, Uu, Uu, Xu, Xu, Uu, Uu, Xu, Uu^Uf, Uu, Uu, Xu, Uue^Uf, Uue^Uf, Sm, Xue, Xu, Uh, Xu, Uu^Vu, Uu, Xu, Xu, Uu^Uf, Xu, Uh, Xu, Uu, Uh, Xu, Xu, Xu, Uh, Uu, Xu, Xu
Uu, Uu, Uu, Xu, Xu, Xu, Xu, Uu, Xu, Uh, Xu, Uu, Uu, Uu, Xu, Xu, Xu, Uu, Uu, Uu, Xu, Uu, Uh, Xu, Xu, Xu, Xu, Xu, Xu, Uu, Xu, Xu, Xu, Xue, Xu, Xu, Xu, Xu, Xu, Xu, Xu, Xu, Uu, Ur, Ur, Uu, Uu, Uu, Uu, Uu, Xu, Uh, Uu, Xu, Uu^Uf
Xu, Xu, Uu, Xu, Uu^Vu, Xu, Uu, Uu, Cud, Xu, Xu, Uu, Uh, Uu, Uu, Xu, Xu, Xu, Ur, Xu, Xu, Uh, Xu, Xu, Xu, Xu, Xu, Uh, Uu, Xu, Uu, Uu, Xu, Xu, Uu, Xu, Uu, Xu, Xu, Xu, Xu, Xu, Uu, Ur, Uu, Uh, Ur, Xu, Xu, Xu, Xu, Xu, Xu, Xu, Uu
Xu, Xu, Xu, Xu, Uu, Uu, Uu, Cud, 4 Kud, Uu^Vu, Xu, Uu, Xu, Uu, Xu, Xu, Uu, Uu, Xu, Xu, Xu, Xu, Uu, Uh, Xu, Xu, Xu, Xu, Uu, Xu, Uu, Xu, Uh, Uu, Xu, Xu, Uu, Uh, Uh, Uu, Xu, Xu, Uu, Uu, Uu, Uu, Uu, Uu^Uf, Uu^Uf, Xu, Uue^Uf, Xu, Xu, Uu^Uf, Uh
Xu, Xu, Xu, Xu, Xu, Uu, Uh, Uu, Xu, Cud, Xu, Xu, Xu, Xu, Xu, Xu, Uu^Vu, Xu, Xu, Xu, Uu^Uf, Xu, Xu, Uu, Uu, Uu, Xu, Xu, Xu, Uu, Xu, Xu, Xu, Uu, Uu, Xu, Xu, Uu, Uu, Xu, Xu, Uu^Uf, Uu, Uu, Uh, Xu, Xu, Uu, Uh, Uu^Uf, Xu, Xu, Uu, Xu, Xu
Xu, Uu, Uu, Xu, Uu^Vu, Uu, Xu, Uu, Uu, Xu, Uu, Uu, Xu, Xu, Uh, Xu, Xu, Xu, Uu, Uu^Uf, Xu, Xu, Uh, Xu, Xu, Uu, Xu, Xu, Uh, Xu, Uu, Xu, Xu, Uu, Xu, Xu, Xu, Xu, Xu, Xu, Xu, Xu, Uh, Xu, Uu, Xu, Uu, Uh, Uu, Uh, Uu, Xu, Xu, Uh, Xu
Uu, Uu, Xu, Uu, Xu, Uu, Xu, Xu, Xu, Xu, Xu, Xu, Xu, Uu, Qxu, Xu, Xu, Uu, Uu, Uu, Uh, Xu, Xu, Uh, Xu, Uu, Xu, Xu, Uu, Uh, Xu, Uu, Xu, Uu, Xu, Uu^Uf, Uu, Uh, Uu, Uu, Xu, Xu, Xu, Uu, Xu, Uu, Xu, Uu, Uu^Uf, Xu, Uu, Xu, Xu, Uu, Xu
Uh, Xu, Uu, Xu, Xu, Uu, Uu, Xu, Xu, Xu, Xu, Xu, Uu^Vu, Xu, Xu, Uu, Uu, Uu, Uh, Xu, Uu, Xu, Xu, Uu, Uu, Xu, Xu, Xu, Xu, Xu, Xu, Xu, Xu, Xu, Xu, Uu^Uf, Uu, Uu, Uu^Uf, Uu, Uu, Xu, Xu, Uu, Uu^Vu, Xu, Xu, Xu, Xu, Xu, Uu^Vu, Xu, Xu, Uu, Xu
Xu, Xu, Uu, Xu, Xu, Xu, Xu, Xu, Uh, Uh, Ur, Xu, Uu, Uu, Xu, Xu, Xu, Xu, Xu, Xu, Xu, Uu, Xu, Xu, Xu, Xu, Uu, Uh, Uh, Uu, Uu, Xu, Uh, Xu, Xu, Xu, Xu, Xu, Xu, Xu, Xu, Uu, Xu, Xu, Xu, Xu, Uh, Xu, Uu^Uf, Xu, Xu, Xu, Uu, Xu, Uu
Xu, Uh, Uu, Xu, Uu^Uf, Uu^Uf, Xu, Uu, Xu, Ur, Uu, Uu, Uu, Xu, Xu, Xu, Uh, Xu, Uh, Xu, Uu^Uf, Uu, Uu, Xu, Xu, Uu^Vud, Ce, Ce, Ce, Uu, Uu, Uu, Uu^Vud, Uh, Xu, Xu, Uh, Uu, Uu, Uh, Xu, Xu, Xu, Uh, Uu, Uu, Uu, Xu, Uu, Uu, Xu, Uh, Uu, Xu, Uu
Xu, Xu, Uu, Xu, Xu, Xu, Xu, Xu, Xu, Uh, Uu, Xu, Xu, Xu, Xu, Uh, Xu, Uh, Xu, Xu, Uu^Uf, Uu, Uu, Xu, Xu, Uh, Ce, 1 Ke, Ce, Rd, Rd, Uu, Xu, Xu, Uu, Xu, Uu, Xu, Xu, Xu, Xu, Xu, Xu, Uu, Uu, Xu, Uu, Uh, Uu, Uu, Uu^Vu, Xu, Uu, Uu, Xu
Xu, Uh, Xu, Xu, Uu, Xu, Uu, Xu, Xu, Uh, Xu, Xu, Xu, Xu, Uh, Uh, Uu, Xu, Xu, Xu, Xu, Xu, Uu, Xu, Xu, Uu^Vud, Uu, Ce, Uu, Uu, Rd, Uu^Vud, Xu, Xu, Uh, Uu, Uu, Uu, Uu, Uu, Uu, Uh, Xu, Uu, Xu, Xu, Uh, Uu, Xu, Uu, Xu, Xu, Uu, Xu, Xu
Xu, Xu, Xu, Xu, Xu, Uh, Xu, Uu, Xu, Xu, Xu, Uh, Xu, Xu, Xu, Uh, Uh, Uh, Xu, Uu, Xu, Uh, Xu, Xu, Xu, Xu, Xu, Xu, Xu, Uh, Rd, Uu, Xu, Xu, Xu, Xu, Xu, Uu, Xu, Xu, Xu, Uh, Xu, Xu, Xu, Xu, Xu, Xu, Xu, Xu, Xu, Xu, Xu, Xu, Xu
