_off^_usr, _off^_usr, _off^_usr, _off^_usr, _off^_usr, _off^_usr, _off^_usr, _off^_usr, _off^_usr, _off^_usr, _off^_usr, _off^_usr, _off^_usr, _off^_usr, _off^_usr, _off^_usr, _off^_usr, _off^_usr, _off^_usr, _off^_usr, _off^_usr, _off^_usr, _off^_usr, _off^_usr, _off^_usr, _off^_usr, _off^_usr, _off^_usr, _off^_usr, _off^_usr, _off^_usr, _off^_usr, _off^_usr, _off^_usr, _off^_usr, _off^_usr, _off^_usr
_off^_usr, _off^_usr, _off^_usr, _off^_usr, _off^_usr, _off^_usr, _off^_usr, _off^_usr, _off^_usr, _off^_usr, _off^_usr, _off^_usr, _off^_usr, _off^_usr, Gll^Fdf, Gll^Fdf, Gll^Fdf, Gll^Fdf, Gll^Fdf, Gll^Fdf, Gll^Fdf, Gll^Fdf, Gg^Fet, Gll^Fdf, Gll^Fdf, _off^_usr, _off^_usr, _off^_usr, _off^_usr, _off^_usr, _off^_usr, _off^_usr, _off^_usr, _off^_usr, _off^_usr, _off^_usr, _off^_usr
_off^_usr, _off^_usr, _off^_usr, _off^_usr, _off^_usr, _off^_usr, _off^_usr, _off^_usr, _off^_usr, _off^_usr, _off^_usr, _off^_usr, _off^_usr, Gll^Fdf, Gll^Fdf, Gll^Fdf, Gll^Fdf, Gll^Fdf, Gll^Fdf, Gll^Fdf, Gg^Fet, Gll^Fdf, Gll^Fdf, Gll^Fdf, Gll^Fdf, Gll^Fdf, _off^_usr, _off^_usr, _off^_usr, _off^_usr, _off^_usr, _off^_usr, _off^_usr, _off^_usr, _off^_usr, _off^_usr, _off^_usr
_off^_usr, _off^_usr, _off^_usr, _off^_usr, _off^_usr, _off^_usr, _off^_usr, _off^_usr, _off^_usr, _off^_usr, _off^_usr, _off^_usr, _off^_usr, Gll^Fdf, Gll^Fdf, Gll^Fdf, Gll^Fdf, Gll^Fdf, Gll^Fdf, Gll^Fdf, Gll^Fdf, Gll^Fdf, Gll^Fdf, Gll^Fdf, Gll^Fdf, Gll^Fdf, _off^_usr, _off^_usr, _off^_usr, _off^_usr, _off^_usr, _off^_usr, _off^_usr, _off^_usr, _off^_usr, _off^_usr, _off^_usr
_off^_usr, _off^_usr, _off^_usr, _off^_usr, _off^_usr, _off^_usr, _off^_usr, _off^_usr, _off^_usr, _off^_usr, _off^_usr, _off^_usr, _off^_usr, Gll^Fdf, Gll^Fdf, Gll^Fdf, Gll^Fdf, Gll^Fdf, Gll^Fdf, Gg^Fet, Gll^Fdf, Gll^Fdf, Gll^Fdf, Gll^Fdf, Gg^Fet, Gll^Fdf, _off^_usr, _off^_usr, _off^_usr, _off^_usr, _off^_usr, _off^_usr, _off^_usr, _off^_usr, _off^_usr, _off^_usr, _off^_usr
_off^_usr, _off^_usr, _off^_usr, _off^_usr, _off^_usr, _off^_usr, _off^_usr, _off^_usr, _off^_usr, _off^_usr, _off^_usr, _off^_usr, _off^_usr, Gll^Fdf, Gll^Fdf, Gll^Fdf, Gll^Fdf, Gll^Fdf, Gll^Fdf, Gll^Fdf, Gll^Fdf, Gll^Fdf, Gll^Fdf, Gll^Fdf, Gll^Fdf, Gll^Fdf, _off^_usr, _off^_usr, _off^_usr, _off^_usr, _off^_usr, _off^_usr, _off^_usr, _off^_usr, _off^_usr, _off^_usr, _off^_usr
_off^_usr, _off^_usr, _off^_usr, _off^_usr, _off^_usr, _off^_usr, _off^_usr, _off^_usr, _off^_usr, _off^_usr, _off^_usr, _off^_usr, _off^_usr, Gll^Fdf, Gll^Fdf, Gll^Fdf, Gll^Fdf, Gll^Fdf, Gll^Fdf, Gg^Fet, Gll^Fdf, Gll^Fdf, Gll^Fdf, Gll^Fdf, Gll^Fdf, Gll^Fdf, _off^_usr, _off^_usr, _off^_usr, _off^_usr, _off^_usr, _off^_usr, _off^_usr, _off^_usr, _off^_usr, _off^_usr, _off^_usr
_off^_usr, _off^_usr, _off^_usr, _off^_usr, _off^_usr, _off^_usr, _off^_usr, _off^_usr, _off^_usr, _off^_usr, _off^_usr, _off^_usr, _off^_usr, Gll^Fdf, Gll^Fdf, Gll^Fdf, Gll^Fdf, Gll^Fdf, Gll^Fdf, Gll^Fdf, Gg^Fet, Gll^Fdf, Gll^Fdf, Gll^Fdf, Gll^Fdf, Gll^Fdf, _off^_usr, _off^_usr, _off^_usr, _off^_usr, _off^_usr, _off^_usr, _off^_usr, _off^_usr, _off^_usr, _off^_usr, _off^_usr
_off^_usr, _off^_usr, _off^_usr, _off^_usr, _off^_usr, _off^_usr, _off^_usr, _off^_usr, _off^_usr, _off^_usr, _off^_usr, _off^_usr, _off^_usr, _off^_usr, _off^_usr, Gll^Fdf, Gll^Fdf, Gll^Fdf, Gll^Fdf, Gll^Fdf, Gll^Fdf, Gll^Fdf, Gg^Fet, Gll^Fdf, _off^_usr, _off^_usr, _off^_usr, _off^_usr, _off^_usr, _off^_usr, _off^_usr, _off^_usr, _off^_usr, _off^_usr, _off^_usr, _off^_usr, _off^_usr
_off^_usr, _off^_usr, _off^_usr, _off^_usr, _off^_usr, _off^_usr, _off^_usr, _off^_usr, _off^_usr, _off^_usr, _off^_usr, _off^_usr, _off^_usr, _off^_usr, _off^_usr, _off^_usr, _off^_usr, _off^_usr, _off^_usr, _off^_usr, _off^_usr, _off^_usr, _off^_usr, _off^_usr, _off^_usr, _off^_usr, _off^_usr, _off^_usr, _off^_usr, _off^_usr, _off^_usr, _off^_usr, _off^_usr, _off^_usr, _off^_usr, _off^_usr, _off^_usr
_off^_usr, _off^_usr, _off^_usr, _off^_usr, _off^_usr, _off^_usr, _off^_usr, _off^_usr, _off^_usr, _off^_usr, _off^_usr, _off^_usr, _off^_usr, _off^_usr, _off^_usr, _off^_usr, _off^_usr, _off^_usr, _off^_usr, _off^_usr, _off^_usr, _off^_usr, _off^_usr, _off^_usr, _off^_usr, _off^_usr, _off^_usr, _off^_usr, _off^_usr, _off^_usr, _off^_usr, _off^_usr, _off^_usr, _off^_usr, _off^_usr, _off^_usr, _off^_usr
_off^_usr, _off^_usr, _off^_usr, _off^_usr, _off^_usr, _off^_usr, _off^_usr, _off^_usr, _off^_usr, _off^_usr, _off^_usr, _off^_usr, _off^_usr, _off^_usr, _off^_usr, _off^_usr, _off^_usr, _off^_usr, _off^_usr, _off^_usr, _off^_usr, _off^_usr, _off^_usr, _off^_usr, _off^_usr, _off^_usr, _off^_usr, _off^_usr, _off^_usr, _off^_usr, _off^_usr, _off^_usr, _off^_usr, _off^_usr, _off^_usr, _off^_usr, _off^_usr
_off^_usr, _off^_usr, _off^_usr, _off^_usr, _off^_usr, _off^_usr, _off^_usr, _off^_usr, _off^_usr, _off^_usr, _off^_usr, _off^_usr, _off^_usr, _off^_usr, _off^_usr, _off^_usr, _off^_usr, _off^_usr, _off^_usr, _off^_usr, _off^_usr, _off^_usr, _off^_usr, _off^_usr, _off^_usr, _off^_usr, _off^_usr, _off^_usr, _off^_usr, _off^_usr, _off^_usr, _off^_usr, _off^_usr, _off^_usr, _off^_usr, _off^_usr, _off^_usr
Gll^Fp, Gll^Fp, Gll^Fp, Gll^Fp, Gll^Fp, Gll^Fp, Gll^Fp, Gll^Fmf, Gll^Fmf, Gll^Fmf, Gll^Fp, Gll^Fp, Gll^Fp, Gll^Fmf, Gll^Fmf, Gll^Fmf, Gll^Fp, Gll^Fp, Gll^Fp, Gll^Fp, Gll^Fp, Gll^Fmf, Gll^Fp, Gll^Fmf, Gll^Fp, Gll^Fp, Gll^Fp, Gll^Fp, Gll^Fp, Gll^Fmf, Gll^Fp, Gll^Fmf, Gll^Fmf, Gll^Fp, Gll^Fp, Gll^Fmf, Gll^Fp
Gll^Fp, Gll^Fp, Gll^Fp, Gll^Fp, Gll^Fp, Gll^Fmf, Gll^Fp, Gll^Fmf, Gll^Fp, Gll^Fp, Gll^Fmf, Gll^Fp, Gll^Fmf, Gll^Fp, Gll^Fmf, Gll^Fmf, Gll^Fp, Gll^Fp, Gll^Fp, Gll^Fp, Gll^Fmf, Gll^Fp, Gll^Fmf, Gll^Fp, Gll^Fp, Gll^Fp, Gll^Fp, Gll^Fp, Gll^Fp, Gg^Ve, Gll^Fp, Gll^Fmf, Gll^Fmf, Gll^Fp, Gll^Fp, Gll^Fp, Gll^Fdf
Gll^Fp, Gll^Fmf, Gll^Fp, Gll^Fmf, Gll^Fmf, Gll^Fp, Gll^Fp, Gll^Fmf, Gll^Fp, Gll^Fmf, Gll^Fmf, Gll^Fp, Gll^Fp, Gll^Fmf, Gll^Fmf, Gll^Fmf, Gll^Fp, Gll^Fp, Gll^Fp, Gll^Fmf, Gg^Ve, Gll^Fmf, Gll^Fp, Gll^Fp, Gll^Fmf, Gll^Fp, Wwt, Gll^Fp, Wwt, Gll^Fp, Wwt, Wwt, Gll^Fmf, Gll^Fmf, Gll^Fp, Gll^Fp, Gll^Fdf
Gll^Fp, Gll^Fmf, Gll^Fp, Gll^Fmf, Gll^Fp, Gll^Fp, Gll^Fp, Gll^Fp, Gll^Fmf, Gll^Fp, Gll^Fp, Gll^Fp, Gll^Fp, Gll^Fmf, Gll^Fmf, Gll^Fmf, Gll^Fp, Gll^Fmf, Gll^Fmf, Gll^Fp, Gll^Fmf, Gll^Fmf, Gll^Fp, Gll^Fp, Gll^Fp, Wwt, Wwt, Wwt, Gg^Fet, Wwt, Gg^Fet, Wwt, Wwt, Wwt, Gll^Fp, Gll^Fp, Gll^Fp
Gll^Fdf, Gll^Fp, Gll^Fmf, Gll^Fmf, Gll^Fmf, Gll^Fp, Gg^Ve, Gll^Fmf, Gll^Fmf, Gll^Fp, Gll^Fmf, Gll^Fmf, Gll^Fp, Gll^Fmf, Gll^Fmf, Gll^Fp, Gll^Fmf, Gll^Fmf, Gll^Fmf, Gll^Fp, Gll^Fmf, Gll^Fmf, Gll^Fmf, Gll^Fp, Wwt, Wwt, Cv, Cv, Cv, Cv, 2 Kv, Cv, Gg^Fet, Wwt, Wwt, Gll^Fmf, Gll^Fp
Gll^Fdf, Gll^Fp, Gll^Fp, Gll^Fp, Gll^Fmf, Gll^Fp, Gll^Fmf, Gll^Fmf, Gll^Fmf, Gll^Fmf, Gll^Fmf, Gll^Fmf, Gll^Fmf, Gll^Fmf, Gll^Fmf, Gll^Fp, Gll^Fmf, Gll^Fmf, Gll^Fp, Gll^Fmf, Gg^Ve, Gll^Fmf, Gll^Fmf, Gll^Fdf, Wwt, Wwt, Wwt, Wwt, Wwt^Bw/, Cv, Cv, Cv, Gg^Fet, Wwt, Wwt, Gll^Fp, Gll^Fp
Gll^Fdf, Gll^Fp, Gll^Fmf, Gll^Fdf, Gll^Fmf, Gll^Fmf, Gll^Fdf, Gll^Fmf, Gll^Fdf, Gll^Fmf, Gll^Fdf, Gll^Fmf, Gll^Fdf, Gll^Fmf, Gll^Fdf, Gll^Fdf, Gll^Fmf, Gll^Fmf, Gll^Fmf, Gll^Fmf, Gll^Fmf, Gll^Fdf, Gll^Fmf, Gll^Fdf, Gll^Fmf, Wwt, Gll^Fdf, Wwt^Bw/, Wwt, Wwt, Cv, Cv, Wwt, Wwt, Wwt, Gll^Fmf, Gll^Fmf
Gll^Fmf, Gll^Fdf, Gll^Fmf, Gll^Fmf, Gll^Fdf, Gll^Fdf, Gll^Fdf, Gll^Fmf, Gll^Fmf, Gll^Fmf, Gll^Fdf, Gll^Fdf, Gll^Fdf, Hh, Hh, Gll^Fmf, Gll^Fdf, Gll^Fmf, Gll^Fdf, Gll^Fdf, Gll^Fdf, Gll^Fmf, Gll^Fmf, Gll^Fmf, Gll^Fmf, Gll^Fmf, Gll^Fdf, Wwt, Wwt, Wwt, Wwt, Wwt, Wwt, Wwt, Gll^Fdf, Gll^Fmf, Gll^Fmf
Gll^Fmf, Gll^Fmf, Gll^Fmf, Gll^Fmf, Gll^Fdf, Gll^Fdf, Gll^Fdf, Gll^Fdf, Hh^Fmf, Hh^Fmf, Hh^Fmf, Hh^Fmf, Mm, Hh, Gll^Fdf, Gll^Fdf, Gll^Fdf, Gll^Fmf, Gll^Fdf, Gll^Fmf, Gll^Fdf, Gll^Fmf, Gll^Fdf, Gll^Fdf, Gll^Fdf, Gll^Fmf, Gll^Fdf, Gll^Fmf, Gll^Fmf, Wwt, Wwt, Wwt, Wwt, Gll^Fdf, Gg^Ve, Gll^Fmf, Gll^Fmf
Gll^Fmf, Gll^Fdf, Gll^Fmf, Gll^Fdf, Gll^Fmf, Gll^Fmf, Gll^Fmf, Gll^Fdf, Gll^Fdf, Hh^Fmf, Hh, Hh, Hh^Vhh, Hh, Hh, Hh^Fmf, Hh^Fmf, Gll^Fmf, Gll^Fdf, Gll^Fdf, Gll^Fdf, Gll^Fdf, Gll^Fdf, Gll^Fdf, Gll^Fmf, Gll^Fdf, Gll^Fdf, Gll^Fdf, Gll^Fdf, Gll^Fdf, Gll^Fdf, Gll^Fdf, Gll^Fmf, Gll^Fmf, Gll^Fdf, Gll^Fmf, Gll^Fdf
Gll^Fmf, Gll^Fdf, Gll^Fdf, Gll^Fdf, Gll^Fdf, Gll^Fmf, Gll^Fmf, Gll^Fdf, Gll^Fdf, Hh^Fmf, Hh^Fmf, Hh, Hh, Hh, Hh^Fmf, Hh, Hh^Fmf, Gll^Fdf, Gll^Fdf, Gll^Fmf, Gll^Fdf, Gll^Fdf, Gll^Fdf, Gll^Fdf, Gll^Fmf, Gll^Fmf, Gll^Fdf, Gll^Fdf, Gll^Fdf, Gll^Fdf, Gg^Ve, Gll^Fdf, Gll^Fdf, Gll^Fdf, Gll^Fdf, Gll^Fmf, Gll^Fdf
Gll^Fdf, Gll^Fdf, Gll^Fmf, Gll^Fmf, Gll^Fdf, Gll^Fdf, Gll^Fdf, Gll^Fdf, Gll^Fdf, Gll^Fdf, Gll^Fdf, Hh^Fmf, Hh^Fmf, Hh^Fmf, Gll^Fdf, Hh^Fmf, Gll^Fdf, Gll^Fdf, Gll^Fdf, Gll^Fdf, Gll^Fdf, Gg^Ve, Gll^Fdf, Gll^Fdf, Gll^Fdf, Gll^Fmf, Gll^Fdf, Gll^Fmf, Gll^Fdf, Gll^Fdf, Gll^Fdf, Gll^Fdf, Gll^Fmf, Gll^Fdf, Ss, Gll^Fdf, Gll^Fdf
Gll^Fdf, Gll^Fdf, Gll^Fmf, Gll^Fmf, Gll^Fdf, Gll^Fdf, Gll^Fmf, Gll^Fdf, Gll^Fdf, Gll^Fdf, Gll^Fdf, Gll^Fdf, Gll^Fdf, Gll^Fdf, Gll^Fdf, Gll^Fdf, Gll^Fdf, Gll^Fdf, Gll^Fmf, Gll^Fdf, Gll^Fdf, Gll^Fdf, Gll^Fdf, Gll^Fmf, Gll^Fmf, Gll^Fdf, Gll^Fdf, Gll^Fdf, Gll^Fdf, Gll^Fdf, Gll^Fdf, Gll^Fdf, Gll^Fdf, Gll^Fdf, Ss, Gll^Fdf, Gll^Fdf
Gll^Fdf, Gll^Fdf, Gll^Fdf, Gll^Fdf, Gll^Fdf, Gll^Fdf, Gll^Fmf, Gll^Fdf, Gll^Fdf, Gll^Fmf, Gll^Fdf, Gll^Fdf, Gll^Fmf, Gll^Fdf, Gll^Fdf, Gll^Fdf, Gll^Fdf, Gll^Fdf, Gll^Fdf, Gll^Fdf, Gll^Fdf, Gll^Fdf, Gll^Fdf, Gll^Fdf, Gll^Fdf, Gll^Fdf, Gll^Fdf, Gll^Fdf, Gll^Fdf, Gll^Fmf, Gll^Fdf, Ss, Gll^Fdf, Ss, Gll^Fdf, Gll^Fdf, Gll^Fdf
Gll^Fdf, Gll^Fdf, Gll^Fdf, Gll^Fdf, Gll^Fdf, Gll^Fdf, Gll^Fdf, Gll^Fdf, Gg^Ve, Gll^Fdf, Gll^Fdf, Gll^Fdf, Gll^Fdf, Gll^Fdf, Gll^Fdf, Gll^Fdf, Gll, Gll^Fdf, Gll, Gll, Gll^Fdf, Gll^Fdf, Gll^Fmf, Gll^Fdf, Gll^Fdf, Gll^Fdf, Ss, Gll^Fdf, Gll^Fdf, Gll^Fdf, Gll^Fdf, Gll^Fdf, Gll^Fdf, Gll^Fdf, Ss, Gll^Fdf, Gll^Fdf
Gll^Fdf, Gll^Fdf, Gg^Ve, Gll^Fdf, Gll^Fdf, Gll^Fmf, Gll^Fdf, Gll^Fdf, Gll^Fdf, Gll^Fdf, Gll^Fdf, Gll^Fdf, Gll^Fdf, Gll^Fdf, Gll, Gll, Gll^Fdf, Gll, Gll^Fdf, Gll^Fdf, Gll^Fdf, Gll^Fdf, Gll^Fdf, Gll^Fdf, Gll^Fdf, Gll^Fdf, Gll^Fdf, Gll^Fdf, Gll^Fdf, Ss, Gll^Fdf, Ss, Ss^Vhs, Gll^Fdf, Gll^Fdf, Gll^Fdf, Ss
Gll^Fdf, Gll^Fdf, Gll^Fdf, Gll^Fdf, Gll^Fdf, Gll^Fdf, Gll^Fdf, Gll^Fdf, Gll^Fdf, Gll^Fdf, Gll^Fmf, Gll^Fdf, Gll^Fdf, Gll^Fdf, Gll, Gll^Fdf, Gll^Fdf, Gll^Fdf, Gll^Fdf, Gll^Fdf, Gll^Fdf, Gll^Fdf, Gll^Fdf, Gll^Fdf, Gll^Fdf, Gll^Fdf, Gll^Fdf, Ss, Gll^Fdf, Ss, Gll^Fdf, Gll^Fdf, Ss, Ss, Ss, Ss, Gll^Fdf
Gll^Fdf, Gll^Fdf, Gll^Fdf, Gll^Fdf, Gll^Fdf, Gll^Fdf, Gll^Fdf, Gll^Fdf, Gll^Fdf, Gll^Fdf, Gll^Fdf, Gll^Fdf, Gll^Fdf, Gll, Gll, Gll^Fdf, Gll^Fdf, Gll^Fdf, Gll^Fmf, Gll^Fdf, Gll^Fdf, Gll^Fdf, Gll^Fdf, Gll^Fdf, Gll^Fdf, Gll^Fdf, Gll^Fdf, Gll^Fdf, Ss, Gll^Fdf, Gll^Fdf, Ss, Gll^Fdf, Gll^Fdf, Gll^Fdf, Ss, Ss
Gll^Fdf, Gll^Fdf, Gll^Fdf, Gll^Fdf, Ce, Ce, Ce, Gll^Fdf, Gll, Gll^Fdf, Gll, Gll, Gll, Gll, Gll^Fdf, Gll^Fdf, Gll^Fdf, Gll^Fdf, Gll^Fdf, Gll^Fdf, Gll^Fdf, Gll^Fdf, Gll^Fdf, Gll^Fdf, Ss, Gll^Fdf, Gll^Fdf, Ss, Gll^Fdf, Gll^Fdf, Ss, Gll^Fdf, Ss, Gll^Fdf, Gll^Fdf, Gll^Fdf, Ss
Gll^Fdf, Gll^Fdf, Gll^Fdf, Gll^Fdf, Ce, 1 Ke, Ce, Gll, Gll, Gll, Gll, Gll, Gll^Fdf, Gll^Fdf, Gll^Fdf, Gll^Fdf, Gll^Fdf, Gll^Fdf, Gll^Fdf, Gll^Fdf, Gll^Fdf, Gll^Fdf, Gll^Fdf, Gll^Fdf, Gll^Fdf, Gll^Fdf, Gll^Fdf, Gll^Fdf, Ss, Ss, Gll^Fdf, Gll^Fdf, Ss, Gll^Fdf, Ss, Gll^Fdf, Ss
Gll^Fdf, Gll^Fdf, Gll^Fdf, Gll^Fdf, Gll, Ce, Gll, Gll, Gll, Gll, Gll^Fdf, Gll^Fdf, Gll^Fdf, Gll^Fdf, Gll^Fdf, Gll^Fdf, Gll^Fdf, Gll^Fdf, Gg^Ve, Gll^Fdf, Gll^Fdf, Gll^Fdf, Gll^Fdf, Gll^Fdf, Ss, Ss, Gll^Fdf, Gll^Fdf, Ss, Ss, Gll^Fdf, Ss, Gll^Fdf, Ss, Gll^Fdf, Gll^Fdf, Gll^Fdf
Gll^Fdf, Gll^Fdf, Gll^Fdf, Gll^Fdf, Gll, Gll, Gll, Gll, Gll^Fdf, Gll^Fdf, Gll^Fdf, Gll^Fdf, Gll^Fdf, Gll^Fdf, Gll^Fdf, Gll^Fdf, Gll^Fdf, Gll^Fdf, Gll^Fdf, Gll^Fdf, Gll^Fdf, Ss, Gll^Fdf, Gll^Fdf, Gll^Fdf, Gll^Fdf, Gll^Fdf, Ss^Vhs, Gll^Fdf, Ss, Ss, Ss, Gll^Fdf, Gll^Fdf, Gll^Fdf, Gll^Fdf, Ss
Gll^Fdf, Gll^Fdf, Gll, Gll, Gll, Gll, Gll^Fdf, Gll^Fdf, Gll^Fdf, Gll^Fdf, Gll^Fdf, Gg^Ve, Gll^Fdf, Gll^Fdf, Gll^Fdf, Gll^Fdf, Gll^Fdf, Gll^Fdf, Gll^Fdf, Gll^Fdf, Gll^Fdf, Gll^Fdf, Gll^Fdf, Gll^Fdf, Gll^Fdf, Gll^Fdf, Gll^Fdf, Gll^Fdf, Gll^Fdf, Gll^Fdf, Ss, Gll^Fdf, Ss, Gll^Fdf, Gll^Fdf, Ss, Gs^Fds
Gll^Fdf, Gll^Fdf, Gll, Gll, Gll, Gll, Gll^Fdf, Gll^Fdf, Gll^Fdf, Gll^Fdf, Gll^Fdf, Gll^Fdf, Hh^Fms, Gll^Fdf, Gll^Fdf, Gll^Fdf, Gll^Fdf, Gll^Fdf, Gll^Fdf, Gll^Fdf, Ss, Gll^Fdf, Gll^Fdf, Ss, Ss, Gll^Fdf, Gll^Fdf, Gll^Fdf, Ss, Gll^Fdf, Ss, Ss, Gs^Fds, Ss, Ss, Ss, Ss
