border_size=1
usage=map

Aa^Fpa, Aa^Fpa, Aa^Fpa, Aa^Fpa, Aa^Fpa, Aa^Fpa, Aa^Fpa, Aa^Fpa, Aa^Fpa, Aa^Fpa, Aa^Fpa, Aa^Fpa, Aa^Fpa, Aa^Fpa, Aa^Fpa, Aa^Fpa, Aa^Fpa, Aa^Fpa, Aa^Fpa, Aa^Fpa, Aa^Fpa, Aa^Fpa, Aa^Fpa, Aa^Fpa, Aa^Fpa, Aa^Fpa, Aa^Fpa, Aa^Fpa, Aa, Aa, Aa, Aa, Aa, Ai, Ai, Ai, Wo, Wo, Ai, Ai, Ai, Aa^Fpa, Aa^Fpa, Aa^Fpa, Aa^Fpa, Aa, Aa^Fpa, Aa, Aa^Fpa, Aa^Fpa, Aa^Fpa, Aa, Aa^Fpa, Aa^Fpa, Aa, Aa, Aa, Aa, Aa, Aa, Aa, Aa, Aa, Aa, Aa, Aa
Aa^Fpa, Aa^Fpa, Aa^Fpa, Aa^Fpa, Aa^Fpa, Aa^Fpa, Aa^Fpa, Aa^Fpa, Aa^Fpa, Aa^Fpa, Aa^Fpa, Aa^Fpa, Aa^Fpa, Aa^Fpa, Aa^Fpa, Aa^Fpa, Aa^Fpa, Aa^Fpa, Aa^Fpa, Aa^Fpa, Aa^Fpa, Aa^Fpa, Aa^Fpa, Aa^Fpa, Aa^Fpa, Aa^Fpa, Aa^Fpa, Aa^Fpa, Ha, Aa, Aa, Aa, Aa, Ai, Ai, Ai, Ai, Wo, Wo, Ai, Ai, Aa^Fpa, Ai, Aa^Fpa, Re, Aa^Fpa, Aa^Fpa, Aa^Fpa, Re, Aa^Fpa, Aa^Fma, Aa^Fpa, Aa^Fpa, Aa, Aa, Aa, Aa, Aa, Aa, Aa, Aa, Aa, Aa, Aa, Aa, Aa
Aa^Fpa, Aa^Fpa, Aa^Fpa, Aa^Fpa, Aa^Fpa, Aa^Fpa, Aa^Fpa, Aa^Vea, Re, Aa^Fpa, Aa^Fpa, Cha, 2 Kha, Cha, Cha, Aa^Fpa, Aa^Fpa, Aa^Fpa, Aa^Fpa, Aa^Fpa, Aa^Fpa, Aa^Fpa, Aa^Fpa, Aa^Fpa, Aa^Fpa, Aa^Fpa, Aa, Ha, Ha, Ha, Ha, Aa^Fpa, Aa, Aa, Aa, Ai, Ai, Wo, Wo, Ai, Wo, Ai, Ai, Ai, Ai, Aa^Fpa, Aa, Aa^Fpa, Aa^Fma, Re, Aa^Fpa, Aa^Fma, Aa^Fpa, Re, Aa, Aa^Voa, Aa, Aa, Aa, Aa, Aa, Aa, Re, Aa, Re, Re
Aa^Fpa, Aa^Fpa, Aa^Fpa, Aa^Fpa, Aa^Fpa, Aa^Fpa, Aa^Fpa, Aa^Fpa, Aa^Fpa, Re, Aa^Fpa, Cha, Cha, Cha, Re, Aa^Fpa, Aa^Fpa, Aa^Vea, Aa^Fpa, Aa^Fpa, Aa^Fpa, Aa^Fpa, Aa^Fpa, Aa^Fpa, Aa^Fpa, Aa, Aa, Aa, Aa^Fpa, Ha, Ha, Aa^Fpa, Aa, Aa, Aa, Ai, Ai, Ai, Ai, Wo, Wo, Wo, Ai, Ai, Ai, Ai, Aa, Aa^Fpa, Aa, Aa^Fpa, Aa^Fpa, Aa^Fpa, Aa^Fpa, Aa^Fpa, Aa, Aa, Aa, Aa, Coa, 3 Koa, Co, Co, Re, Re, Re, Aa
Ms, Ha^Fpa, Ha, Ha^Fpa, Ha^Fpa, Aa^Fpa, Ha^Fpa, Aa^Fpa, Aa^Fpa, Aa^Fpa, Aa^Fpa, Re, Aa^Fpa, Cha, Aa^Fpa, Re, Re, Aa^Fpa, Aa^Fpa, Aa^Fpa, Aa^Fpa, Aa^Fpa, Aa^Fpa, Aa^Fpa, Aa, Aa, Aa, Aa^Fpa, Aa^Fma, Aa^Fpa, Aa^Fpa, Aa, Aa, Aa, Aa, Ai, Ai, Ai, Ai, Ai, Ai, Wo, Ai, Ai, Ai, Ai, Ai, Aa, Aa, Aa, Aa^Fpa, Aa^Fpa, Aa, Aa^Fpa, Aa, Aa, Aa, Aa, Aa, Coa, Re, Co, Re, Re, Aa, Aa
Ms, Ms, Ms, Ha, Ha, Aa^Fpa, Aa^Fpa, Aa^Fpa, Aa^Fpa, Aa^Vea, Re, Aa^Fpa, Aa^Fpa, Aa^Fpa, Aa^Fpa, Re, Re, Aa^Fpa, Aa^Fpa, Aa^Fpa, Re, Aa^Fpa, Aa^Fpa, Aa, Aa, Aa, Aa, Aa^Fpa, Aa^Fpa, Aa^Fpa, Aa, Aa, Aa, Aa^Fpa, Aa^Fpa, Aa, Aa, Ai, Ai, Ai, Ai, Ai, Ai, Wo, Wo, Ai, Ai, Ai, Ai, Aa, Aa, Aa, Aa, Aa, Aa, Aa, Re, Re, Re, Re, Re, Re, Aa, Aa, Aa, Aa
Ms^Xm, Ms, Ms, Ms, Ha, Ha^Fpa, Aa^Fpa, Aa^Fpa, Aa^Fpa, Aa^Fpa, Re, Aa^Fpa, Aa^Fpa, Aa^Fpa, Aa^Fpa, Aa^Fpa, Aa^Fpa, Re, Re, Re, Re, Re, Re, Aa, Re, Aa, Aa, Aa^Fpa, Aa, Aa, Re, Aa, Aa, Aa^Fpa, Aa, Aa, Aa, Aa, Aa, Ai, Ai, Ai, Ai, Ai, Wo, Wo, Ai, Ai, Ai, Aa, Aa, Aa, Aa, Aa, Aa, Aa, Re, Re, Re, Aa, Aa, Aa, Aa, Aa^Voa, Aa, Aa
Ms^Xm, Ms^Xm, Ms^Xm, Ms, Ms, Ha^Fpa, Ha^Fpa, Aa^Fpa, Re, Re, Aa^Fpa, Aa^Fpa, Aa^Fpa, Aa^Fpa, Re, Aa^Fpa, Aa^Fpa, Aa^Fpa, Aa^Fpa, Re, Aa^Fpa, Re, Re, Re, Re, Re, Re, Re, Re, Re, Re, Aa, Re, Aa, Re, Re, Aa, Aa, Aa, Aa, Aa, Ai, Ai, Ai, Ai, Wo, Ai, Ai, Ai, Ai, Ai, Aa, Aa, Aa, Aa, Aa, Re, Re, Aa, Aa, Aa, Aa, Aa, Aa, Aa, Aa
Ms^Xm, Ms^Xm, Ms, Ms, Ms, Ha^Fpa, Ha^Fpa, Aa^Fpa, Re, Re, Aa^Fpa, Aa^Fpa, Aa^Fpa, Aa^Fpa, Aa^Fma, Aa^Fpa, Aa^Fpa, Aa^Fpa, Aa^Fpa, Aa^Fpa, Aa^Fpa, Aa^Fpa, Aa^Fpa, Re, Aa, Re, Re, Re, Re, Re, Re, Re, Re, Re, Re, Aa, Aa, Aa, Re, Re^Voa, Aa, Aa, Aa, Ai, Ai, Wo, Wo, Wo, Wo, Ai, Ai, Ai, Ai, Aa, Aa, Re, Re, Aa, Aa, Aa, Aa, Aa, Aa^Fpa, Aa, Aa^Fpa, Aa
Ms, Ms^Xm, Ms, Ms, Ha, Ha, Aa^Fma, Aa^Fma, Re, Re, Aa^Fpa, Aa^Fpa, Re, Aa^Fpa, Aa^Fpa, Aa^Fpa, Aa^Fpa, Aa^Fpa, Aa^Fpa, Aa^Fpa, Aa^Fpa, Aa^Fpa, Aa, Aa, Aa, Aa, Re, Aa, Aa, Aa, Aa, Aa, Re, Re, Re, Aa, Aa, Aa, Re, Aa, Aa, Aa, Aa, Ai, Ai, Ai, Ai, Wo, Wo, Wo, Ai, Ai, Ai, Aa, Aa, Re, Aa, Aa, Aa, Aa, Aa, Aa^Fpa, Aa^Fpa, Aa^Fpa, Aa^Fpa, Aa
Ms, Ms, Ha^Fma, Ms, Aa^Fma, Aa^Fpa, Aa^Fpa, Re, Aa^Fma, Aa^Fpa, Aa^Fma, Aa^Fpa, Aa^Fpa, Re, Aa^Fma, Aa^Fma, Aa^Fpa, Aa^Fpa, Aa^Fpa, Aa^Fpa, Aa^Fpa, Aa, Aa, Aa, Aa, Re, Aa, Aa, Aa, Aa, Aa, Aa, Re, Re, Re, Re, Re, Aa, Re, Aa, Aa, Aa, Aa, Ai, Ai, Ai, Ai, Wo, Wo, Wo, Wo, Ai, Ai, Ai, Ai^Bw|, Aa, Ai, Aa, Aa, Aa, Aa, Aa, Aa, Aa^Fpa, Aa^Fpa, Aa
Ms, Ha^Fpa, Aa^Fpa, Aa^Fpa, Aa^Fma, Ha^Fpa, Aa^Fma, Re, Re, Aa^Fpa, Aa^Fpa, Aa^Fpa, Aa^Fpa, Aa^Fma, Aa^Fma, Aa^Fma, Aa^Fpa, Aa^Fpa, Aa^Fpa, Aa^Fpa, Aa, Aa, Aa, Aa, Re, Aa, Aa, Aa, Aa^Fma, Aa, Aa, Aa, Aa, Aa, Aa, Re, Re, Re, Re, Re, Re, Aa, Aa, Ai, Ai, Ai, Ai, Ai, Ai, Ai, Wo, Wo, Wo, Ai, Ai^Bw/r, Ai, Ai, Ai, Ai, Aa, Aa, Re, Re, Aa, Aa, Aa
Ms, Ms, Aa^Fpa, Aa^Fpa, Aa^Fma, Aa^Fma, Aa^Fma, Aa^Fma, Aa^Vea, Aa^Fpa, Aa^Fpa, Aa^Fma, Aa^Fpa, Aa^Fma, Aa^Fpa, Aa^Fpa, Aa, Aa^Fpa, Aa, Aa, Aa, Aa, Aa, Aa, Aa, Aa^Fma, Aa^Fma, Aa^Fma, Aa^Fma, Aa, Aa^Fma, Aa, Aa, Aa, Aa, Aa, Re, Aa, Re, Re, Aa, Aa, Aa, Aa, Aa, Ai, Ai, Ai, Ai, Ai, Ai, Ai, Ai, Ai, Ai, Ai, Ai, Ai, Ai, Ai, Ai, Aa, Re, Aa, Aa, Aa
Ms, Ms, Ha, Aa^Fpa, Aa^Fpa, Aa^Fpa, Aa^Fpa, Aa^Fpa, Aa^Fpa, Aa^Fma, Aa^Fpa, Aa^Fma, Aa^Fpa, Aa^Fma, Aa^Fpa, Aa, Aa, Aa, Aa, Aa, Aa^Fpa, Aa^Fma, Aa^Fma, Re, Aa, Aa^Fma, Aa^Fpa, Aa^Fpa, Aa^Fpa, Aa^Fma, Re, Aa^Fma, Aa, Aa, Ha, Aa, Aa, Aa, Aa, Re, Re, Re, Re, Aa, Re, Aa, Aa, Ai, Ai^Bw/, Ai^Bw/r, Ai, Ai, Ai, Wo, Wo, Wo, Wo, Wo, Wo, Ai, Ai, Aa, Aa, Aa, Aa, Aa
Ms, Ms, Ms, Ms, Ms, Ms, Hhd, Hhd, Ms, Aa^Fpa, Aa^Fpa, Aa, Aa, Aa^Fpa, Aa, Aa, Aa, Aa, Aa^Fpa, Aa^Fpa, Aa^Fma, Aa^Fma, Aa^Fma, Re, Re, Aa, Aa^Fma, Aa^Fpa, Aa^Fma, Re^Fpa, Aa^Fma, Aa, Aa, Ha, Ha, Aa, Ha, Aa, Cha, Aa, Aa, Re, Re, Re, Aa, Re, Re, Re, Aa, Ai, Aa, Ai, Ai, Ai, Ai, Wo, Wo, Wo, Wo, Ai, Ai, Ai, Ai, Aa, Aa, Aa
Ms, Ms, Ha, Ms, Ms^Xm, Ms^Vhha, Ms, Ha, Ha, Ha, Ha, Aa, Ha, Aa, Aa, Aa, Aa^Fma, Aa^Fpa, Aa^Fma, Aa^Fma, Aa, Aa^Fma, Aa, Aa, Aa, Aa, Aa, Aa, Aa, Aa^Fma, Aa, Aa, Aa, Aa, Ha, Hhd, Hhd, Aa, Cha, Aa, Re, Re, Re, Re, Aa, Aa, Aa, Re, Aa, Aa, Aa, Aa, Ai, Ai, Ai, Wo, Ai, Wo, Ai, Ai, Wo, Ai, Ai, Ai, Ai, Ai
Ms, Ms, Ms, Ms, Ms, Ms, Hhd, Ms, Md, Ms, Ms, Ha, Ha, Ha, Aa, Aa, Aa, Aa^Fma, Aa, Aa, Aa^Vea, Aa, Re, Re, Aa, Aa, Ha, Aa, Aa, Aa, Aa, Aa, Aa^Vaa, Aa, Aa, Ha, Cha, Kha, Chr, Re, Re, Re, Aa, Aa, Aa, Aa, Aa, Aa, Aa, Aa, Aa, Aa, Aa, Ai, Ai, Ai, Ai, Ai, Ai, Ai, Ai, Wo, Wo, Ai, Ai, Ai
Ms, Ms, Ms, Ms, Hhd, Md, Ms, Ms, Ms, Md, Ms, Ms, Ms, Ms, Ms, Ha, Ms, Aa, Aa, Aa, Aa, Re, Aa^Fpa, Aa, Aa^Fpa, Ha, Ha, Ha, Ha, Aa, Aa^Fpa, Aa, Aa, Re, Re, Aa, Aa, Chr, Re, Re, Aa, Aa, Hhd, Aa, Hhd, Aa, Ha, Aa, Aa, Aa, Rd, Aa, Aa, Ai, Ai, Ai, Ai, Ai, Ai, Ai, Ai, Wo, Wo, Wo, Wo, Wo
Ms, Ms, Ms, Ha, Hhd, Md, Ms, Ms, Ms, Ms, Ms, Ms^Xm, Ms, Ms, Ms, Ms, Ms, Aa, Aa, Aa, Aa, Aa, Aa^Fpa, Aa^Fpa, Aa^Fpa, Ha^Fpa, Ha^Fpa, Ha^Fpa, Ha, Ha, Aa, Aa, Aa, Aa, Aa, Re, Aa, Re, Re, Re, Aa, Ha, Ha, Ha, Hhd, Hhd, Ms, Ha, Aa, Aa, Aa, Re, Re, Aa, Aa, Aa, Aa, Ai, Ai, Ai, Ai, Ai, Ai, Wo, Wo, Wo
Ms, Ms, Ms, Ha, Hhd, Hhd, Hhd, Ms, Ms, Ms, Ms, Ms, Ms, Ms, Ms, Ms, Ms, Ms, Aa, Aa, Aa, Aa, Aa, Aa^Fpa, Aa^Fpa, Ha^Fpa, Aa^Fpa, Ha^Fpa, Re, Aa, Aa, Aa, Aa, Aa, Ha, Aa, Aa, Aa, Re, Re, Re, Ha, Aa, Aa, Aa, Re, Aa, Hhd, Hhd, Ha, Aa, Aa, Re, Re, Re, Aa, Aa, Aa, Ai, Ai, Ai, Ai, Ai, Ai, Ai, Wo
Ms, Ms, Ms, Ms, Hhd, Ms, Ms, Ms, Ms, Ms, Ms^Xm, Ms^Xm, Ms^Xm, Ms, Ms^Xm, Ms, Ms, Ms, Ha, Aa, Aa, Aa, Aa, Aa, Aa, Aa^Fpa, Aa, Ha^Fpa, Ha^Fpa, Ha, Aa, Aa, Ha, Ha, Hhd, Ha, Hhd, Aa, Re, Re, Aa, Aa, Re, Re, Aa, Aa, Aa, Aa^Vaa, Aa, Ha, Aa, Aa, Re, Aa, Aa, Aa, Aa, Aa, Aa, Ai, Ai, Ai, Ai, Ai, Ai, Ai
Ms, Ms, Ms, Ms, Md, Ms, Ms, Ms, Hhd, Ms^Xm, Ms^Xm, Ms^Xm, Ha, Ms^Xm, Ms, Ms^Xm, Ms^Xm, Ms, Ms, Ha, Ha, Aa, Aa, Aa, Re, Aa, Aa, Ha, Aa, Aa, Aa, Aa, Ha, Ms, Ha, Hhd, Aa, Aa, Aa, Re, Re, Aa, Aa, Aa, Re, Re, Aa, Aa, Re, Aa, Re, Re, Aa, Re, Aa, Aa, Aa, Re, Re, Re, Re, Aa, Aa, Aa, Aa, Ai
Ms, Ms, Ms, Md, Ms, Ms, Ms, Md, Ms, Ms, Aa, Ha, Aa, Cha, Kha, Ms, Ms^Xm, Ms^Xm, Ms, Ms, Hhd, Ha, Ha, Aa, Aa, Re, Aa, Aa, Aa, Aa, Aa, Aa, Aa, Ha, Ha, Aa, Aa, Aa, Aa, Re, Aa, Re, Aa, Aa, Aa, Re, Aa, Aa, Re, Aa, Aa, Re, Aa, Aa, Aa, Aa^Fpa, Aa^Fpa, Aa^Fpa, Aa^Fpa, Aa, Aa^Fpa, Re, Re, Re, Aa^Vaa, Aa
Ms, Ms, Ms, Ms, Ms, Ms, Ms, Ms, Ms, Ms, Ai, Aa, Ha, Aa, Ha, Ms, Ms^Xm, Ms^Xm, Ms, Ms, Ms, Ha, Ha, Hhd, Hhd, Aa, Aa, Aa, Ha, Aa, Ha, Aa, Aa, Aa, Aa, Aa, Ms, Aa, Aa, Aa, Aa, Aa, Aa, Aa, Aa, Aa, Aa, Aa, Aa, Aa, Aa, Aa, Re, Re, Aa, Aa, Aa, Aa^Fpa, Ha^Fpa, Aa^Fpa, Ha^Fpa, Aa^Fpa, Aa^Fpa, Aa, Aa, Aa
Ms, Ms, Ha, Ms, Ms, Ms, Ms, Ms^Xm, Ms^Xm, Ms, Ms^Xm, Ha, Ms^Xm, Ms^Xm, Ms^Xm, Ms^Xm, Ms^Xm, Ms^Xm, Ms, Ms, Ms, Ha, Ha, Ha, Ha, Hhd, Ha, Ha, Ha, Ha, Ms, Ha, Ms, Aa, Ms, Ms, Ms^Xm, Ms, Ms, Aa, Ms, Md, Ms, Ms, Ms, Ms, Ms, Ms, Ms, Aa, Aa, Re, Aa, Aa, Aa, Aa, Ha, Ha, Ha, Ha, Ha, Ha^Fpa, Ha, Ha, Ha, Aa
Ms, Ha, Ha, Ha, Ms^Xm, Ms, Ms^Xm, Ms^Xm, Ms, Ms^Xm, Ms, Ms^Xm, Ms, Ms^Xm, Ms, Ms, Ms, Ms, Md, Ms, Ms, Ms, Ms, Ms, Ms, Ms, Ms, Ha, Ms, Ha, Hhd, Ms, Ms, Ms, Ms^Xm, Ms^Xm, Ms, Ms^Xm, Ms, Ms, Ms, Ms, Ms, Ms, Ms, Md, Ms, Ms, Ms, Ms, Ha, Aa, Ms, Aa, Aa, Aa, Ms, Ha, Hhd, Ha, Ha, Ha, Hhd, Ha, Ha, Ha
Ms^Xm, Ms^Xm, Ms^Xm, Ms^Xm, Ms^Xm, Ms^Xm, Ms^Xm, Ms^Xm, Ms, Ms^Xm, Ms, Ms, Ms, Ms, Ms, Ms, Ms, Ms, Ms, Md, Ms, Ms, Ms, Ms, Ms, Ms, Ms, Ms, Ms, Ms, Ms, Hhd, Ms^Xm, Ms^Xm, Ms^Xm, Ms^Xm, Ms, Ms, Ms, Ms, Ha, Re, Ha, Ms, Aa, Ms, Md, Ms, Ms, Ms, Re, Ms, Ms, Ms, Ms, Ms, Ms^Xm, Ms^Xm, Ms^Xm, Ms, Ms, Ha, Ha, Hhd, Ha, Ms
Ms, Ms^Xm, Ms, Ms, Ms, Ms, Ms, Ms, Md, Hhd, Ms, Ms, Ha, Ms, Ha, Ms, Ms, Ms, Ms, Md, Ha, Ha, Ms, Ms, Ms, Ms, Ms, Ms, Ms, Ms, Md, Ms, Ha, Ms, Md, Ms, Ha, Ha, Ha, Ha, Aa, Ha, Aa, Ha, Aa, Aa, Aa, Aa, Re, Hhd, Ha, Ms, Md, Ms, Ms, Ms, Ms, Ms^Xm, Ms, Ms^Xm, Ms, Ms, Ha, Hhd, Ha, Ms
Ms, Ms, Ms, Ms, Ms, Ms, Ms, Ms, Md, Md, Ms, Ms, Ha, Ha, Hhd, Ha, Ms, Ms, Ha, Ha, Ha, Ha, Hhd, Ms, Ms, Ms, Md, Ms, Ms, Ms, Md, Md, Ms, Ms, Ms, Ms, Aa^Vaa, Ha, Aa, Aa, Aa, Aa, Aa, Aa, Aa, Aa, Aa, Aa, Aa, Aa, Aa, Ms, Aa, Ms, Aa, Ms, Aa, Ms, Ha, Ms, Ms, Ms, Ms, Ha, Ha, Ha
Ms, Ms, Ms, Ms, Md, Ms, Ha, Ms, Ha, Ms, Hhd, Ha, Ha, Hhd, Ha, Ha, Ms, Ms, Md, Ms, Hhd, Ha, Ha, Ms, Ms, Ms, Ms, Ms, Ha, Ms, Ms, Ms, Aa, Ha, Aa, Aa, Aa, Aa, Aa^Fma, Aa^Fma, Aa, Aa, Aa, Aa, Re, Re, Re, Re, Re, Re, Aa, Aa, Aa, Aa, Aa, Aa, Ha, Ha, Ha, Hhd, Ms, Ms^Xm, Ms^Xm, Ms, Md, Ha
Ha, Ms, Ms, Ms, Ms, Ms, Ms^Xm, Ha, Ms, Hhd, Ha, Hhd, Ha, Ha, Hhd, Ms, Ms, Ms, Ms, Hhd, Hhd, Ha, Ms, Ms, Ms, Ms, Ms, Ha, Aa, Aa, Aa, Aa, Aa, Aa, Aa, Aa, Re, Aa, Aa^Fma, Aa^Fma, Aa^Fma, Aa, Aa, Re, Re, Re, Re, Re, Re, Re, Re, Aa, Re, Aa, Aa, Aa, Aa, Aa, Aa, Ha, Ms, Ms, Ms, Ms^Xm, Ms, Ms
Ms, Ha, Hhd, Hhd, Ms, Ms, Ms, Ms, Md, Hhd, Ha, Ha, Ms, Ha, Ms, Ms, Ms, Ms, Ms, Ms, Ms, Ms, Ms, Ms, Ms, Ms, Ms, Ha, Aa, Aa, Aa, Re, Re, Re, Aa, Aa, Aa, Aa, Aa, Aa, Re, Aa, Re, Re, Re, Re, Re, Re, Re, Re, Re, Re, Re, Re, Re, Re, Re, Aa, Aa^Vca, Aa, Aa, Ms, Ms, Ms, Ms, Ms
Ha, Ha, Ha, Hhd, Ms^Xm, Ms, Ms, Ms, Ms, Ms, Ms, Ms, Ms, Ms, Ms, Ms, Ms^Xm, Md, Ms, Ms, Ms, Ms, Ms, Ms, Ms, Ms, Ms, Ha, Ha, Aa, Aa, Aa, Aa, Re, Re, Re, Re, Re, Re, Re, Re, Re, Re, Re, Re, Re, Aa, Aa, Aa, Re, Re, Re, Re, Re, Aa, Re, Re, Re, Re, Aa, Aa, Aa, Aa, Aa, Aa, Ms
Ms, Ms, Ms, Ms, Ms, Ms^Xm, Ms, Ms, Ms, Ms, Ms, Ms, Ms, Ms, Ms, Ms, Ms, Ms, Ms, Ms, Ms, Hhd, Ha, Ms, Ha, Ms, Ms, Ms, Ms, Ha, Aa, Aa, Re, Re, Aa, Re, Re, Re, Aa, Re, Re, Aa, Re, Re, Re, Aa, Aa, Aa, Re, Aa, Aa, Re, Aa, Re, Re, Re, Re, Re, Re, Re^Vct, Re, Re, Re, Re^Vct, Aa, Aa
Ms, Ms, Ms, Ms, Ms, Ms, Ms, Ms, Ms, Ms, Ms, Ms, Ms, Ms, Md, Md, Ms, Ms, Ms, Ms, Ms, Ha, Ha, Ha, Ha, Ms, Hhd, Ms, Ms, Aa, Aa, Aa, Re, Aa, Aa, Aa, Aa, Aa, Aa, Aa, Aa, Aa, Aa, Aa, Aa, Aa, Aa, Aa, Aa, Aa, Hhd, Aa, Aa, Aa, Aa, Aa^Voa, Aa, Re, Re, Re, Ce, Ce, Ce, Re, Re, Re
Ms, Ms, Ms, Ms, Ms, Ms, Ms, Ms, Hhd, Ms, Ms, Ms, Ms, Ms, Ms, Ms, Hhd, Hhd, Re, Ha, Hhd, Hhd, Hhd, Re, Ha, Ha, Ha, Ha, Ms, Ms, Aa, Aa, Aa, Aa, Ms, Aa, Aa, Aa, Aa, Aa, Aa, Aa, Aa, Aa, Aa, Aa, Aa^Fma, Aa, Aa^Fma, Ha^Fma, Ha^Fma, Ha^Fma, Hhd, Aa, Ha, Aa, Aa, Aa, Aa, Re, Ce, 1 Ke, Ce, Re, Re, Re
Ms, Ms, Aa^Fma, Ms, Aa^Fma, Ms, Aa^Fma, Hhd, Aa, Ha, Ms, Ms, Ms, Ms, Ha, Ms, Hhd, Re, Ha, Md, Ms, Ms, Ms, Ms, Ms, Ms, Ha, Md, Ha, Ms, Ms, Aa, Ms, Ms, Ms, Ms, Ms, Aa, Aa, Ha, Hhd, Re, Aa, Aa, Aa, Aa^Fma, Aa^Fma, Aa^Fma, Ha, Ha^Vhha, Ha, Hhd, Ha, Ha, Ms, Ms, Ms, Aa, Aa, Aa, Ce, Ce, Aa, Aa^Voa, Aa, Re
Aa^Fma, Aa^Fma, Aa^Fma, Aa^Fma, Aa^Fma, Ha^Fma, Ha^Fma, Ha, Aa, Ha, Hhd, Aa, Ha, Re, Re, Hhd, Ms, Ms, Ms, Ms, Ms, Ms, Ms, Ms, Ms, Ms, Ha, Ms, Ms, Ms^Xm, Ms, Ms, Ms, Ms, Ms, Ms, Ms, Ms, Ms, Ha, Ha, Hhd, Ha, Ha, Ha, Ha^Fma, Ha^Fma, Hhd, Ha, Ha, Ha, Ha, Ms, Ms, Ms, Ms, Ms, Ms, Ms, Aa, Aa, Aa, Aa, Aa, Aa, Aa
Aa, Aa^Fma, Aa^Fma, Ha^Fma, Aa^Fma, Aa, Aa^Fma, Aa^Fma, Ha, Aa, Re, Re, Ms, Ms, Ms, Ms, Ms, Ms, Ms, Ms, Md, Md, Ms, Ms, Ms^Xm, Ha, Md, Ms, Ms, Ms, Ms, Ms, Ms, Ms, Ha, Md, Ha, Ms, Ms, Ms, Ms, Ha, Ms, Ha, Ha, Ha, Ms, Ms, Ms, Ms, Md, Ms, Ms, Ms, Ms^Xm, Ms, Ms, Ms, Ms, Ms, Aa, Aa, Ms, Aa, Aa, Aa
Aa, Aa, Aa^Fma, Aa^Fma, Aa^Fma, Aa^Fma, Aa^Vaa, Re, Re, Re, Ha, Ha, Aa, Ms, Ms, Ms, Ms, Hhd, Ms, Ms, Ms^Vhha, Hhd, Ms, Ms^Xm, Ms, Ms^Xm, Ms^Xm, Ms, Ms, Ms, Ms, Ms, Ms, Ms, Ha, Ha, Ha, Ms, Ms, Ms, Ms, Ms, Ms, Ha, Ms, Ms, Ms, Ms, Ms, Ms, Md, Md, Ms, Ms^Xm, Ms^Xm, Ms^Xm, Ms, Ms^Xm, Ms, Ms, Ms, Ms, Ms, Ms, Ms, Aa
Aa, Aa, Aa, Aa^Fma, Re, Re, Re, Re, Re, Aa^Vaa, Ha, Hhd, Ha, Ha, Ha, Ms, Ms, Ms, Ms, Ms, Ms, Ms, Ms, Ms, Md, Ms, Ms, Ms, Ms, Ms, Ms, Ms, Hhd, Ms, Ha, Ha, Ha, Ha, Ms, Ms, Ms, Ms, Ms, Ms, Ms, Ms, Ms, Ms, Ms, Ms^Xm, Ms, Ms, Md, Ms, Ha^Vaa, Ms, Ms, Ms, Ha, Ms, Ms, Ms, Md, Ms, Ms, Ms
Aa, Aa, Re, Re, Aa, Re, Ha, Aa^Vaa, Aa, Ha, Ha, Hhd, Aa, Ha, Ms, Ms, Ms, Ms, Hhd, Ms, Ms^Xm, Ms, Ms, Ms, Ms, Md, Md, Hhd, Ms^Xm, Ms, Ms, Ms, Ha, Ha, Ha, Ha, Ha, Ms, Ms, Md, Ms, Ms, Ms, Ha, Hhd, Md, Ms, Ms^Xm, Ms^Xm, Ms^Xm, Ms, Ms, Ms, Ms, Hhd, Ms, Ms, Ms^Xm, Ms, Hhd, Ms, Ms, Ha, Ms, Ms, Ms
Aa, Aa, Re, Aa, Aa, Aa, Aa, Ha, Aa, Aa, Aa, Aa, Ha, Ha, Ha, Ms, Ms, Hhd, Hhd, Ms, Ms, Ms, Ms, Ms, Ms, Md, Ms, Ms, Ms, Ms, Ms, Ms, Ms, Ha, Ha, Ha, Ms, Ms, Ms, Ms, Ms, Ms, Ms, Ms, Ms, Ms, Ms, Ms, Ms, Ms, Ms, Ha, Ha, Ha, Ha, Ha, Ha, Ms, Ms, Ms, Ha, Ha, Ha, Ha, Ha, Ms
Aa, Re, Re, Aa, Aa, Aa, Aa, Aa, Aa, Aa, Ha, Aa, Ha, Ha, Ha, Ha, Ms, Ms, Ms, Ms, Ms, Ms, Ms, Ms, Ms, Ms, Ms, Ms, Ms, Ms, Ms, Ms, Ms, Ms, Ms, Ms, Ms, Ms, Ms, Ms, Ms, Ms, Ms, Ms, Ms, Ms, Ms, Ms, Ms, Ms, Ms, Ha, Ms, Ha, Ha, Ha, Ms, Ha, Ms, Ms, Ms, Ms, Ms, Ha, Ha, Ha
